Archive member included to satisfy reference by file (symbol)

c:/users/karol/appdata/roaming/code/user/globalstorage/bmd.stm32-for-vscode/@xpack-dev-tools/arm-none-eabi-gcc/12.3.1-1.2.1/.content/bin/../lib/gcc/arm-none-eabi/12.3.1/../../../../arm-none-eabi/lib/thumb/v7e-m+fp/hard\libc_nano.a(libc_a-atexit.o)
                              c:/users/karol/appdata/roaming/code/user/globalstorage/bmd.stm32-for-vscode/@xpack-dev-tools/arm-none-eabi-gcc/12.3.1-1.2.1/.content/bin/../lib/gcc/arm-none-eabi/12.3.1/../../../../arm-none-eabi/lib/thumb/v7e-m+fp/hard/crt0.o (atexit)
c:/users/karol/appdata/roaming/code/user/globalstorage/bmd.stm32-for-vscode/@xpack-dev-tools/arm-none-eabi-gcc/12.3.1-1.2.1/.content/bin/../lib/gcc/arm-none-eabi/12.3.1/../../../../arm-none-eabi/lib/thumb/v7e-m+fp/hard\libc_nano.a(libc_a-exit.o)
                              c:/users/karol/appdata/roaming/code/user/globalstorage/bmd.stm32-for-vscode/@xpack-dev-tools/arm-none-eabi-gcc/12.3.1-1.2.1/.content/bin/../lib/gcc/arm-none-eabi/12.3.1/../../../../arm-none-eabi/lib/thumb/v7e-m+fp/hard/crt0.o (exit)
c:/users/karol/appdata/roaming/code/user/globalstorage/bmd.stm32-for-vscode/@xpack-dev-tools/arm-none-eabi-gcc/12.3.1-1.2.1/.content/bin/../lib/gcc/arm-none-eabi/12.3.1/../../../../arm-none-eabi/lib/thumb/v7e-m+fp/hard\libc_nano.a(libc_a-findfp.o)
                              build/tasks.o (__sf)
c:/users/karol/appdata/roaming/code/user/globalstorage/bmd.stm32-for-vscode/@xpack-dev-tools/arm-none-eabi-gcc/12.3.1-1.2.1/.content/bin/../lib/gcc/arm-none-eabi/12.3.1/../../../../arm-none-eabi/lib/thumb/v7e-m+fp/hard\libc_nano.a(libc_a-fwalk.o)
                              c:/users/karol/appdata/roaming/code/user/globalstorage/bmd.stm32-for-vscode/@xpack-dev-tools/arm-none-eabi-gcc/12.3.1-1.2.1/.content/bin/../lib/gcc/arm-none-eabi/12.3.1/../../../../arm-none-eabi/lib/thumb/v7e-m+fp/hard\libc_nano.a(libc_a-findfp.o) (_fwalk_sglue)
c:/users/karol/appdata/roaming/code/user/globalstorage/bmd.stm32-for-vscode/@xpack-dev-tools/arm-none-eabi-gcc/12.3.1-1.2.1/.content/bin/../lib/gcc/arm-none-eabi/12.3.1/../../../../arm-none-eabi/lib/thumb/v7e-m+fp/hard\libc_nano.a(libc_a-stdio.o)
                              c:/users/karol/appdata/roaming/code/user/globalstorage/bmd.stm32-for-vscode/@xpack-dev-tools/arm-none-eabi-gcc/12.3.1-1.2.1/.content/bin/../lib/gcc/arm-none-eabi/12.3.1/../../../../arm-none-eabi/lib/thumb/v7e-m+fp/hard\libc_nano.a(libc_a-findfp.o) (__sread)
c:/users/karol/appdata/roaming/code/user/globalstorage/bmd.stm32-for-vscode/@xpack-dev-tools/arm-none-eabi-gcc/12.3.1-1.2.1/.content/bin/../lib/gcc/arm-none-eabi/12.3.1/../../../../arm-none-eabi/lib/thumb/v7e-m+fp/hard\libc_nano.a(libc_a-memset.o)
                              c:/users/karol/appdata/roaming/code/user/globalstorage/bmd.stm32-for-vscode/@xpack-dev-tools/arm-none-eabi-gcc/12.3.1-1.2.1/.content/bin/../lib/gcc/arm-none-eabi/12.3.1/../../../../arm-none-eabi/lib/thumb/v7e-m+fp/hard/crt0.o (memset)
c:/users/karol/appdata/roaming/code/user/globalstorage/bmd.stm32-for-vscode/@xpack-dev-tools/arm-none-eabi-gcc/12.3.1-1.2.1/.content/bin/../lib/gcc/arm-none-eabi/12.3.1/../../../../arm-none-eabi/lib/thumb/v7e-m+fp/hard\libc_nano.a(libc_a-closer.o)
                              c:/users/karol/appdata/roaming/code/user/globalstorage/bmd.stm32-for-vscode/@xpack-dev-tools/arm-none-eabi-gcc/12.3.1-1.2.1/.content/bin/../lib/gcc/arm-none-eabi/12.3.1/../../../../arm-none-eabi/lib/thumb/v7e-m+fp/hard\libc_nano.a(libc_a-stdio.o) (_close_r)
c:/users/karol/appdata/roaming/code/user/globalstorage/bmd.stm32-for-vscode/@xpack-dev-tools/arm-none-eabi-gcc/12.3.1-1.2.1/.content/bin/../lib/gcc/arm-none-eabi/12.3.1/../../../../arm-none-eabi/lib/thumb/v7e-m+fp/hard\libc_nano.a(libc_a-reent.o)
                              build/tasks.o (_reclaim_reent)
c:/users/karol/appdata/roaming/code/user/globalstorage/bmd.stm32-for-vscode/@xpack-dev-tools/arm-none-eabi-gcc/12.3.1-1.2.1/.content/bin/../lib/gcc/arm-none-eabi/12.3.1/../../../../arm-none-eabi/lib/thumb/v7e-m+fp/hard\libc_nano.a(libc_a-impure.o)
                              build/tasks.o (_impure_ptr)
c:/users/karol/appdata/roaming/code/user/globalstorage/bmd.stm32-for-vscode/@xpack-dev-tools/arm-none-eabi-gcc/12.3.1-1.2.1/.content/bin/../lib/gcc/arm-none-eabi/12.3.1/../../../../arm-none-eabi/lib/thumb/v7e-m+fp/hard\libc_nano.a(libc_a-lseekr.o)
                              c:/users/karol/appdata/roaming/code/user/globalstorage/bmd.stm32-for-vscode/@xpack-dev-tools/arm-none-eabi-gcc/12.3.1-1.2.1/.content/bin/../lib/gcc/arm-none-eabi/12.3.1/../../../../arm-none-eabi/lib/thumb/v7e-m+fp/hard\libc_nano.a(libc_a-stdio.o) (_lseek_r)
c:/users/karol/appdata/roaming/code/user/globalstorage/bmd.stm32-for-vscode/@xpack-dev-tools/arm-none-eabi-gcc/12.3.1-1.2.1/.content/bin/../lib/gcc/arm-none-eabi/12.3.1/../../../../arm-none-eabi/lib/thumb/v7e-m+fp/hard\libc_nano.a(libc_a-readr.o)
[...]
Memory Configuration

Name             Origin             Length             Attributes
RAM              0x20000000         0x00050000         xrw
RAM2             0x10000000         0x00010000         xrw
FLASH            0x08000000         0x00100000         xr
*default*        0x00000000         0xffffffff

Linker script and memory map

LOAD c:/users/karol/appdata/roaming/code/user/globalstorage/bmd.stm32-for-vscode/@xpack-dev-tools/arm-none-eabi-gcc/12.3.1-1.2.1/.content/bin/../lib/gcc/arm-none-eabi/12.3.1/thumb/v7e-m+fp/hard/crti.o
LOAD c:/users/karol/appdata/roaming/code/user/globalstorage/bmd.stm32-for-vscode/@xpack-dev-tools/arm-none-eabi-gcc/12.3.1-1.2.1/.content/bin/../lib/gcc/arm-none-eabi/12.3.1/thumb/v7e-m+fp/hard/crtbegin.o
LOAD c:/users/karol/appdata/roaming/code/user/globalstorage/bmd.stm32-for-vscode/@xpack-dev-tools/arm-none-eabi-gcc/12.3.1-1.2.1/.content/bin/../lib/gcc/arm-none-eabi/12.3.1/../../../../arm-none-eabi/lib/thumb/v7e-m+fp/hard/crt0.o
LOAD build/adc.o
LOAD build/can.o
LOAD build/canhandler.o
LOAD build/dma.o
LOAD build/freertos.o
LOAD build/gpio.o
LOAD build/main.o
LOAD build/pwmdrv.o
LOAD build/stm32l4xx_hal_msp.o
LOAD build/stm32l4xx_hal_timebase_tim.o
LOAD build/stm32l4xx_it.o
LOAD build/syscalls.o
LOAD build/sysmem.o
LOAD build/system_stm32l4xx.o
LOAD build/tim.o
LOAD build/stm32l4xx_hal.o
LOAD build/stm32l4xx_hal_adc.o
LOAD build/stm32l4xx_hal_adc_ex.o
LOAD build/stm32l4xx_hal_can.o
LOAD build/stm32l4xx_hal_cortex.o
LOAD build/stm32l4xx_hal_dma.o
LOAD build/stm32l4xx_hal_dma_ex.o
LOAD build/stm32l4xx_hal_exti.o
LOAD build/stm32l4xx_hal_flash.o
LOAD build/stm32l4xx_hal_flash_ex.o
LOAD build/stm32l4xx_hal_flash_ramfunc.o
LOAD build/stm32l4xx_hal_gpio.o
LOAD build/stm32l4xx_hal_i2c.o
LOAD build/stm32l4xx_hal_i2c_ex.o
LOAD build/stm32l4xx_hal_pwr.o
LOAD build/stm32l4xx_hal_pwr_ex.o
LOAD build/stm32l4xx_hal_rcc.o
LOAD build/stm32l4xx_hal_rcc_ex.o
LOAD build/stm32l4xx_hal_tim.o
LOAD build/stm32l4xx_hal_tim_ex.o
LOAD build/cmsis_os2.o
LOAD build/croutine.o
LOAD build/event_groups.o
LOAD build/list.o
LOAD build/port.o
LOAD build/heap_4.o
LOAD build/queue.o
LOAD build/stream_buffer.o
LOAD build/tasks.o
LOAD build/timers.o
LOAD build/startup_stm32l496xx.o
LOAD c:/users/karol/appdata/roaming/code/user/globalstorage/bmd.stm32-for-vscode/@xpack-dev-tools/arm-none-eabi-gcc/12.3.1-1.2.1/.content/bin/../lib/gcc/arm-none-eabi/12.3.1/../../../../arm-none-eabi/lib/thumb/v7e-m+fp/hard\libc_nano.a
LOAD c:/users/karol/appdata/roaming/code/user/globalstorage/bmd.stm32-for-vscode/@xpack-dev-tools/arm-none-eabi-gcc/12.3.1-1.2.1/.content/bin/../lib/gcc/arm-none-eabi/12.3.1/../../../../arm-none-eabi/lib/thumb/v7e-m+fp/hard\libm.a
LOAD c:/users/karol/appdata/roaming/code/user/globalstorage/bmd.stm32-for-vscode/@xpack-dev-tools/arm-none-eabi-gcc/12.3.1-1.2.1/.content/bin/../lib/gcc/arm-none-eabi/12.3.1/../../../../arm-none-eabi/lib/thumb/v7e-m+fp/hard\libnosys.a
START GROUP
LOAD c:/users/karol/appdata/roaming/code/user/globalstorage/bmd.stm32-for-vscode/@xpack-dev-tools/arm-none-eabi-gcc/12.3.1-1.2.1/.content/bin/../lib/gcc/arm-none-eabi/12.3.1/thumb/v7e-m+fp/hard\libgcc.a
LOAD c:/users/karol/appdata/roaming/code/user/globalstorage/bmd.stm32-for-vscode/@xpack-dev-tools/arm-none-eabi-gcc/12.3.1-1.2.1/.content/bin/../lib/gcc/arm-none-eabi/12.3.1/../../../../arm-none-eabi/lib/thumb/v7e-m+fp/hard\libc_nano.a
END GROUP
START GROUP
LOAD c:/users/karol/appdata/roaming/code/user/globalstorage/bmd.stm32-for-vscode/@xpack-dev-tools/arm-none-eabi-gcc/12.3.1-1.2.1/.content/bin/../lib/gcc/arm-none-eabi/12.3.1/thumb/v7e-m+fp/hard\libgcc.a
LOAD c:/users/karol/appdata/roaming/code/user/globalstorage/bmd.stm32-for-vscode/@xpack-dev-tools/arm-none-eabi-gcc/12.3.1-1.2.1/.content/bin/../lib/gcc/arm-none-eabi/12.3.1/../../../../arm-none-eabi/lib/thumb/v7e-m+fp/hard\libc_nano.a
END GROUP
LOAD c:/users/karol/appdata/roaming/code/user/globalstorage/bmd.stm32-for-vscode/@xpack-dev-tools/arm-none-eabi-gcc/12.3.1-1.2.1/.content/bin/../lib/gcc/arm-none-eabi/12.3.1/thumb/v7e-m+fp/hard/crtend.o
LOAD c:/users/karol/appdata/roaming/code/user/globalstorage/bmd.stm32-for-vscode/@xpack-dev-tools/arm-none-eabi-gcc/12.3.1-1.2.1/.content/bin/../lib/gcc/arm-none-eabi/12.3.1/thumb/v7e-m+fp/hard/crtn.o
                0x20050000                        _estack = (ORIGIN (RAM) + LENGTH (RAM))
                0x00000200                        _Min_Heap_Size = 0x200
                0x00000400                        _Min_Stack_Size = 0x400

.isr_vector     0x08000000      0x1b0
                0x08000000                        . = ALIGN (0x8)
 *(.isr_vector)
 .isr_vector    0x08000000      0x1ac build/startup_stm32l496xx.o
                0x08000000                g_pfnVectors
                0x080001b0                        . = ALIGN (0x8)
 *fill*         0x080001ac        0x4 

.text           0x080001b0     0x5408
                0x080001b0                        . = ALIGN (0x8)
 *(.text)
 *(.text*)
 .text.__do_global_dtors_aux
                0x080001b0       0x24 c:/users/karol/appdata/roaming/code/user/globalstorage/bmd.stm32-for-vscode/@xpack-dev-tools/arm-none-eabi-gcc/12.3.1-1.2.1/.content/bin/../lib/gcc/arm-none-eabi/12.3.1/thumb/v7e-m+fp/hard/crtbegin.o
 .text.frame_dummy
                0x080001d4       0x1c c:/users/karol/appdata/roaming/code/user/globalstorage/bmd.stm32-for-vscode/@xpack-dev-tools/arm-none-eabi-gcc/12.3.1-1.2.1/.content/bin/../lib/gcc/arm-none-eabi/12.3.1/thumb/v7e-m+fp/hard/crtbegin.o
 .text.MX_ADC2_Init
                0x080001f0      0x164 build/adc.o
                0x080001f0                MX_ADC2_Init
 .text.HAL_ADC_MspInit
                0x08000354      0x128 build/adc.o
                0x08000354                HAL_ADC_MspInit
 .text.HAL_ADC_ConvCpltCallback
                0x0800047c       0x20 build/adc.o
                0x0800047c                HAL_ADC_ConvCpltCallback
 .text.adcStart
                0x0800049c       0x20 build/adc.o
                0x0800049c                adcStart
 .text.adcTaskStart
                0x080004bc       0x34 build/adc.o
                0x080004bc                adcTaskStart
 .text.MX_CAN1_Init
                0x080004f0       0x3c build/can.o
                0x080004f0                MX_CAN1_Init
 .text.MX_CAN2_Init
                0x0800052c       0x3c build/can.o
                0x0800052c                MX_CAN2_Init
 .text.HAL_CAN_MspInit
                0x08000568      0x104 build/can.o
                0x08000568                HAL_CAN_MspInit
 .text.can1TaskStart
                0x0800066c       0x84 build/canhandler.o
                0x0800066c                can1TaskStart
 .text.can2TaskStart
                0x080006f0       0x84 build/canhandler.o
                0x080006f0                can2TaskStart
 .text.MX_DMA_Init
                0x08000774       0x34 build/dma.o
                0x08000774                MX_DMA_Init
 .text.StartDefaultTask
                0x080007a8        0xa build/freertos.o
                0x080007a8                StartDefaultTask
 *fill*         0x080007b2        0x2 
 .text.statusTaskStart
                0x080007b4       0x18 build/freertos.o
                0x080007b4                statusTaskStart
 .text.MX_FREERTOS_Init
                0x080007cc       0x88 build/freertos.o
                0x080007cc                MX_FREERTOS_Init
 .text.MX_GPIO_Init
                0x08000854       0xa4 build/gpio.o
                0x08000854                MX_GPIO_Init
 .text.HAL_TIM_PeriodElapsedCallback
                0x080008f8       0x18 build/main.o
                0x080008f8                HAL_TIM_PeriodElapsedCallback
 .text.Error_Handler
                0x08000910        0x4 build/main.o
                0x08000910                Error_Handler
 .text.SystemClock_Config
                0x08000914       0x66 build/main.o
                0x08000914                SystemClock_Config
 .text.main     0x0800097a       0x30 build/main.o
                0x0800097a                main
 *fill*         0x080009aa        0x2 
 .text.HAL_MspInit
                0x080009ac       0x40 build/stm32l4xx_hal_msp.o
                0x080009ac                HAL_MspInit
 .text.HAL_InitTick
                0x080009ec       0xa0 build/stm32l4xx_hal_timebase_tim.o
                0x080009ec                HAL_InitTick
 .text.NMI_Handler
                0x08000a8c        0x2 build/stm32l4xx_it.o
                0x08000a8c                NMI_Handler
 .text.HardFault_Handler
                0x08000a8e        0x2 build/stm32l4xx_it.o
                0x08000a8e                HardFault_Handler
 .text.MemManage_Handler
                0x08000a90        0x2 build/stm32l4xx_it.o
                0x08000a90                MemManage_Handler
 .text.BusFault_Handler
                0x08000a92        0x2 build/stm32l4xx_it.o
                0x08000a92                BusFault_Handler
 .text.UsageFault_Handler
                0x08000a94        0x2 build/stm32l4xx_it.o
                0x08000a94                UsageFault_Handler
 .text.DebugMon_Handler
                0x08000a96        0x2 build/stm32l4xx_it.o
                0x08000a96                DebugMon_Handler
 .text.DMA1_Channel2_IRQHandler
                0x08000a98       0x10 build/stm32l4xx_it.o
                0x08000a98                DMA1_Channel2_IRQHandler
 .text.TIM6_DAC_IRQHandler
                0x08000aa8       0x10 build/stm32l4xx_it.o
                0x08000aa8                TIM6_DAC_IRQHandler
 .text.SystemInit
                0x08000ab8       0x14 build/system_stm32l4xx.o
                0x08000ab8                SystemInit
 .text.MX_TIM8_Init
                0x08000acc       0x78 build/tim.o
                0x08000acc                MX_TIM8_Init
 .text.HAL_TIM_Base_MspInit
                0x08000b44       0x2c build/tim.o
                0x08000b44                HAL_TIM_Base_MspInit
 .text.HAL_Init
                0x08000b70       0x1e build/stm32l4xx_hal.o
                0x08000b70                HAL_Init
 *fill*         0x08000b8e        0x2 
 .text.HAL_IncTick
                0x08000b90       0x18 build/stm32l4xx_hal.o
                0x08000b90                HAL_IncTick
 .text.HAL_GetTick
                0x08000ba8        0xc build/stm32l4xx_hal.o
                0x08000ba8                HAL_GetTick
 .text.LL_ADC_REG_SetSequencerRanks
                0x08000bb4       0x30 build/stm32l4xx_hal_adc.o
 .text.LL_ADC_SetChannelSamplingTime
                0x08000be4       0x2c build/stm32l4xx_hal_adc.o
 .text.HAL_ADC_Init
                0x08000c10      0x208 build/stm32l4xx_hal_adc.o
                0x08000c10                HAL_ADC_Init
 .text.HAL_ADC_ConvHalfCpltCallback
                0x08000e18        0x2 build/stm32l4xx_hal_adc.o
                0x08000e18                HAL_ADC_ConvHalfCpltCallback
 .text.ADC_DMAHalfConvCplt
                0x08000e1a        0xa build/stm32l4xx_hal_adc.o
                0x08000e1a                ADC_DMAHalfConvCplt
 .text.HAL_ADC_ErrorCallback
                0x08000e24        0x2 build/stm32l4xx_hal_adc.o
                0x08000e24                HAL_ADC_ErrorCallback
 .text.ADC_DMAConvCplt
                0x08000e26       0x88 build/stm32l4xx_hal_adc.o
                0x08000e26                ADC_DMAConvCplt
 .text.ADC_DMAError
                0x08000eae       0x1a build/stm32l4xx_hal_adc.o
                0x08000eae                ADC_DMAError
 .text.HAL_ADC_ConfigChannel
                0x08000ec8      0x460 build/stm32l4xx_hal_adc.o
                0x08000ec8                HAL_ADC_ConfigChannel
 .text.ADC_Enable
                0x08001328       0xdc build/stm32l4xx_hal_adc.o
                0x08001328                ADC_Enable
 .text.HAL_ADC_Start_DMA
                0x08001404      0x118 build/stm32l4xx_hal_adc.o
                0x08001404                HAL_ADC_Start_DMA
 .text.HAL_CAN_Init
                0x0800151c      0x14c build/stm32l4xx_hal_can.o
                0x0800151c                HAL_CAN_Init
 .text.HAL_CAN_Start
                0x08001668       0x5c build/stm32l4xx_hal_can.o
                0x08001668                HAL_CAN_Start
 .text.HAL_CAN_AddTxMessage
                0x080016c4       0xea build/stm32l4xx_hal_can.o
                0x080016c4                HAL_CAN_AddTxMessage
 *fill*         0x080017ae        0x2 
 .text.__NVIC_EnableIRQ
                0x080017b0       0x1c build/stm32l4xx_hal_cortex.o
 .text.__NVIC_SetPriority
                0x080017cc       0x28 build/stm32l4xx_hal_cortex.o
 .text.NVIC_EncodePriority
                0x080017f4       0x3e build/stm32l4xx_hal_cortex.o
 *fill*         0x08001832        0x2 
 .text.HAL_NVIC_SetPriorityGrouping
                0x08001834       0x24 build/stm32l4xx_hal_cortex.o
                0x08001834                HAL_NVIC_SetPriorityGrouping
 .text.HAL_NVIC_SetPriority
                0x08001858       0x20 build/stm32l4xx_hal_cortex.o
                0x08001858                HAL_NVIC_SetPriority
 .text.HAL_NVIC_EnableIRQ
                0x08001878        0x8 build/stm32l4xx_hal_cortex.o
                0x08001878                HAL_NVIC_EnableIRQ
 .text.DMA_SetConfig
                0x08001880       0x32 build/stm32l4xx_hal_dma.o
 *fill*         0x080018b2        0x2 
 .text.HAL_DMA_Init
                0x080018b4      0x108 build/stm32l4xx_hal_dma.o
                0x080018b4                HAL_DMA_Init
 .text.HAL_DMA_Start_IT
                0x080019bc       0x76 build/stm32l4xx_hal_dma.o
                0x080019bc                HAL_DMA_Start_IT
 .text.HAL_DMA_IRQHandler
                0x08001a32       0xc4 build/stm32l4xx_hal_dma.o
                0x08001a32                HAL_DMA_IRQHandler
 *fill*         0x08001af6        0x2 
 .text.HAL_GPIO_Init
                0x08001af8      0x1f0 build/stm32l4xx_hal_gpio.o
                0x08001af8                HAL_GPIO_Init
 .text.HAL_GPIO_WritePin
                0x08001ce8        0xa build/stm32l4xx_hal_gpio.o
                0x08001ce8                HAL_GPIO_WritePin
 .text.HAL_GPIO_TogglePin
                0x08001cf2       0x12 build/stm32l4xx_hal_gpio.o
                0x08001cf2                HAL_GPIO_TogglePin
 .text.HAL_PWREx_GetVoltageRange
                0x08001d04       0x10 build/stm32l4xx_hal_pwr_ex.o
                0x08001d04                HAL_PWREx_GetVoltageRange
 .text.HAL_PWREx_ControlVoltageScaling
                0x08001d14       0x90 build/stm32l4xx_hal_pwr_ex.o
                0x08001d14                HAL_PWREx_ControlVoltageScaling
 .text.RCC_SetFlashLatencyFromMSIRange
                0x08001da4       0x90 build/stm32l4xx_hal_rcc.o
 .text.HAL_RCC_GetSysClockFreq
                0x08001e34       0xb4 build/stm32l4xx_hal_rcc.o
                0x08001e34                HAL_RCC_GetSysClockFreq
 .text.HAL_RCC_OscConfig
                0x08001ee8      0x67c build/stm32l4xx_hal_rcc.o
                0x08001ee8                HAL_RCC_OscConfig
 .text.HAL_RCC_ClockConfig
                0x08002564      0x188 build/stm32l4xx_hal_rcc.o
                0x08002564                HAL_RCC_ClockConfig
 .text.HAL_RCC_GetHCLKFreq
                0x080026ec        0xc build/stm32l4xx_hal_rcc.o
                0x080026ec                HAL_RCC_GetHCLKFreq
 .text.HAL_RCC_GetPCLK1Freq
                0x080026f8       0x24 build/stm32l4xx_hal_rcc.o
                0x080026f8                HAL_RCC_GetPCLK1Freq
 .text.HAL_RCC_GetClockConfig
                0x0800271c       0x3c build/stm32l4xx_hal_rcc.o
                0x0800271c                HAL_RCC_GetClockConfig
 .text.RCCEx_PLLSAI1_Config
                0x08002758      0x16c build/stm32l4xx_hal_rcc_ex.o
 .text.RCCEx_PLLSAI2_Config
                0x080028c4      0x148 build/stm32l4xx_hal_rcc_ex.o
 .text.HAL_RCCEx_PeriphCLKConfig
                0x08002a0c      0x470 build/stm32l4xx_hal_rcc_ex.o
                0x08002a0c                HAL_RCCEx_PeriphCLKConfig
 .text.TIM_TI1_ConfigInputStage
                0x08002e7c       0x26 build/stm32l4xx_hal_tim.o
 .text.TIM_TI2_ConfigInputStage
                0x08002ea2       0x28 build/stm32l4xx_hal_tim.o
 .text.TIM_ITRx_SetConfig
                0x08002eca       0x10 build/stm32l4xx_hal_tim.o
 *fill*         0x08002eda        0x2 
 .text.HAL_TIM_Base_Start
                0x08002edc       0x84 build/stm32l4xx_hal_tim.o
                0x08002edc                HAL_TIM_Base_Start
 .text.HAL_TIM_Base_Start_IT
                0x08002f60       0x8c build/stm32l4xx_hal_tim.o
                0x08002f60                HAL_TIM_Base_Start_IT
 .text.HAL_TIM_OC_DelayElapsedCallback
                0x08002fec        0x2 build/stm32l4xx_hal_tim.o
                0x08002fec                HAL_TIM_OC_DelayElapsedCallback
 .text.HAL_TIM_IC_CaptureCallback
                0x08002fee        0x2 build/stm32l4xx_hal_tim.o
                0x08002fee                HAL_TIM_IC_CaptureCallback
 .text.HAL_TIM_PWM_PulseFinishedCallback
                0x08002ff0        0x2 build/stm32l4xx_hal_tim.o
                0x08002ff0                HAL_TIM_PWM_PulseFinishedCallback
 .text.HAL_TIM_TriggerCallback
                0x08002ff2        0x2 build/stm32l4xx_hal_tim.o
                0x08002ff2                HAL_TIM_TriggerCallback
 .text.HAL_TIM_IRQHandler
                0x08002ff4      0x19a build/stm32l4xx_hal_tim.o
                0x08002ff4                HAL_TIM_IRQHandler
 *fill*         0x0800318e        0x2 
 .text.TIM_Base_SetConfig
                0x08003190       0xc8 build/stm32l4xx_hal_tim.o
                0x08003190                TIM_Base_SetConfig
 .text.HAL_TIM_Base_Init
                0x08003258       0x60 build/stm32l4xx_hal_tim.o
                0x08003258                HAL_TIM_Base_Init
 .text.TIM_ETR_SetConfig
                0x080032b8       0x1a build/stm32l4xx_hal_tim.o
                0x080032b8                TIM_ETR_SetConfig
 *fill*         0x080032d2        0x2 
 .text.HAL_TIM_ConfigClockSource
                0x080032d4      0x100 build/stm32l4xx_hal_tim.o
                0x080032d4                HAL_TIM_ConfigClockSource
 .text.HAL_TIMEx_MasterConfigSynchronization
                0x080033d4       0x98 build/stm32l4xx_hal_tim_ex.o
                0x080033d4                HAL_TIMEx_MasterConfigSynchronization
 .text.HAL_TIMEx_CommutCallback
                0x0800346c        0x2 build/stm32l4xx_hal_tim_ex.o
                0x0800346c                HAL_TIMEx_CommutCallback
 .text.HAL_TIMEx_BreakCallback
                0x0800346e        0x2 build/stm32l4xx_hal_tim_ex.o
                0x0800346e                HAL_TIMEx_BreakCallback
 .text.HAL_TIMEx_Break2Callback
                0x08003470        0x2 build/stm32l4xx_hal_tim_ex.o
                0x08003470                HAL_TIMEx_Break2Callback
 .text.SysTick_Handler
                0x08003472       0x18 build/cmsis_os2.o
                0x08003472                SysTick_Handler
 *fill*         0x0800348a        0x2 
 .text.osKernelInitialize
                0x0800348c       0x24 build/cmsis_os2.o
                0x0800348c                osKernelInitialize
 .text.osKernelStart
                0x080034b0       0x38 build/cmsis_os2.o
                0x080034b0                osKernelStart
 .text.osThreadNew
                0x080034e8       0xbe build/cmsis_os2.o
                0x080034e8                osThreadNew
 .text.osDelay  0x080035a6       0x1c build/cmsis_os2.o
                0x080035a6                osDelay
 *fill*         0x080035c2        0x2 
 .text.vApplicationGetIdleTaskMemory
                0x080035c4       0x18 build/cmsis_os2.o
                0x080035c4                vApplicationGetIdleTaskMemory
 .text.vApplicationGetTimerTaskMemory
                0x080035dc       0x18 build/cmsis_os2.o
                0x080035dc                vApplicationGetTimerTaskMemory
 .text.vListInitialise
                0x080035f4       0x16 build/list.o
                0x080035f4                vListInitialise
 .text.vListInitialiseItem
                0x0800360a        0x6 build/list.o
                0x0800360a                vListInitialiseItem
 .text.vListInsertEnd
                0x08003610       0x16 build/list.o
                0x08003610                vListInsertEnd
 .text.vListInsert
                0x08003626       0x32 build/list.o
                0x08003626                vListInsert
 .text.uxListRemove
                0x08003658       0x26 build/list.o
                0x08003658                uxListRemove
 *fill*         0x0800367e        0x2 
 .text.prvTaskExitError
                0x08003680       0x40 build/port.o
 .text.prvPortStartFirstTask
                0x080036c0       0x28 build/port.o
 .text.vPortEnableVFP
                0x080036e8       0x14 build/port.o
 .text.pxPortInitialiseStack
                0x080036fc       0x2c build/port.o
                0x080036fc                pxPortInitialiseStack
 *fill*         0x08003728        0x8 
 .text.SVC_Handler
                0x08003730       0x24 build/port.o
                0x08003730                SVC_Handler
 .text.vPortEnterCritical
                0x08003754       0x44 build/port.o
                0x08003754                vPortEnterCritical
 .text.vPortExitCritical
                0x08003798       0x2c build/port.o
                0x08003798                vPortExitCritical
 *fill*         0x080037c4        0xc 
 .text.PendSV_Handler
                0x080037d0       0x64 build/port.o
                0x080037d0                PendSV_Handler
 .text.xPortSysTickHandler
                0x08003834       0x2c build/port.o
                0x08003834                xPortSysTickHandler
 .text.vPortSetupTimerInterrupt
                0x08003860       0x28 build/port.o
                0x08003860                vPortSetupTimerInterrupt
 .text.xPortStartScheduler
                0x08003888      0x118 build/port.o
                0x08003888                xPortStartScheduler
 .text.vPortValidateInterruptPriority
                0x080039a0       0x5c build/port.o
                0x080039a0                vPortValidateInterruptPriority
 .text.prvHeapInit
                0x080039fc       0x68 build/heap_4.o
 .text.prvInsertBlockIntoFreeList
                0x08003a64       0x64 build/heap_4.o
 .text.pvPortMalloc
                0x08003ac8      0x104 build/heap_4.o
                0x08003ac8                pvPortMalloc
 .text.vPortFree
                0x08003bcc       0x7c build/heap_4.o
                0x08003bcc                vPortFree
 .text.prvIsQueueFull
                0x08003c48       0x1e build/queue.o
 .text.prvIsQueueEmpty
                0x08003c66       0x1a build/queue.o
 .text.prvCopyDataToQueue
                0x08003c80       0x76 build/queue.o
 .text.prvCopyDataFromQueue
                0x08003cf6       0x24 build/queue.o
 .text.prvUnlockQueue
                0x08003d1a       0x6e build/queue.o
 .text.xQueueGenericReset
                0x08003d88       0x84 build/queue.o
                0x08003d88                xQueueGenericReset
 .text.prvInitialiseNewQueue
                0x08003e0c       0x22 build/queue.o
 .text.xQueueGenericCreateStatic
                0x08003e2e       0x94 build/queue.o
                0x08003e2e                xQueueGenericCreateStatic
 .text.xQueueGenericCreate
                0x08003ec2       0x48 build/queue.o
                0x08003ec2                xQueueGenericCreate
 .text.xQueueGenericSend
                0x08003f0a      0x188 build/queue.o
                0x08003f0a                xQueueGenericSend
 .text.xQueueGenericSendFromISR
                0x08004092       0xce build/queue.o
                0x08004092                xQueueGenericSendFromISR
 .text.xQueueGiveFromISR
                0x08004160       0xb2 build/queue.o
                0x08004160                xQueueGiveFromISR
 .text.xQueueReceive
                0x08004212      0x15e build/queue.o
                0x08004212                xQueueReceive
 .text.vQueueAddToRegistry
                0x08004370       0x28 build/queue.o
                0x08004370                vQueueAddToRegistry
 .text.vQueueWaitForMessageRestricted
                0x08004398       0x52 build/queue.o
                0x08004398                vQueueWaitForMessageRestricted
 *fill*         0x080043ea        0x2 
 .text.prvResetNextTaskUnblockTime
                0x080043ec       0x2c build/tasks.o
 .text.prvInitialiseNewTask
                0x08004418      0x104 build/tasks.o
 .text.prvInitialiseTaskLists
                0x0800451c       0x68 build/tasks.o
 .text.prvAddNewTaskToReadyList
                0x08004584       0xac build/tasks.o
 .text.prvDeleteTCB
                0x08004630       0x40 build/tasks.o
 .text.prvCheckTasksWaitingTermination
                0x08004670       0x4c build/tasks.o
 .text.prvIdleTask
                0x080046bc       0x28 build/tasks.o
 .text.prvAddCurrentTaskToDelayedList
                0x080046e4       0x7c build/tasks.o
 .text.xTaskCreateStatic
                0x08004760       0x7a build/tasks.o
                0x08004760                xTaskCreateStatic
 .text.xTaskCreate
                0x080047da       0x66 build/tasks.o
                0x080047da                xTaskCreate
 .text.vTaskStartScheduler
                0x08004840       0xac build/tasks.o
                0x08004840                vTaskStartScheduler
 .text.vTaskSuspendAll
                0x080048ec       0x10 build/tasks.o
                0x080048ec                vTaskSuspendAll
 .text.xTaskGetTickCount
                0x080048fc        0xc build/tasks.o
                0x080048fc                xTaskGetTickCount
 .text.xTaskIncrementTick
                0x08004908      0x118 build/tasks.o
                0x08004908                xTaskIncrementTick
 .text.xTaskResumeAll
                0x08004a20       0xf8 build/tasks.o
                0x08004a20                xTaskResumeAll
 .text.vTaskDelay
                0x08004b18       0x4c build/tasks.o
                0x08004b18                vTaskDelay
 .text.vTaskSwitchContext
                0x08004b64       0xa4 build/tasks.o
                0x08004b64                vTaskSwitchContext
 .text.vTaskSuspend
                0x08004c08       0xc4 build/tasks.o
                0x08004c08                vTaskSuspend
 .text.vTaskPlaceOnEventList
                0x08004ccc       0x30 build/tasks.o
                0x08004ccc                vTaskPlaceOnEventList
 .text.vTaskPlaceOnEventListRestricted
                0x08004cfc       0x38 build/tasks.o
                0x08004cfc                vTaskPlaceOnEventListRestricted
 .text.xTaskRemoveFromEventList
                0x08004d34       0x8c build/tasks.o
                0x08004d34                xTaskRemoveFromEventList
 .text.vTaskInternalSetTimeOutState
                0x08004dc0       0x18 build/tasks.o
                0x08004dc0                vTaskInternalSetTimeOutState
 .text.xTaskCheckForTimeOut
                0x08004dd8       0x84 build/tasks.o
                0x08004dd8                xTaskCheckForTimeOut
 .text.vTaskMissedYield
                0x08004e5c        0xc build/tasks.o
                0x08004e5c                vTaskMissedYield
 .text.xTaskGetCurrentTaskHandle
                0x08004e68        0xc build/tasks.o
                0x08004e68                xTaskGetCurrentTaskHandle
 .text.xTaskGetSchedulerState
                0x08004e74       0x20 build/tasks.o
                0x08004e74                xTaskGetSchedulerState
 .text.xTaskPriorityDisinherit
                0x08004e94       0x90 build/tasks.o
                0x08004e94                xTaskPriorityDisinherit
 .text.prvGetNextExpireTime
                0x08004f24       0x20 build/timers.o
 .text.prvInsertTimerInActiveList
                0x08004f44       0x48 build/timers.o
 .text.prvCheckForValidListAndQueue
                0x08004f8c       0x70 build/timers.o
 .text.xTimerCreateTimerTask
                0x08004ffc       0x64 build/timers.o
                0x08004ffc                xTimerCreateTimerTask
 .text.xTimerGenericCommand
                0x08005060       0x6c build/timers.o
                0x08005060                xTimerGenericCommand
 .text.prvSwitchTimerLists
                0x080050cc       0x7c build/timers.o
 .text.prvSampleTimeNow
                0x08005148       0x2c build/timers.o
 .text.prvProcessExpiredTimer
                0x08005174       0x6c build/timers.o
 .text.prvProcessTimerOrBlockTask
                0x080051e0       0x74 build/timers.o
 .text.prvProcessReceivedCommands
                0x08005254      0x10c build/timers.o
 .text.prvTimerTask
                0x08005360       0x16 build/timers.o
 *fill*         0x08005376        0x2 
 .text.Reset_Handler
                0x08005378       0x50 build/startup_stm32l496xx.o
                0x08005378                Reset_Handler
 .text.Default_Handler
                0x080053c8        0x2 build/startup_stm32l496xx.o
                0x080053c8                RTC_Alarm_IRQHandler
                0x080053c8                EXTI2_IRQHandler
                0x080053c8                TIM8_TRG_COM_IRQHandler
                0x080053c8                TIM8_CC_IRQHandler
                0x080053c8                TIM1_CC_IRQHandler
                0x080053c8                TSC_IRQHandler
                0x080053c8                TAMP_STAMP_IRQHandler
                0x080053c8                CAN2_RX1_IRQHandler
                0x080053c8                EXTI3_IRQHandler
                0x080053c8                LPTIM2_IRQHandler
                0x080053c8                DFSDM1_FLT1_IRQHandler
                0x080053c8                I2C3_ER_IRQHandler
                0x080053c8                DFSDM1_FLT2_IRQHandler
                0x080053c8                EXTI0_IRQHandler
                0x080053c8                I2C2_EV_IRQHandler
                0x080053c8                CAN1_RX0_IRQHandler
                0x080053c8                FPU_IRQHandler
                0x080053c8                TIM1_UP_TIM16_IRQHandler
                0x080053c8                CAN2_SCE_IRQHandler
                0x080053c8                ADC1_2_IRQHandler
                0x080053c8                SPI1_IRQHandler
                0x080053c8                DCMI_IRQHandler
                0x080053c8                CAN2_RX0_IRQHandler
                0x080053c8                TIM8_UP_IRQHandler
                0x080053c8                DMA2_Channel2_IRQHandler
                0x080053c8                DMA1_Channel4_IRQHandler
                0x080053c8                SAI2_IRQHandler
                0x080053c8                DFSDM1_FLT3_IRQHandler
                0x080053c8                USART3_IRQHandler
                0x080053c8                DMA1_Channel7_IRQHandler
                0x080053c8                CAN1_RX1_IRQHandler
                0x080053c8                LCD_IRQHandler
                0x080053c8                UART5_IRQHandler
                0x080053c8                ADC3_IRQHandler
                0x080053c8                TIM4_IRQHandler
                0x080053c8                DMA2_Channel1_IRQHandler
                0x080053c8                QUADSPI_IRQHandler
                0x080053c8                I2C1_EV_IRQHandler
                0x080053c8                DMA1_Channel6_IRQHandler
                0x080053c8                UART4_IRQHandler
                0x080053c8                DMA2_Channel4_IRQHandler
                0x080053c8                TIM3_IRQHandler
                0x080053c8                RCC_IRQHandler
                0x080053c8                DMA1_Channel1_IRQHandler
                0x080053c8                Default_Handler
                0x080053c8                DMA2_Channel7_IRQHandler
                0x080053c8                EXTI15_10_IRQHandler
                0x080053c8                TIM7_IRQHandler
                0x080053c8                SDMMC1_IRQHandler
                0x080053c8                CAN2_TX_IRQHandler
                0x080053c8                TIM5_IRQHandler
                0x080053c8                I2C3_EV_IRQHandler
                0x080053c8                EXTI9_5_IRQHandler
                0x080053c8                RTC_WKUP_IRQHandler
                0x080053c8                PVD_PVM_IRQHandler
                0x080053c8                SPI2_IRQHandler
                0x080053c8                CAN1_TX_IRQHandler
                0x080053c8                DMA2_Channel5_IRQHandler
                0x080053c8                CRS_IRQHandler
                0x080053c8                DMA1_Channel5_IRQHandler
                0x080053c8                EXTI4_IRQHandler
                0x080053c8                RNG_IRQHandler
                0x080053c8                TIM1_TRG_COM_TIM17_IRQHandler
                0x080053c8                DMA1_Channel3_IRQHandler
                0x080053c8                COMP_IRQHandler
                0x080053c8                WWDG_IRQHandler
                0x080053c8                I2C4_EV_IRQHandler
                0x080053c8                LPUART1_IRQHandler
                0x080053c8                DMA2_Channel6_IRQHandler
                0x080053c8                TIM2_IRQHandler
                0x080053c8                EXTI1_IRQHandler
                0x080053c8                USART2_IRQHandler
                0x080053c8                DFSDM1_FLT0_IRQHandler
                0x080053c8                I2C2_ER_IRQHandler
                0x080053c8                TIM8_BRK_IRQHandler
                0x080053c8                CAN1_SCE_IRQHandler
                0x080053c8                FLASH_IRQHandler
                0x080053c8                USART1_IRQHandler
                0x080053c8                OTG_FS_IRQHandler
                0x080053c8                SPI3_IRQHandler
                0x080053c8                I2C1_ER_IRQHandler
                0x080053c8                FMC_IRQHandler
                0x080053c8                SWPMI1_IRQHandler
                0x080053c8                LPTIM1_IRQHandler
                0x080053c8                I2C4_ER_IRQHandler
                0x080053c8                SAI1_IRQHandler
                0x080053c8                DMA2_Channel3_IRQHandler
                0x080053c8                TIM1_BRK_TIM15_IRQHandler
 .text.memset   0x080053ca       0x10 c:/users/karol/appdata/roaming/code/user/globalstorage/bmd.stm32-for-vscode/@xpack-dev-tools/arm-none-eabi-gcc/12.3.1-1.2.1/.content/bin/../lib/gcc/arm-none-eabi/12.3.1/../../../../arm-none-eabi/lib/thumb/v7e-m+fp/hard\libc_nano.a(libc_a-memset.o)
                0x080053ca                memset
 *fill*         0x080053da        0x2 
 .text._reclaim_reent
                0x080053dc       0xac c:/users/karol/appdata/roaming/code/user/globalstorage/bmd.stm32-for-vscode/@xpack-dev-tools/arm-none-eabi-gcc/12.3.1-1.2.1/.content/bin/../lib/gcc/arm-none-eabi/12.3.1/../../../../arm-none-eabi/lib/thumb/v7e-m+fp/hard\libc_nano.a(libc_a-reent.o)
                0x080053dc                _reclaim_reent
 .text.__libc_init_array
                0x08005488       0x48 c:/users/karol/appdata/roaming/code/user/globalstorage/bmd.stm32-for-vscode/@xpack-dev-tools/arm-none-eabi-gcc/12.3.1-1.2.1/.content/bin/../lib/gcc/arm-none-eabi/12.3.1/../../../../arm-none-eabi/lib/thumb/v7e-m+fp/hard\libc_nano.a(libc_a-init.o)
                0x08005488                __libc_init_array
 .text.__retarget_lock_acquire_recursive
                0x080054d0        0x2 c:/users/karol/appdata/roaming/code/user/globalstorage/bmd.stm32-for-vscode/@xpack-dev-tools/arm-none-eabi-gcc/12.3.1-1.2.1/.content/bin/../lib/gcc/arm-none-eabi/12.3.1/../../../../arm-none-eabi/lib/thumb/v7e-m+fp/hard\libc_nano.a(libc_a-lock.o)
                0x080054d0                __retarget_lock_acquire_recursive
 .text.__retarget_lock_release_recursive
                0x080054d2        0x2 c:/users/karol/appdata/roaming/code/user/globalstorage/bmd.stm32-for-vscode/@xpack-dev-tools/arm-none-eabi-gcc/12.3.1-1.2.1/.content/bin/../lib/gcc/arm-none-eabi/12.3.1/../../../../arm-none-eabi/lib/thumb/v7e-m+fp/hard\libc_nano.a(libc_a-lock.o)
                0x080054d2                __retarget_lock_release_recursive
 .text.memcpy   0x080054d4       0x1c c:/users/karol/appdata/roaming/code/user/globalstorage/bmd.stm32-for-vscode/@xpack-dev-tools/arm-none-eabi-gcc/12.3.1-1.2.1/.content/bin/../lib/gcc/arm-none-eabi/12.3.1/../../../../arm-none-eabi/lib/thumb/v7e-m+fp/hard\libc_nano.a(libc_a-memcpy-stub.o)
                0x080054d4                memcpy
 .text._free_r  0x080054f0       0x94 c:/users/karol/appdata/roaming/code/user/globalstorage/bmd.stm32-for-vscode/@xpack-dev-tools/arm-none-eabi-gcc/12.3.1-1.2.1/.content/bin/../lib/gcc/arm-none-eabi/12.3.1/../../../../arm-none-eabi/lib/thumb/v7e-m+fp/hard\libc_nano.a(libc_a-freer.o)
                0x080054f0                _free_r
 .text.__malloc_lock
                0x08005584        0xc c:/users/karol/appdata/roaming/code/user/globalstorage/bmd.stm32-for-vscode/@xpack-dev-tools/arm-none-eabi-gcc/12.3.1-1.2.1/.content/bin/../lib/gcc/arm-none-eabi/12.3.1/../../../../arm-none-eabi/lib/thumb/v7e-m+fp/hard\libc_nano.a(libc_a-mlock.o)
                0x08005584                __malloc_lock
 .text.__malloc_unlock
                0x08005590        0xc c:/users/karol/appdata/roaming/code/user/globalstorage/bmd.stm32-for-vscode/@xpack-dev-tools/arm-none-eabi-gcc/12.3.1-1.2.1/.content/bin/../lib/gcc/arm-none-eabi/12.3.1/../../../../arm-none-eabi/lib/thumb/v7e-m+fp/hard\libc_nano.a(libc_a-mlock.o)
                0x08005590                __malloc_unlock
 *(.glue_7)
 .glue_7        0x0800559c        0x0 linker stubs
 *(.glue_7t)
 .glue_7t       0x0800559c        0x0 linker stubs
 *(.eh_frame)
 .eh_frame      0x0800559c        0x0 c:/users/karol/appdata/roaming/code/user/globalstorage/bmd.stm32-for-vscode/@xpack-dev-tools/arm-none-eabi-gcc/12.3.1-1.2.1/.content/bin/../lib/gcc/arm-none-eabi/12.3.1/thumb/v7e-m+fp/hard/crtbegin.o
 *(.init)
 .init          0x0800559c        0x4 c:/users/karol/appdata/roaming/code/user/globalstorage/bmd.stm32-for-vscode/@xpack-dev-tools/arm-none-eabi-gcc/12.3.1-1.2.1/.content/bin/../lib/gcc/arm-none-eabi/12.3.1/thumb/v7e-m+fp/hard/crti.o
                0x0800559c                _init
 .init          0x080055a0        0x8 c:/users/karol/appdata/roaming/code/user/globalstorage/bmd.stm32-for-vscode/@xpack-dev-tools/arm-none-eabi-gcc/12.3.1-1.2.1/.content/bin/../lib/gcc/arm-none-eabi/12.3.1/thumb/v7e-m+fp/hard/crtn.o
 *(.fini)
 .fini          0x080055a8        0x4 c:/users/karol/appdata/roaming/code/user/globalstorage/bmd.stm32-for-vscode/@xpack-dev-tools/arm-none-eabi-gcc/12.3.1-1.2.1/.content/bin/../lib/gcc/arm-none-eabi/12.3.1/thumb/v7e-m+fp/hard/crti.o
                0x080055a8                _fini
 .fini          0x080055ac        0x8 c:/users/karol/appdata/roaming/code/user/globalstorage/bmd.stm32-for-vscode/@xpack-dev-tools/arm-none-eabi-gcc/12.3.1-1.2.1/.content/bin/../lib/gcc/arm-none-eabi/12.3.1/thumb/v7e-m+fp/hard/crtn.o
                0x080055b8                        . = ALIGN (0x8)
 *fill*         0x080055b4        0x4 
                0x080055b8                        _etext = .

.vfp11_veneer   0x080055b8        0x0
 .vfp11_veneer  0x080055b8        0x0 linker stubs

.v4_bx          0x080055b8        0x0
 .v4_bx         0x080055b8        0x0 linker stubs

.iplt           0x080055b8        0x0
 .iplt          0x080055b8        0x0 c:/users/karol/appdata/roaming/code/user/globalstorage/bmd.stm32-for-vscode/@xpack-dev-tools/arm-none-eabi-gcc/12.3.1-1.2.1/.content/bin/../lib/gcc/arm-none-eabi/12.3.1/thumb/v7e-m+fp/hard/crtbegin.o

.rodata         0x080055b8      0x150
                0x080055b8                        . = ALIGN (0x8)
 *(.rodata)
 *(.rodata*)
 .rodata.str1.4
                0x080055b8       0x38 build/freertos.o
 .rodata.adcTask_attributes
                0x080055f0       0x24 build/freertos.o
                0x080055f0                adcTask_attributes
 .rodata.can2Task_attributes
                0x08005614       0x24 build/freertos.o
                0x08005614                can2Task_attributes
 .rodata.can1Task_attributes
                0x08005638       0x24 build/freertos.o
                0x08005638                can1Task_attributes
 .rodata.statusTask_attributes
                0x0800565c       0x24 build/freertos.o
                0x0800565c                statusTask_attributes
 .rodata.defaultTask_attributes
                0x08005680       0x24 build/freertos.o
                0x08005680                defaultTask_attributes
 .rodata.MSIRangeTable
                0x080056a4       0x30 build/system_stm32l4xx.o
                0x080056a4                MSIRangeTable
 .rodata.APBPrescTable
                0x080056d4        0x8 build/system_stm32l4xx.o
                0x080056d4                APBPrescTable
 .rodata.AHBPrescTable
                0x080056dc       0x10 build/system_stm32l4xx.o
                0x080056dc                AHBPrescTable
 .rodata.vTaskStartScheduler.str1.4
                0x080056ec        0x5 build/tasks.o
 *fill*         0x080056f1        0x3 
 .rodata.prvCheckForValidListAndQueue.str1.4
                0x080056f4        0x5 build/timers.o
 *fill*         0x080056f9        0x3 
 .rodata.xTimerCreateTimerTask.str1.4
                0x080056fc        0x8 build/timers.o
                0x08005708                        . = ALIGN (0x8)
 *fill*         0x08005704        0x4 

.rel.dyn        0x08005708        0x0
 .rel.iplt      0x08005708        0x0 c:/users/karol/appdata/roaming/code/user/globalstorage/bmd.stm32-for-vscode/@xpack-dev-tools/arm-none-eabi-gcc/12.3.1-1.2.1/.content/bin/../lib/gcc/arm-none-eabi/12.3.1/thumb/v7e-m+fp/hard/crtbegin.o

.ARM.extab      0x08005708        0x0
                0x08005708                        . = ALIGN (0x8)
 *(.ARM.extab* .gnu.linkonce.armextab.*)
                0x08005708                        . = ALIGN (0x8)

.ARM            0x08005708        0x0
                0x08005708                        . = ALIGN (0x8)
                0x08005708                        __exidx_start = .
 *(.ARM.exidx*)
                0x08005708                        __exidx_end = .
                0x08005708                        . = ALIGN (0x8)

.preinit_array  0x08005708        0x0
                0x08005708                        . = ALIGN (0x8)
                0x08005708                        PROVIDE (__preinit_array_start = .)
 *(.preinit_array*)
                0x08005708                        PROVIDE (__preinit_array_end = .)
                0x08005708                        . = ALIGN (0x8)

.init_array     0x08005708        0x8
                0x08005708                        . = ALIGN (0x8)
                0x08005708                        PROVIDE (__init_array_start = .)
 *(SORT_BY_NAME(.init_array.*))
 *(.init_array*)
 .init_array    0x08005708        0x4 c:/users/karol/appdata/roaming/code/user/globalstorage/bmd.stm32-for-vscode/@xpack-dev-tools/arm-none-eabi-gcc/12.3.1-1.2.1/.content/bin/../lib/gcc/arm-none-eabi/12.3.1/thumb/v7e-m+fp/hard/crtbegin.o
                0x0800570c                        PROVIDE (__init_array_end = .)
                0x08005710                        . = ALIGN (0x8)
 *fill*         0x0800570c        0x4 

.fini_array     0x08005710        0x8
                0x08005710                        . = ALIGN (0x8)
                0x08005710                        PROVIDE (__fini_array_start = .)
 *(SORT_BY_NAME(.fini_array.*))
 *(.fini_array*)
 .fini_array    0x08005710        0x4 c:/users/karol/appdata/roaming/code/user/globalstorage/bmd.stm32-for-vscode/@xpack-dev-tools/arm-none-eabi-gcc/12.3.1-1.2.1/.content/bin/../lib/gcc/arm-none-eabi/12.3.1/thumb/v7e-m+fp/hard/crtbegin.o
                0x08005714                        PROVIDE (__fini_array_end = .)
                0x08005718                        . = ALIGN (0x8)
 *fill*         0x08005714        0x4 
                0x08005718                        _sidata = LOADADDR (.data)

.data           0x20000000       0x80 load address 0x08005718
                0x20000000                        . = ALIGN (0x8)
                0x20000000                        _sdata = .
 *(.data)
 *(.data*)
 .data.pnpCANData
                0x20000000        0x8 build/canhandler.o
                0x20000000                pnpCANData
 .data.pnpCANHeader
                0x20000008       0x18 build/canhandler.o
                0x20000008                pnpCANHeader
 .data.SystemCoreClock
                0x20000020        0x4 build/system_stm32l4xx.o
                0x20000020                SystemCoreClock
 .data.uwTickFreq
                0x20000024        0x1 build/stm32l4xx_hal.o
                0x20000024                uwTickFreq
 *fill*         0x20000025        0x3 
 .data.uwTickPrio
                0x20000028        0x4 build/stm32l4xx_hal.o
                0x20000028                uwTickPrio
 .data.uxCriticalNesting
                0x2000002c        0x4 build/port.o
 .data._impure_ptr
                0x20000030        0x4 c:/users/karol/appdata/roaming/code/user/globalstorage/bmd.stm32-for-vscode/@xpack-dev-tools/arm-none-eabi-gcc/12.3.1-1.2.1/.content/bin/../lib/gcc/arm-none-eabi/12.3.1/../../../../arm-none-eabi/lib/thumb/v7e-m+fp/hard\libc_nano.a(libc_a-impure.o)
                0x20000030                _impure_ptr
 .data._impure_data
                0x20000034       0x4c c:/users/karol/appdata/roaming/code/user/globalstorage/bmd.stm32-for-vscode/@xpack-dev-tools/arm-none-eabi-gcc/12.3.1-1.2.1/.content/bin/../lib/gcc/arm-none-eabi/12.3.1/../../../../arm-none-eabi/lib/thumb/v7e-m+fp/hard\libc_nano.a(libc_a-impure.o)
                0x20000034                _impure_data
                0x20000080                        . = ALIGN (0x8)
                0x20000080                        _edata = .

.igot.plt       0x20000080        0x0 load address 0x08005798
 .igot.plt      0x20000080        0x0 c:/users/karol/appdata/roaming/code/user/globalstorage/bmd.stm32-for-vscode/@xpack-dev-tools/arm-none-eabi-gcc/12.3.1-1.2.1/.content/bin/../lib/gcc/arm-none-eabi/12.3.1/thumb/v7e-m+fp/hard/crtbegin.o
                0x20000080                        . = ALIGN (0x4)

.bss            0x20000080     0x7610 load address 0x08005798
                0x20000080                        _sbss = .
                0x20000080                        __bss_start__ = _sbss
 *(.bss)
 *(.bss*)
 .bss.completed.1
                0x20000080        0x1 c:/users/karol/appdata/roaming/code/user/globalstorage/bmd.stm32-for-vscode/@xpack-dev-tools/arm-none-eabi-gcc/12.3.1-1.2.1/.content/bin/../lib/gcc/arm-none-eabi/12.3.1/thumb/v7e-m+fp/hard/crtbegin.o
 *fill*         0x20000081        0x3 
 .bss.object.0  0x20000084       0x18 c:/users/karol/appdata/roaming/code/user/globalstorage/bmd.stm32-for-vscode/@xpack-dev-tools/arm-none-eabi-gcc/12.3.1-1.2.1/.content/bin/../lib/gcc/arm-none-eabi/12.3.1/thumb/v7e-m+fp/hard/crtbegin.o
 .bss.xHigherPriorityTaskWoken.0
                0x2000009c        0x4 build/adc.o
 .bss.adcRawData
                0x200000a0       0x20 build/adc.o
                0x200000a0                adcRawData
 .bss.hdma_adc2
                0x200000c0       0x48 build/adc.o
                0x200000c0                hdma_adc2
 .bss.hadc2     0x20000108       0x68 build/adc.o
                0x20000108                hadc2
 .bss.adcConvReadySemaphore
                0x20000170        0x4 build/adc.o
                0x20000170                adcConvReadySemaphore
 .bss.adcTaskHandleLocal
                0x20000174        0x4 build/adc.o
                0x20000174                adcTaskHandleLocal
 .bss.HAL_RCC_CAN1_CLK_ENABLED
                0x20000178        0x4 build/can.o
 .bss.hcan2     0x2000017c       0x28 build/can.o
                0x2000017c                hcan2
 .bss.hcan1     0x200001a4       0x28 build/can.o
                0x200001a4                hcan1
 .bss.can2TxMailbox
                0x200001cc       0x10 build/canhandler.o
                0x200001cc                can2TxMailbox
 .bss.can1TxMailbox
                0x200001dc       0x10 build/canhandler.o
                0x200001dc                can1TxMailbox
 .bss.can2QueueHandle
                0x200001ec        0x4 build/canhandler.o
                0x200001ec                can2QueueHandle
 .bss.can1QueueHandle
                0x200001f0        0x4 build/canhandler.o
                0x200001f0                can1QueueHandle
 .bss.adcTaskHandle
                0x200001f4        0x4 build/freertos.o
                0x200001f4                adcTaskHandle
 .bss.can2TaskHandle
                0x200001f8        0x4 build/freertos.o
                0x200001f8                can2TaskHandle
 .bss.can1TaskHandle
                0x200001fc        0x4 build/freertos.o
                0x200001fc                can1TaskHandle
 .bss.statusTaskHandle
                0x20000200        0x4 build/freertos.o
                0x20000200                statusTaskHandle
 .bss.defaultTaskHandle
                0x20000204        0x4 build/freertos.o
                0x20000204                defaultTaskHandle
 .bss.htim6     0x20000208       0x4c build/stm32l4xx_hal_timebase_tim.o
                0x20000208                htim6
 .bss.htim8     0x20000254       0x4c build/tim.o
                0x20000254                htim8
 .bss.uwTick    0x200002a0        0x4 build/stm32l4xx_hal.o
                0x200002a0                uwTick
 .bss.Timer_Stack.0
                0x200002a4      0x400 build/cmsis_os2.o
 *fill*         0x200006a4        0x4 
 .bss.Timer_TCB.1
                0x200006a8      0x180 build/cmsis_os2.o
 .bss.Idle_Stack.2
                0x20000828      0x200 build/cmsis_os2.o
 .bss.Idle_TCB.3
                0x20000a28      0x180 build/cmsis_os2.o
 .bss.KernelState
                0x20000ba8        0x4 build/cmsis_os2.o
 .bss.ulMaxPRIGROUPValue
                0x20000bac        0x4 build/port.o
 .bss.ucMaxSysCallPriority
                0x20000bb0        0x1 build/port.o
 *fill*         0x20000bb1        0x3 
 .bss.xBlockAllocatedBit
                0x20000bb4        0x4 build/heap_4.o
 .bss.xNumberOfSuccessfulFrees
                0x20000bb8        0x4 build/heap_4.o
 .bss.xNumberOfSuccessfulAllocations
                0x20000bbc        0x4 build/heap_4.o
 .bss.xMinimumEverFreeBytesRemaining
                0x20000bc0        0x4 build/heap_4.o
 .bss.xFreeBytesRemaining
                0x20000bc4        0x4 build/heap_4.o
 .bss.pxEnd     0x20000bc8        0x4 build/heap_4.o
 .bss.xStart    0x20000bcc        0x8 build/heap_4.o
 .bss.ucHeap    0x20000bd4     0x6310 build/heap_4.o
 .bss.xQueueRegistry
                0x20006ee4       0x40 build/queue.o
                0x20006ee4                xQueueRegistry
 .bss.uxSchedulerSuspended
                0x20006f24        0x4 build/tasks.o
 .bss.xIdleTaskHandle
                0x20006f28        0x4 build/tasks.o
 .bss.xNextTaskUnblockTime
                0x20006f2c        0x4 build/tasks.o
 .bss.uxTaskNumber
                0x20006f30        0x4 build/tasks.o
 .bss.xNumOfOverflows
                0x20006f34        0x4 build/tasks.o
 .bss.xYieldPending
                0x20006f38        0x4 build/tasks.o
 .bss.xPendedTicks
                0x20006f3c        0x4 build/tasks.o
 .bss.xSchedulerRunning
                0x20006f40        0x4 build/tasks.o
 .bss.uxTopReadyPriority
                0x20006f44        0x4 build/tasks.o
 .bss.xTickCount
                0x20006f48        0x4 build/tasks.o
 .bss.uxCurrentNumberOfTasks
                0x20006f4c        0x4 build/tasks.o
 .bss.xSuspendedTaskList
                0x20006f50       0x14 build/tasks.o
 .bss.uxDeletedTasksWaitingCleanUp
                0x20006f64        0x4 build/tasks.o
 .bss.xTasksWaitingTermination
                0x20006f68       0x14 build/tasks.o
 .bss.xPendingReadyList
                0x20006f7c       0x14 build/tasks.o
 .bss.pxOverflowDelayedTaskList
                0x20006f90        0x4 build/tasks.o
 .bss.pxDelayedTaskList
                0x20006f94        0x4 build/tasks.o
 .bss.xDelayedTaskList2
                0x20006f98       0x14 build/tasks.o
 .bss.xDelayedTaskList1
                0x20006fac       0x14 build/tasks.o
 .bss.pxReadyTasksLists
                0x20006fc0      0x460 build/tasks.o
 .bss.pxCurrentTCB
                0x20007420        0x4 build/tasks.o
                0x20007420                pxCurrentTCB
 .bss.xStaticTimerQueue.0
                0x20007424       0x50 build/timers.o
 .bss.ucStaticTimerQueueStorage.1
                0x20007474       0xa0 build/timers.o
 .bss.xLastTime.2
                0x20007514        0x4 build/timers.o
 .bss.xTimerTaskHandle
                0x20007518        0x4 build/timers.o
 .bss.xTimerQueue
                0x2000751c        0x4 build/timers.o
 .bss.pxOverflowTimerList
                0x20007520        0x4 build/timers.o
 .bss.pxCurrentTimerList
                0x20007524        0x4 build/timers.o
 .bss.xActiveTimerList2
                0x20007528       0x14 build/timers.o
 .bss.xActiveTimerList1
                0x2000753c       0x14 build/timers.o
 .bss.__sf      0x20007550      0x138 c:/users/karol/appdata/roaming/code/user/globalstorage/bmd.stm32-for-vscode/@xpack-dev-tools/arm-none-eabi-gcc/12.3.1-1.2.1/.content/bin/../lib/gcc/arm-none-eabi/12.3.1/../../../../arm-none-eabi/lib/thumb/v7e-m+fp/hard\libc_nano.a(libc_a-findfp.o)
                0x20007550                __sf
 .bss.__lock___malloc_recursive_mutex
                0x20007688        0x1 c:/users/karol/appdata/roaming/code/user/globalstorage/bmd.stm32-for-vscode/@xpack-dev-tools/arm-none-eabi-gcc/12.3.1-1.2.1/.content/bin/../lib/gcc/arm-none-eabi/12.3.1/../../../../arm-none-eabi/lib/thumb/v7e-m+fp/hard\libc_nano.a(libc_a-lock.o)
                0x20007688                __lock___malloc_recursive_mutex
 *fill*         0x20007689        0x3 
 .bss.__malloc_free_list
                0x2000768c        0x4 c:/users/karol/appdata/roaming/code/user/globalstorage/bmd.stm32-for-vscode/@xpack-dev-tools/arm-none-eabi-gcc/12.3.1-1.2.1/.content/bin/../lib/gcc/arm-none-eabi/12.3.1/../../../../arm-none-eabi/lib/thumb/v7e-m+fp/hard\libc_nano.a(libc_a-mallocr.o)
                0x2000768c                __malloc_free_list
 *(COMMON)
                0x20007690                        . = ALIGN (0x4)
                0x20007690                        _ebss = .
                0x20007690                        __bss_end__ = _ebss

._user_heap_stack
                0x20007690      0x600 load address 0x08005798
                0x20007690                        . = ALIGN (0x8)
                [!provide]                        PROVIDE (end = .)
                0x20007690                        PROVIDE (_end = .)
                0x20007890                        . = (. + _Min_Heap_Size)
 *fill*         0x20007690      0x200 
                0x20007c90                        . = (. + _Min_Stack_Size)
 *fill*         0x20007890      0x400 
                0x20007c90                        . = ALIGN (0x8)

/DISCARD/
 libc.a(*)
 libm.a(*)
 libgcc.a(*)

.ARM.attributes
                0x00000000       0x30
 *(.ARM.attributes)
 .ARM.attributes
                0x00000000       0x22 c:/users/karol/appdata/roaming/code/user/globalstorage/bmd.stm32-for-vscode/@xpack-dev-tools/arm-none-eabi-gcc/12.3.1-1.2.1/.content/bin/../lib/gcc/arm-none-eabi/12.3.1/thumb/v7e-m+fp/hard/crti.o
 .ARM.attributes
                0x00000022       0x34 c:/users/karol/appdata/roaming/code/user/globalstorage/bmd.stm32-for-vscode/@xpack-dev-tools/arm-none-eabi-gcc/12.3.1-1.2.1/.content/bin/../lib/gcc/arm-none-eabi/12.3.1/thumb/v7e-m+fp/hard/crtbegin.o
 .ARM.attributes
                0x00000056       0x34 build/adc.o
 .ARM.attributes
                0x0000008a       0x34 build/can.o
 .ARM.attributes
                0x000000be       0x34 build/canhandler.o
 .ARM.attributes
                0x000000f2       0x34 build/dma.o
 .ARM.attributes
                0x00000126       0x34 build/freertos.o
 .ARM.attributes
                0x0000015a       0x34 build/gpio.o
 .ARM.attributes
                0x0000018e       0x34 build/main.o
 .ARM.attributes
                0x000001c2       0x34 build/stm32l4xx_hal_msp.o
 .ARM.attributes
                0x000001f6       0x34 build/stm32l4xx_hal_timebase_tim.o
 .ARM.attributes
                0x0000022a       0x34 build/stm32l4xx_it.o
 .ARM.attributes
                0x0000025e       0x34 build/system_stm32l4xx.o
 .ARM.attributes
                0x00000292       0x34 build/tim.o
 .ARM.attributes
                0x000002c6       0x34 build/stm32l4xx_hal.o
 .ARM.attributes
                0x000002fa       0x34 build/stm32l4xx_hal_adc.o
 .ARM.attributes
                0x0000032e       0x34 build/stm32l4xx_hal_can.o
 .ARM.attributes
                0x00000362       0x34 build/stm32l4xx_hal_cortex.o
 .ARM.attributes
                0x00000396       0x34 build/stm32l4xx_hal_dma.o
 .ARM.attributes
                0x000003ca       0x34 build/stm32l4xx_hal_gpio.o
 .ARM.attributes
                0x000003fe       0x34 build/stm32l4xx_hal_pwr_ex.o
 .ARM.attributes
                0x00000432       0x34 build/stm32l4xx_hal_rcc.o
 .ARM.attributes
                0x00000466       0x34 build/stm32l4xx_hal_rcc_ex.o
 .ARM.attributes
                0x0000049a       0x34 build/stm32l4xx_hal_tim.o
 .ARM.attributes
                0x000004ce       0x34 build/stm32l4xx_hal_tim_ex.o
 .ARM.attributes
                0x00000502       0x34 build/cmsis_os2.o
 .ARM.attributes
                0x00000536       0x34 build/list.o
 .ARM.attributes
                0x0000056a       0x34 build/port.o
 .ARM.attributes
                0x0000059e       0x34 build/heap_4.o
 .ARM.attributes
                0x000005d2       0x34 build/queue.o
 .ARM.attributes
                0x00000606       0x34 build/tasks.o
 .ARM.attributes
                0x0000063a       0x34 build/timers.o
 .ARM.attributes
                0x0000066e       0x21 build/startup_stm32l496xx.o
 .ARM.attributes
                0x0000068f       0x34 c:/users/karol/appdata/roaming/code/user/globalstorage/bmd.stm32-for-vscode/@xpack-dev-tools/arm-none-eabi-gcc/12.3.1-1.2.1/.content/bin/../lib/gcc/arm-none-eabi/12.3.1/../../../../arm-none-eabi/lib/thumb/v7e-m+fp/hard\libc_nano.a(libc_a-findfp.o)
 .ARM.attributes
                0x000006c3       0x34 c:/users/karol/appdata/roaming/code/user/globalstorage/bmd.stm32-for-vscode/@xpack-dev-tools/arm-none-eabi-gcc/12.3.1-1.2.1/.content/bin/../lib/gcc/arm-none-eabi/12.3.1/../../../../arm-none-eabi/lib/thumb/v7e-m+fp/hard\libc_nano.a(libc_a-memset.o)
 .ARM.attributes
                0x000006f7       0x34 c:/users/karol/appdata/roaming/code/user/globalstorage/bmd.stm32-for-vscode/@xpack-dev-tools/arm-none-eabi-gcc/12.3.1-1.2.1/.content/bin/../lib/gcc/arm-none-eabi/12.3.1/../../../../arm-none-eabi/lib/thumb/v7e-m+fp/hard\libc_nano.a(libc_a-reent.o)
 .ARM.attributes
                0x0000072b       0x34 c:/users/karol/appdata/roaming/code/user/globalstorage/bmd.stm32-for-vscode/@xpack-dev-tools/arm-none-eabi-gcc/12.3.1-1.2.1/.content/bin/../lib/gcc/arm-none-eabi/12.3.1/../../../../arm-none-eabi/lib/thumb/v7e-m+fp/hard\libc_nano.a(libc_a-impure.o)
 .ARM.attributes
                0x0000075f       0x34 c:/users/karol/appdata/roaming/code/user/globalstorage/bmd.stm32-for-vscode/@xpack-dev-tools/arm-none-eabi-gcc/12.3.1-1.2.1/.content/bin/../lib/gcc/arm-none-eabi/12.3.1/../../../../arm-none-eabi/lib/thumb/v7e-m+fp/hard\libc_nano.a(libc_a-init.o)
 .ARM.attributes
                0x00000793       0x34 c:/users/karol/appdata/roaming/code/user/globalstorage/bmd.stm32-for-vscode/@xpack-dev-tools/arm-none-eabi-gcc/12.3.1-1.2.1/.content/bin/../lib/gcc/arm-none-eabi/12.3.1/../../../../arm-none-eabi/lib/thumb/v7e-m+fp/hard\libc_nano.a(libc_a-lock.o)
 .ARM.attributes
                0x000007c7       0x34 c:/users/karol/appdata/roaming/code/user/globalstorage/bmd.stm32-for-vscode/@xpack-dev-tools/arm-none-eabi-gcc/12.3.1-1.2.1/.content/bin/../lib/gcc/arm-none-eabi/12.3.1/../../../../arm-none-eabi/lib/thumb/v7e-m+fp/hard\libc_nano.a(libc_a-memcpy-stub.o)
 .ARM.attributes
                0x000007fb       0x34 c:/users/karol/appdata/roaming/code/user/globalstorage/bmd.stm32-for-vscode/@xpack-dev-tools/arm-none-eabi-gcc/12.3.1-1.2.1/.content/bin/../lib/gcc/arm-none-eabi/12.3.1/../../../../arm-none-eabi/lib/thumb/v7e-m+fp/hard\libc_nano.a(libc_a-freer.o)
 .ARM.attributes
                0x0000082f       0x34 c:/users/karol/appdata/roaming/code/user/globalstorage/bmd.stm32-for-vscode/@xpack-dev-tools/arm-none-eabi-gcc/12.3.1-1.2.1/.content/bin/../lib/gcc/arm-none-eabi/12.3.1/../../../../arm-none-eabi/lib/thumb/v7e-m+fp/hard\libc_nano.a(libc_a-mallocr.o)
 .ARM.attributes
                0x00000863       0x34 c:/users/karol/appdata/roaming/code/user/globalstorage/bmd.stm32-for-vscode/@xpack-dev-tools/arm-none-eabi-gcc/12.3.1-1.2.1/.content/bin/../lib/gcc/arm-none-eabi/12.3.1/../../../../arm-none-eabi/lib/thumb/v7e-m+fp/hard\libc_nano.a(libc_a-mlock.o)
 .ARM.attributes
                0x00000897       0x22 c:/users/karol/appdata/roaming/code/user/globalstorage/bmd.stm32-for-vscode/@xpack-dev-tools/arm-none-eabi-gcc/12.3.1-1.2.1/.content/bin/../lib/gcc/arm-none-eabi/12.3.1/thumb/v7e-m+fp/hard/crtn.o
OUTPUT(build/PDMS.elf elf32-littlearm)
LOAD linker stubs
LOAD c:/users/karol/appdata/roaming/code/user/globalstorage/bmd.stm32-for-vscode/@xpack-dev-tools/arm-none-eabi-gcc/12.3.1-1.2.1/.content/bin/../lib/gcc/arm-none-eabi/12.3.1/../../../../arm-none-eabi/lib/thumb/v7e-m+fp/hard\libc.a
LOAD c:/users/karol/appdata/roaming/code/user/globalstorage/bmd.stm32-for-vscode/@xpack-dev-tools/arm-none-eabi-gcc/12.3.1-1.2.1/.content/bin/../lib/gcc/arm-none-eabi/12.3.1/../../../../arm-none-eabi/lib/thumb/v7e-m+fp/hard\libm.a
LOAD c:/users/karol/appdata/roaming/code/user/globalstorage/bmd.stm32-for-vscode/@xpack-dev-tools/arm-none-eabi-gcc/12.3.1-1.2.1/.content/bin/../lib/gcc/arm-none-eabi/12.3.1/thumb/v7e-m+fp/hard\libgcc.a

.comment        0x00000000       0x39
 .comment       0x00000000       0x39 c:/users/karol/appdata/roaming/code/user/globalstorage/bmd.stm32-for-vscode/@xpack-dev-tools/arm-none-eabi-gcc/12.3.1-1.2.1/.content/bin/../lib/gcc/arm-none-eabi/12.3.1/thumb/v7e-m+fp/hard/crtbegin.o
                                 0x3a (size before relaxing)
 .comment       0x00000039       0x3a build/adc.o
 .comment       0x00000039       0x3a build/can.o
 .comment       0x00000039       0x3a build/canhandler.o
 .comment       0x00000039       0x3a build/dma.o
 .comment       0x00000039       0x3a build/freertos.o
 .comment       0x00000039       0x3a build/gpio.o
 .comment       0x00000039       0x3a build/main.o
 .comment       0x00000039       0x3a build/stm32l4xx_hal_msp.o
 .comment       0x00000039       0x3a build/stm32l4xx_hal_timebase_tim.o
 .comment       0x00000039       0x3a build/stm32l4xx_it.o
 .comment       0x00000039       0x3a build/system_stm32l4xx.o
 .comment       0x00000039       0x3a build/tim.o
 .comment       0x00000039       0x3a build/stm32l4xx_hal.o
 .comment       0x00000039       0x3a build/stm32l4xx_hal_adc.o
 .comment       0x00000039       0x3a build/stm32l4xx_hal_can.o
 .comment       0x00000039       0x3a build/stm32l4xx_hal_cortex.o
 .comment       0x00000039       0x3a build/stm32l4xx_hal_dma.o
 .comment       0x00000039       0x3a build/stm32l4xx_hal_gpio.o
 .comment       0x00000039       0x3a build/stm32l4xx_hal_pwr_ex.o
 .comment       0x00000039       0x3a build/stm32l4xx_hal_rcc.o
 .comment       0x00000039       0x3a build/stm32l4xx_hal_rcc_ex.o
 .comment       0x00000039       0x3a build/stm32l4xx_hal_tim.o
 .comment       0x00000039       0x3a build/stm32l4xx_hal_tim_ex.o
 .comment       0x00000039       0x3a build/cmsis_os2.o
 .comment       0x00000039       0x3a build/list.o
 .comment       0x00000039       0x3a build/port.o
 .comment       0x00000039       0x3a build/heap_4.o
 .comment       0x00000039       0x3a build/queue.o
 .comment       0x00000039       0x3a build/tasks.o
 .comment       0x00000039       0x3a build/timers.o
 .comment       0x00000039       0x3a c:/users/karol/appdata/roaming/code/user/globalstorage/bmd.stm32-for-vscode/@xpack-dev-tools/arm-none-eabi-gcc/12.3.1-1.2.1/.content/bin/../lib/gcc/arm-none-eabi/12.3.1/../../../../arm-none-eabi/lib/thumb/v7e-m+fp/hard\libc_nano.a(libc_a-findfp.o)
 .comment       0x00000039       0x3a c:/users/karol/appdata/roaming/code/user/globalstorage/bmd.stm32-for-vscode/@xpack-dev-tools/arm-none-eabi-gcc/12.3.1-1.2.1/.content/bin/../lib/gcc/arm-none-eabi/12.3.1/../../../../arm-none-eabi/lib/thumb/v7e-m+fp/hard\libc_nano.a(libc_a-memset.o)
 .comment       0x00000039       0x3a c:/users/karol/appdata/roaming/code/user/globalstorage/bmd.stm32-for-vscode/@xpack-dev-tools/arm-none-eabi-gcc/12.3.1-1.2.1/.content/bin/../lib/gcc/arm-none-eabi/12.3.1/../../../../arm-none-eabi/lib/thumb/v7e-m+fp/hard\libc_nano.a(libc_a-reent.o)
 .comment       0x00000039       0x3a c:/users/karol/appdata/roaming/code/user/globalstorage/bmd.stm32-for-vscode/@xpack-dev-tools/arm-none-eabi-gcc/12.3.1-1.2.1/.content/bin/../lib/gcc/arm-none-eabi/12.3.1/../../../../arm-none-eabi/lib/thumb/v7e-m+fp/hard\libc_nano.a(libc_a-impure.o)
 .comment       0x00000039       0x3a c:/users/karol/appdata/roaming/code/user/globalstorage/bmd.stm32-for-vscode/@xpack-dev-tools/arm-none-eabi-gcc/12.3.1-1.2.1/.content/bin/../lib/gcc/arm-none-eabi/12.3.1/../../../../arm-none-eabi/lib/thumb/v7e-m+fp/hard\libc_nano.a(libc_a-init.o)
 .comment       0x00000039       0x3a c:/users/karol/appdata/roaming/code/user/globalstorage/bmd.stm32-for-vscode/@xpack-dev-tools/arm-none-eabi-gcc/12.3.1-1.2.1/.content/bin/../lib/gcc/arm-none-eabi/12.3.1/../../../../arm-none-eabi/lib/thumb/v7e-m+fp/hard\libc_nano.a(libc_a-lock.o)
 .comment       0x00000039       0x3a c:/users/karol/appdata/roaming/code/user/globalstorage/bmd.stm32-for-vscode/@xpack-dev-tools/arm-none-eabi-gcc/12.3.1-1.2.1/.content/bin/../lib/gcc/arm-none-eabi/12.3.1/../../../../arm-none-eabi/lib/thumb/v7e-m+fp/hard\libc_nano.a(libc_a-memcpy-stub.o)
 .comment       0x00000039       0x3a c:/users/karol/appdata/roaming/code/user/globalstorage/bmd.stm32-for-vscode/@xpack-dev-tools/arm-none-eabi-gcc/12.3.1-1.2.1/.content/bin/../lib/gcc/arm-none-eabi/12.3.1/../../../../arm-none-eabi/lib/thumb/v7e-m+fp/hard\libc_nano.a(libc_a-freer.o)
 .comment       0x00000039       0x3a c:/users/karol/appdata/roaming/code/user/globalstorage/bmd.stm32-for-vscode/@xpack-dev-tools/arm-none-eabi-gcc/12.3.1-1.2.1/.content/bin/../lib/gcc/arm-none-eabi/12.3.1/../../../../arm-none-eabi/lib/thumb/v7e-m+fp/hard\libc_nano.a(libc_a-mallocr.o)
 .comment       0x00000039       0x3a c:/users/karol/appdata/roaming/code/user/globalstorage/bmd.stm32-for-vscode/@xpack-dev-tools/arm-none-eabi-gcc/12.3.1-1.2.1/.content/bin/../lib/gcc/arm-none-eabi/12.3.1/../../../../arm-none-eabi/lib/thumb/v7e-m+fp/hard\libc_nano.a(libc_a-mlock.o)

.debug_info     0x00000000    0x24ad4
 .debug_info    0x00000000     0x1743 build/adc.o
 .debug_info    0x00001743      0xa2b build/can.o
 .debug_info    0x0000216e      0x919 build/canhandler.o
 .debug_info    0x00002a87      0x57d build/dma.o
 .debug_info    0x00003004      0x62e build/freertos.o
 .debug_info    0x00003632      0x4e9 build/gpio.o
 .debug_info    0x00003b1b      0xa85 build/main.o
 .debug_info    0x000045a0      0x575 build/stm32l4xx_hal_msp.o
 .debug_info    0x00004b15      0xd73 build/stm32l4xx_hal_timebase_tim.o
 .debug_info    0x00005888      0x710 build/stm32l4xx_it.o
 .debug_info    0x00005f98      0x5e7 build/system_stm32l4xx.o
 .debug_info    0x0000657f      0xaad build/tim.o
 .debug_info    0x0000702c      0xc06 build/stm32l4xx_hal.o
 .debug_info    0x00007c32     0x32f7 build/stm32l4xx_hal_adc.o
 .debug_info    0x0000af29     0x11dc build/stm32l4xx_hal_can.o
 .debug_info    0x0000c105      0xfb3 build/stm32l4xx_hal_cortex.o
 .debug_info    0x0000d0b8      0x7fc build/stm32l4xx_hal_dma.o
 .debug_info    0x0000d8b4      0x7a1 build/stm32l4xx_hal_gpio.o
 .debug_info    0x0000e055      0xa44 build/stm32l4xx_hal_pwr_ex.o
 .debug_info    0x0000ea99      0xed0 build/stm32l4xx_hal_rcc.o
 .debug_info    0x0000f969     0x1507 build/stm32l4xx_hal_rcc_ex.o
 .debug_info    0x00010e70     0x3c88 build/stm32l4xx_hal_tim.o
 .debug_info    0x00014af8     0x1ccc build/stm32l4xx_hal_tim_ex.o
 .debug_info    0x000167c4     0x544d build/cmsis_os2.o
 .debug_info    0x0001bc11      0x2bf build/list.o
 .debug_info    0x0001bed0      0x55a build/port.o
 .debug_info    0x0001c42a      0x593 build/heap_4.o
 .debug_info    0x0001c9bd     0x2775 build/queue.o
 .debug_info    0x0001f132     0x379f build/tasks.o
 .debug_info    0x000228d1     0x21d3 build/timers.o
 .debug_info    0x00024aa4       0x30 build/startup_stm32l496xx.o

.debug_abbrev   0x00000000     0x49f2
 .debug_abbrev  0x00000000      0x2cf build/adc.o
 .debug_abbrev  0x000002cf      0x233 build/can.o
 .debug_abbrev  0x00000502      0x22e build/canhandler.o
 .debug_abbrev  0x00000730      0x119 build/dma.o
 .debug_abbrev  0x00000849      0x1d6 build/freertos.o
 .debug_abbrev  0x00000a1f      0x164 build/gpio.o
 .debug_abbrev  0x00000b83      0x249 build/main.o
 .debug_abbrev  0x00000dcc      0x10e build/stm32l4xx_hal_msp.o
 .debug_abbrev  0x00000eda      0x232 build/stm32l4xx_hal_timebase_tim.o
 .debug_abbrev  0x0000110c      0x18c build/stm32l4xx_it.o
 .debug_abbrev  0x00001298      0x11e build/system_stm32l4xx.o
 .debug_abbrev  0x000013b6      0x1f3 build/tim.o
 .debug_abbrev  0x000015a9      0x267 build/stm32l4xx_hal.o
 .debug_abbrev  0x00001810      0x2ff build/stm32l4xx_hal_adc.o
 .debug_abbrev  0x00001b0f      0x2b4 build/stm32l4xx_hal_can.o
 .debug_abbrev  0x00001dc3      0x39b build/stm32l4xx_hal_cortex.o
 .debug_abbrev  0x0000215e      0x21d build/stm32l4xx_hal_dma.o
 .debug_abbrev  0x0000237b      0x1f9 build/stm32l4xx_hal_gpio.o
 .debug_abbrev  0x00002574      0x215 build/stm32l4xx_hal_pwr_ex.o
 .debug_abbrev  0x00002789      0x2ab build/stm32l4xx_hal_rcc.o
 .debug_abbrev  0x00002a34      0x2a8 build/stm32l4xx_hal_rcc_ex.o
 .debug_abbrev  0x00002cdc      0x271 build/stm32l4xx_hal_tim.o
 .debug_abbrev  0x00002f4d      0x26f build/stm32l4xx_hal_tim_ex.o
 .debug_abbrev  0x000031bc      0x602 build/cmsis_os2.o
 .debug_abbrev  0x000037be      0x10a build/list.o
 .debug_abbrev  0x000038c8      0x293 build/port.o
 .debug_abbrev  0x00003b5b      0x263 build/heap_4.o
 .debug_abbrev  0x00003dbe      0x3ea build/queue.o
 .debug_abbrev  0x000041a8      0x45f build/tasks.o
 .debug_abbrev  0x00004607      0x3c7 build/timers.o
 .debug_abbrev  0x000049ce       0x24 build/startup_stm32l496xx.o

.debug_loclists
                0x00000000    0x1029b
 .debug_loclists
                0x00000000       0x6d build/adc.o
 .debug_loclists
                0x0000006d       0x8a build/can.o
 .debug_loclists
                0x000000f7       0x3c build/canhandler.o
 .debug_loclists
                0x00000133       0x3a build/freertos.o
 .debug_loclists
                0x0000016d       0x34 build/main.o
 .debug_loclists
                0x000001a1       0x93 build/stm32l4xx_hal_timebase_tim.o
 .debug_loclists
                0x00000234       0xb5 build/system_stm32l4xx.o
 .debug_loclists
                0x000002e9      0x12f build/stm32l4xx_hal.o
 .debug_loclists
                0x00000418     0x17d3 build/stm32l4xx_hal_adc.o
 .debug_loclists
                0x00001beb      0x85b build/stm32l4xx_hal_can.o
 .debug_loclists
                0x00002446      0x439 build/stm32l4xx_hal_cortex.o
 .debug_loclists
                0x0000287f      0x4e5 build/stm32l4xx_hal_dma.o
 .debug_loclists
                0x00002d64      0x267 build/stm32l4xx_hal_gpio.o
 .debug_loclists
                0x00002fcb      0x63f build/stm32l4xx_hal_pwr_ex.o
 .debug_loclists
                0x0000360a      0x558 build/stm32l4xx_hal_rcc.o
 .debug_loclists
                0x00003b62     0x142b build/stm32l4xx_hal_rcc_ex.o
 .debug_loclists
                0x00004f8d     0x364a build/stm32l4xx_hal_tim.o
 .debug_loclists
                0x000085d7     0x1784 build/stm32l4xx_hal_tim_ex.o
 .debug_loclists
                0x00009d5b     0x31d5 build/cmsis_os2.o
 .debug_loclists
                0x0000cf30       0x6f build/list.o
 .debug_loclists
                0x0000cf9f       0xbb build/port.o
 .debug_loclists
                0x0000d05a      0x2ab build/heap_4.o
 .debug_loclists
                0x0000d305      0xfbc build/queue.o
 .debug_loclists
                0x0000e2c1     0x159a build/tasks.o
 .debug_loclists
                0x0000f85b      0xa40 build/timers.o

.debug_aranges  0x00000000     0x17f8
 .debug_aranges
                0x00000000       0x48 build/adc.o
 .debug_aranges
                0x00000048       0x38 build/can.o
 .debug_aranges
                0x00000080       0x28 build/canhandler.o
 .debug_aranges
                0x000000a8       0x20 build/dma.o
 .debug_aranges
                0x000000c8       0x30 build/freertos.o
 .debug_aranges
                0x000000f8       0x20 build/gpio.o
 .debug_aranges
                0x00000118       0x38 build/main.o
 .debug_aranges
                0x00000150       0x20 build/stm32l4xx_hal_msp.o
 .debug_aranges
                0x00000170       0x30 build/stm32l4xx_hal_timebase_tim.o
 .debug_aranges
                0x000001a0       0x58 build/stm32l4xx_it.o
 .debug_aranges
                0x000001f8       0x28 build/system_stm32l4xx.o
 .debug_aranges
                0x00000220       0x30 build/tim.o
 .debug_aranges
                0x00000250      0x130 build/stm32l4xx_hal.o
 .debug_aranges
                0x00000380      0x110 build/stm32l4xx_hal_adc.o
 .debug_aranges
                0x00000490      0x138 build/stm32l4xx_hal_can.o
 .debug_aranges
                0x000005c8       0xe0 build/stm32l4xx_hal_cortex.o
 .debug_aranges
                0x000006a8       0x80 build/stm32l4xx_hal_dma.o
 .debug_aranges
                0x00000728       0x58 build/stm32l4xx_hal_gpio.o
 .debug_aranges
                0x00000780      0x150 build/stm32l4xx_hal_pwr_ex.o
 .debug_aranges
                0x000008d0       0x90 build/stm32l4xx_hal_rcc.o
 .debug_aranges
                0x00000960      0x108 build/stm32l4xx_hal_rcc_ex.o
 .debug_aranges
                0x00000a68      0x3e0 build/stm32l4xx_hal_tim.o
 .debug_aranges
                0x00000e48      0x180 build/stm32l4xx_hal_tim_ex.o
 .debug_aranges
                0x00000fc8      0x2a0 build/cmsis_os2.o
 .debug_aranges
                0x00001268       0x40 build/list.o
 .debug_aranges
                0x000012a8       0x80 build/port.o
 .debug_aranges
                0x00001328       0x58 build/heap_4.o
 .debug_aranges
                0x00001380      0x158 build/queue.o
 .debug_aranges
                0x000014d8      0x208 build/tasks.o
 .debug_aranges
                0x000016e0       0xf0 build/timers.o
 .debug_aranges
                0x000017d0       0x28 build/startup_stm32l496xx.o

.debug_rnglists
                0x00000000     0x1433
 .debug_rnglists
                0x00000000       0x33 build/adc.o
 .debug_rnglists
                0x00000033       0x26 build/can.o
 .debug_rnglists
                0x00000059       0x1b build/canhandler.o
 .debug_rnglists
                0x00000074       0x13 build/dma.o
 .debug_rnglists
                0x00000087       0x20 build/freertos.o
 .debug_rnglists
                0x000000a7       0x14 build/gpio.o
 .debug_rnglists
                0x000000bb       0x25 build/main.o
 .debug_rnglists
                0x000000e0       0x13 build/stm32l4xx_hal_msp.o
 .debug_rnglists
                0x000000f3       0x20 build/stm32l4xx_hal_timebase_tim.o
 .debug_rnglists
                0x00000113       0x3d build/stm32l4xx_it.o
 .debug_rnglists
                0x00000150       0x1a build/system_stm32l4xx.o
 .debug_rnglists
                0x0000016a       0x1f build/tim.o
 .debug_rnglists
                0x00000189       0xdf build/stm32l4xx_hal.o
 .debug_rnglists
                0x00000268      0x1ba build/stm32l4xx_hal_adc.o
 .debug_rnglists
                0x00000422       0xf6 build/stm32l4xx_hal_can.o
 .debug_rnglists
                0x00000518       0xa3 build/stm32l4xx_hal_cortex.o
 .debug_rnglists
                0x000005bb       0x5f build/stm32l4xx_hal_dma.o
 .debug_rnglists
                0x0000061a       0x3f build/stm32l4xx_hal_gpio.o
 .debug_rnglists
                0x00000659       0xfd build/stm32l4xx_hal_pwr_ex.o
 .debug_rnglists
                0x00000756       0x7c build/stm32l4xx_hal_rcc.o
 .debug_rnglists
                0x000007d2       0xdb build/stm32l4xx_hal_rcc_ex.o
 .debug_rnglists
                0x000008ad      0x313 build/stm32l4xx_hal_tim.o
 .debug_rnglists
                0x00000bc0      0x12f build/stm32l4xx_hal_tim_ex.o
 .debug_rnglists
                0x00000cef      0x1fe build/cmsis_os2.o
 .debug_rnglists
                0x00000eed       0x2b build/list.o
 .debug_rnglists
                0x00000f18       0x69 build/port.o
 .debug_rnglists
                0x00000f81       0x3f build/heap_4.o
 .debug_rnglists
                0x00000fc0      0x170 build/queue.o
 .debug_rnglists
                0x00001130      0x23a build/tasks.o
 .debug_rnglists
                0x0000136a       0xb0 build/timers.o
 .debug_rnglists
                0x0000141a       0x19 build/startup_stm32l496xx.o

.debug_line     0x00000000    0x1c898
 .debug_line    0x00000000      0x736 build/adc.o
 .debug_line    0x00000736      0x592 build/can.o
 .debug_line    0x00000cc8      0x3eb build/canhandler.o
 .debug_line    0x000010b3      0x227 build/dma.o
 .debug_line    0x000012da      0x345 build/freertos.o
 .debug_line    0x0000161f      0x289 build/gpio.o
 .debug_line    0x000018a8      0x456 build/main.o
 .debug_line    0x00001cfe      0x23a build/stm32l4xx_hal_msp.o
 .debug_line    0x00001f38      0x38d build/stm32l4xx_hal_timebase_tim.o
 .debug_line    0x000022c5      0x33a build/stm32l4xx_it.o
 .debug_line    0x000025ff      0x339 build/system_stm32l4xx.o
 .debug_line    0x00002938      0x366 build/tim.o
 .debug_line    0x00002c9e      0x73c build/stm32l4xx_hal.o
 .debug_line    0x000033da     0x24ed build/stm32l4xx_hal_adc.o
 .debug_line    0x000058c7     0x11b2 build/stm32l4xx_hal_can.o
 .debug_line    0x00006a79      0x8b6 build/stm32l4xx_hal_cortex.o
 .debug_line    0x0000732f      0xac1 build/stm32l4xx_hal_dma.o
 .debug_line    0x00007df0      0x74c build/stm32l4xx_hal_gpio.o
 .debug_line    0x0000853c      0xb4e build/stm32l4xx_hal_pwr_ex.o
 .debug_line    0x0000908a      0xffd build/stm32l4xx_hal_rcc.o
 .debug_line    0x0000a087     0x1954 build/stm32l4xx_hal_rcc_ex.o
 .debug_line    0x0000b9db     0x4fb9 build/stm32l4xx_hal_tim.o
 .debug_line    0x00010994     0x2081 build/stm32l4xx_hal_tim_ex.o
 .debug_line    0x00012a15     0x2c01 build/cmsis_os2.o
 .debug_line    0x00015616      0x3fd build/list.o
 .debug_line    0x00015a13      0x773 build/port.o
 .debug_line    0x00016186      0x80f build/heap_4.o
 .debug_line    0x00016995     0x20d0 build/queue.o
 .debug_line    0x00018a65     0x2ddf build/tasks.o
 .debug_line    0x0001b844      0xfde build/timers.o
 .debug_line    0x0001c822       0x76 build/startup_stm32l496xx.o

.debug_str      0x00000000     0x8fb8
 .debug_str     0x00000000      0xf39 build/adc.o
                               0x107d (size before relaxing)
 .debug_str     0x00000f39      0x282 build/can.o
                                0x6a5 (size before relaxing)
 .debug_str     0x000011bb      0x195 build/canhandler.o
                                0x652 (size before relaxing)
 .debug_str     0x00001350      0x593 build/dma.o
                                0x86b (size before relaxing)
 .debug_str     0x000018e3      0x592 build/freertos.o
                                0x807 (size before relaxing)
 .debug_str     0x00001e75       0x59 build/gpio.o
                                0x3c8 (size before relaxing)
 .debug_str     0x00001ece      0x22b build/main.o
                                0x9c2 (size before relaxing)
 .debug_str     0x000020f9       0x29 build/stm32l4xx_hal_msp.o
                                0x866 (size before relaxing)
 .debug_str     0x00002122      0x104 build/stm32l4xx_hal_timebase_tim.o
                                0xee7 (size before relaxing)
 .debug_str     0x00002226       0xd0 build/stm32l4xx_it.o
                                0x74f (size before relaxing)
 .debug_str     0x000022f6       0xef build/system_stm32l4xx.o
                                0x3c8 (size before relaxing)
 .debug_str     0x000023e5      0x12d build/tim.o
                                0x97f (size before relaxing)
 .debug_str     0x00002512      0x44d build/stm32l4xx_hal.o
                                0xd5c (size before relaxing)
 .debug_str     0x0000295f      0x97e build/stm32l4xx_hal_adc.o
                               0x1155 (size before relaxing)
 .debug_str     0x000032dd      0x4f7 build/stm32l4xx_hal_can.o
                                0xa33 (size before relaxing)
 .debug_str     0x000037d4      0x425 build/stm32l4xx_hal_cortex.o
                                0xc71 (size before relaxing)
 .debug_str     0x00003bf9      0x21b build/stm32l4xx_hal_dma.o
                                0x625 (size before relaxing)
 .debug_str     0x00003e14       0xfb build/stm32l4xx_hal_gpio.o
                                0x530 (size before relaxing)
 .debug_str     0x00003f0f      0x52a build/stm32l4xx_hal_pwr_ex.o
                                0x802 (size before relaxing)
 .debug_str     0x00004439      0x204 build/stm32l4xx_hal_rcc.o
                                0x892 (size before relaxing)
 .debug_str     0x0000463d      0x4cf build/stm32l4xx_hal_rcc_ex.o
                                0xcd3 (size before relaxing)
 .debug_str     0x00004b0c      0xe5d build/stm32l4xx_hal_tim.o
                               0x16eb (size before relaxing)
 .debug_str     0x00005969      0x5d7 build/stm32l4xx_hal_tim_ex.o
                               0x100f (size before relaxing)
 .debug_str     0x00005f40     0x1636 build/cmsis_os2.o
                               0x2516 (size before relaxing)
 .debug_str     0x00007576      0x136 build/list.o
                                0x2e4 (size before relaxing)
 .debug_str     0x000076ac      0x22a build/port.o
                                0x464 (size before relaxing)
 .debug_str     0x000078d6      0x2c8 build/heap_4.o
                                0x4fd (size before relaxing)
 .debug_str     0x00007b9e      0x61f build/queue.o
                                0xcfa (size before relaxing)
 .debug_str     0x000081bd      0x902 build/tasks.o
                               0x1617 (size before relaxing)
 .debug_str     0x00008abf      0x4c7 build/timers.o
                                0xf39 (size before relaxing)
 .debug_str     0x00008f86       0x32 build/startup_stm32l496xx.o
                                 0x60 (size before relaxing)

.debug_frame    0x00000000     0x4090
 .debug_frame   0x00000000       0xb8 build/adc.o
 .debug_frame   0x000000b8       0x7c build/can.o
 .debug_frame   0x00000134       0x40 build/canhandler.o
 .debug_frame   0x00000174       0x2c build/dma.o
 .debug_frame   0x000001a0       0x58 build/freertos.o
 .debug_frame   0x000001f8       0x30 build/gpio.o
 .debug_frame   0x00000228       0x70 build/main.o
 .debug_frame   0x00000298       0x2c build/stm32l4xx_hal_msp.o
 .debug_frame   0x000002c4       0x54 build/stm32l4xx_hal_timebase_tim.o
 .debug_frame   0x00000318       0xa0 build/stm32l4xx_it.o
 .debug_frame   0x000003b8       0x30 build/system_stm32l4xx.o
 .debug_frame   0x000003e8       0x58 build/tim.o
 .debug_frame   0x00000440      0x274 build/stm32l4xx_hal.o
 .debug_frame   0x000006b4      0x320 build/stm32l4xx_hal_adc.o
 .debug_frame   0x000009d4      0x2d8 build/stm32l4xx_hal_can.o
 .debug_frame   0x00000cac      0x1e4 build/stm32l4xx_hal_cortex.o
 .debug_frame   0x00000e90      0x150 build/stm32l4xx_hal_dma.o
 .debug_frame   0x00000fe0       0xd0 build/stm32l4xx_hal_gpio.o
 .debug_frame   0x000010b0      0x298 build/stm32l4xx_hal_pwr_ex.o
 .debug_frame   0x00001348      0x19c build/stm32l4xx_hal_rcc.o
 .debug_frame   0x000014e4      0x2a8 build/stm32l4xx_hal_rcc_ex.o
 .debug_frame   0x0000178c      0xb50 build/stm32l4xx_hal_tim.o
 .debug_frame   0x000022dc      0x470 build/stm32l4xx_hal_tim_ex.o
 .debug_frame   0x0000274c      0x90c build/cmsis_os2.o
 .debug_frame   0x00003058       0x70 build/list.o
 .debug_frame   0x000030c8      0x110 build/port.o
 .debug_frame   0x000031d8       0xd0 build/heap_4.o
 .debug_frame   0x000032a8      0x458 build/queue.o
 .debug_frame   0x00003700      0x684 build/tasks.o
 .debug_frame   0x00003d84      0x30c build/timers.o

.debug_line_str
                0x00000000       0x44
 .debug_line_str
                0x00000000       0x44 build/startup_stm32l496xx.o

Cross Reference Table

Symbol                                            File
ADC1_2_IRQHandler                                 build/startup_stm32l496xx.o
ADC3_IRQHandler                                   build/startup_stm32l496xx.o
ADC_ConversionStop                                build/stm32l4xx_hal_adc.o
                                                  build/stm32l4xx_hal_adc_ex.o
ADC_DMAConvCplt                                   build/stm32l4xx_hal_adc.o
                                                  build/stm32l4xx_hal_adc_ex.o
ADC_DMAError                                      build/stm32l4xx_hal_adc.o
                                                  build/stm32l4xx_hal_adc_ex.o
ADC_DMAHalfConvCplt                               build/stm32l4xx_hal_adc.o
                                                  build/stm32l4xx_hal_adc_ex.o
ADC_Disable                                       build/stm32l4xx_hal_adc.o
                                                  build/stm32l4xx_hal_adc_ex.o
ADC_Enable                                        build/stm32l4xx_hal_adc.o
                                                  build/stm32l4xx_hal_adc_ex.o
AHBPrescTable                                     build/system_stm32l4xx.o
                                                  build/stm32l4xx_hal_rcc.o
APBPrescTable                                     build/system_stm32l4xx.o
                                                  build/stm32l4xx_hal_rcc.o
BusFault_Handler                                  build/stm32l4xx_it.o
CAN1_RX0_IRQHandler                               build/startup_stm32l496xx.o
CAN1_RX1_IRQHandler                               build/startup_stm32l496xx.o
CAN1_SCE_IRQHandler                               build/startup_stm32l496xx.o
CAN1_TX_IRQHandler                                build/startup_stm32l496xx.o
CAN2_RX0_IRQHandler                               build/startup_stm32l496xx.o
CAN2_RX1_IRQHandler                               build/startup_stm32l496xx.o
CAN2_SCE_IRQHandler                               build/startup_stm32l496xx.o
CAN2_TX_IRQHandler                                build/startup_stm32l496xx.o
COMP_IRQHandler                                   build/startup_stm32l496xx.o
CRS_IRQHandler                                    build/startup_stm32l496xx.o
DCMI_IRQHandler                                   build/startup_stm32l496xx.o
DFSDM1_FLT0_IRQHandler                            build/startup_stm32l496xx.o
DFSDM1_FLT1_IRQHandler                            build/startup_stm32l496xx.o
DFSDM1_FLT2_IRQHandler                            build/startup_stm32l496xx.o
DFSDM1_FLT3_IRQHandler                            build/startup_stm32l496xx.o
DMA1_Channel1_IRQHandler                          build/startup_stm32l496xx.o
DMA1_Channel2_IRQHandler                          build/stm32l4xx_it.o
DMA1_Channel3_IRQHandler                          build/startup_stm32l496xx.o
DMA1_Channel4_IRQHandler                          build/startup_stm32l496xx.o
DMA1_Channel5_IRQHandler                          build/startup_stm32l496xx.o
DMA1_Channel6_IRQHandler                          build/startup_stm32l496xx.o
DMA1_Channel7_IRQHandler                          build/startup_stm32l496xx.o
DMA2D_IRQHandler                                  build/startup_stm32l496xx.o
DMA2_Channel1_IRQHandler                          build/startup_stm32l496xx.o
DMA2_Channel2_IRQHandler                          build/startup_stm32l496xx.o
DMA2_Channel3_IRQHandler                          build/startup_stm32l496xx.o
DMA2_Channel4_IRQHandler                          build/startup_stm32l496xx.o
DMA2_Channel5_IRQHandler                          build/startup_stm32l496xx.o
DMA2_Channel6_IRQHandler                          build/startup_stm32l496xx.o
DMA2_Channel7_IRQHandler                          build/startup_stm32l496xx.o
DebugMon_Handler                                  build/stm32l4xx_it.o
Default_Handler                                   build/startup_stm32l496xx.o
EXTI0_IRQHandler                                  build/startup_stm32l496xx.o
EXTI15_10_IRQHandler                              build/startup_stm32l496xx.o
EXTI1_IRQHandler                                  build/startup_stm32l496xx.o
EXTI2_IRQHandler                                  build/startup_stm32l496xx.o
EXTI3_IRQHandler                                  build/startup_stm32l496xx.o
EXTI4_IRQHandler                                  build/startup_stm32l496xx.o
EXTI9_5_IRQHandler                                build/startup_stm32l496xx.o
Error_Handler                                     build/main.o
                                                  build/tim.o
                                                  build/can.o
                                                  build/adc.o
FLASH_FlushCaches                                 build/stm32l4xx_hal_flash_ex.o
                                                  build/stm32l4xx_hal_flash.o
FLASH_IRQHandler                                  build/startup_stm32l496xx.o
FLASH_PageErase                                   build/stm32l4xx_hal_flash_ex.o
                                                  build/stm32l4xx_hal_flash.o
FLASH_WaitForLastOperation                        build/stm32l4xx_hal_flash.o
                                                  build/stm32l4xx_hal_flash_ex.o
FMC_IRQHandler                                    build/startup_stm32l496xx.o
FPU_IRQHandler                                    build/startup_stm32l496xx.o
HAL_ADCEx_Calibration_GetValue                    build/stm32l4xx_hal_adc_ex.o
HAL_ADCEx_Calibration_SetValue                    build/stm32l4xx_hal_adc_ex.o
HAL_ADCEx_Calibration_Start                       build/stm32l4xx_hal_adc_ex.o
HAL_ADCEx_DisableInjectedQueue                    build/stm32l4xx_hal_adc_ex.o
HAL_ADCEx_DisableVoltageRegulator                 build/stm32l4xx_hal_adc_ex.o
HAL_ADCEx_EnableInjectedQueue                     build/stm32l4xx_hal_adc_ex.o
HAL_ADCEx_EndOfSamplingCallback                   build/stm32l4xx_hal_adc_ex.o
                                                  build/stm32l4xx_hal_adc.o
HAL_ADCEx_EnterADCDeepPowerDownMode               build/stm32l4xx_hal_adc_ex.o
HAL_ADCEx_InjectedConfigChannel                   build/stm32l4xx_hal_adc_ex.o
HAL_ADCEx_InjectedConvCpltCallback                build/stm32l4xx_hal_adc_ex.o
                                                  build/stm32l4xx_hal_adc.o
HAL_ADCEx_InjectedGetValue                        build/stm32l4xx_hal_adc_ex.o
HAL_ADCEx_InjectedPollForConversion               build/stm32l4xx_hal_adc_ex.o
HAL_ADCEx_InjectedQueueOverflowCallback           build/stm32l4xx_hal_adc_ex.o
                                                  build/stm32l4xx_hal_adc.o
HAL_ADCEx_InjectedStart                           build/stm32l4xx_hal_adc_ex.o
HAL_ADCEx_InjectedStart_IT                        build/stm32l4xx_hal_adc_ex.o
HAL_ADCEx_InjectedStop                            build/stm32l4xx_hal_adc_ex.o
HAL_ADCEx_InjectedStop_IT                         build/stm32l4xx_hal_adc_ex.o
HAL_ADCEx_LevelOutOfWindow2Callback               build/stm32l4xx_hal_adc_ex.o
                                                  build/stm32l4xx_hal_adc.o
HAL_ADCEx_LevelOutOfWindow3Callback               build/stm32l4xx_hal_adc_ex.o
                                                  build/stm32l4xx_hal_adc.o
HAL_ADCEx_MultiModeConfigChannel                  build/stm32l4xx_hal_adc_ex.o
HAL_ADCEx_MultiModeGetValue                       build/stm32l4xx_hal_adc_ex.o
HAL_ADCEx_MultiModeStart_DMA                      build/stm32l4xx_hal_adc_ex.o
HAL_ADCEx_MultiModeStop_DMA                       build/stm32l4xx_hal_adc_ex.o
HAL_ADCEx_RegularMultiModeStop_DMA                build/stm32l4xx_hal_adc_ex.o
HAL_ADCEx_RegularStop                             build/stm32l4xx_hal_adc_ex.o
HAL_ADCEx_RegularStop_DMA                         build/stm32l4xx_hal_adc_ex.o
HAL_ADCEx_RegularStop_IT                          build/stm32l4xx_hal_adc_ex.o
HAL_ADC_AnalogWDGConfig                           build/stm32l4xx_hal_adc.o
HAL_ADC_ConfigChannel                             build/stm32l4xx_hal_adc.o
                                                  build/adc.o
HAL_ADC_ConvCpltCallback                          build/adc.o
HAL_ADC_ConvHalfCpltCallback                      build/stm32l4xx_hal_adc.o
HAL_ADC_DeInit                                    build/stm32l4xx_hal_adc.o
HAL_ADC_ErrorCallback                             build/stm32l4xx_hal_adc.o
HAL_ADC_GetError                                  build/stm32l4xx_hal_adc.o
HAL_ADC_GetState                                  build/stm32l4xx_hal_adc.o
HAL_ADC_GetValue                                  build/stm32l4xx_hal_adc.o
HAL_ADC_IRQHandler                                build/stm32l4xx_hal_adc.o
HAL_ADC_Init                                      build/stm32l4xx_hal_adc.o
                                                  build/adc.o
HAL_ADC_LevelOutOfWindowCallback                  build/stm32l4xx_hal_adc.o
HAL_ADC_MspDeInit                                 build/adc.o
HAL_ADC_MspInit                                   build/adc.o
HAL_ADC_PollForConversion                         build/stm32l4xx_hal_adc.o
HAL_ADC_PollForEvent                              build/stm32l4xx_hal_adc.o
HAL_ADC_Start                                     build/stm32l4xx_hal_adc.o
HAL_ADC_Start_DMA                                 build/stm32l4xx_hal_adc.o
                                                  build/adc.o
HAL_ADC_Start_IT                                  build/stm32l4xx_hal_adc.o
HAL_ADC_Stop                                      build/stm32l4xx_hal_adc.o
HAL_ADC_Stop_DMA                                  build/stm32l4xx_hal_adc.o
HAL_ADC_Stop_IT                                   build/stm32l4xx_hal_adc.o
HAL_CAN_AbortTxRequest                            build/stm32l4xx_hal_can.o