Archive member included to satisfy reference by file (symbol)

c:/progra~2/gnuarm~1/102021~1.10/bin/../lib/gcc/arm-none-eabi/10.3.1/thumb/v7e-m/nofp\libgcc.a(_arm_muldf3.o)
                              CMakeFiles/L475_Test.elf.dir/Core/Src/ws2812.c.obj (__aeabi_dmul)
c:/progra~2/gnuarm~1/102021~1.10/bin/../lib/gcc/arm-none-eabi/10.3.1/thumb/v7e-m/nofp\libgcc.a(_arm_mulsf3.o)
                              CMakeFiles/L475_Test.elf.dir/Core/Src/ws2812.c.obj (__aeabi_fmul)
c:/progra~2/gnuarm~1/102021~1.10/bin/../lib/gcc/arm-none-eabi/10.3.1/thumb/v7e-m/nofp\libgcc.a(_arm_addsubdf3.o)
                              CMakeFiles/L475_Test.elf.dir/Core/Src/ws2812.c.obj (__aeabi_dadd)
c:/progra~2/gnuarm~1/102021~1.10/bin/../lib/gcc/arm-none-eabi/10.3.1/thumb/v7e-m/nofp\libgcc.a(_arm_truncdfsf2.o)
                              CMakeFiles/L475_Test.elf.dir/Core/Src/ws2812.c.obj (__aeabi_d2f)
c:/progra~2/gnuarm~1/102021~1.10/bin/../lib/gcc/arm-none-eabi/10.3.1/thumb/v7e-m/nofp\libgcc.a(_arm_addsubsf3.o)
                              CMakeFiles/L475_Test.elf.dir/Core/Src/ws2812.c.obj (__aeabi_fadd)
c:/progra~2/gnuarm~1/102021~1.10/bin/../lib/gcc/arm-none-eabi/10.3.1/thumb/v7e-m/nofp\libgcc.a(_arm_muldivsf3.o)
                              CMakeFiles/L475_Test.elf.dir/Core/Src/ws2812.c.obj (__aeabi_fdiv)
c:/progra~2/gnuarm~1/102021~1.10/bin/../lib/gcc/arm-none-eabi/10.3.1/thumb/v7e-m/nofp\libgcc.a(_arm_fixunssfsi.o)
                              CMakeFiles/L475_Test.elf.dir/Core/Src/ws2812.c.obj (__aeabi_f2uiz)
c:/progra~2/gnuarm~1/102021~1.10/bin/../lib/gcc/arm-none-eabi/10.3.1/thumb/v7e-m/nofp\libgcc.a(_aeabi_uldivmod.o)
                              CMakeFiles/L475_Test.elf.dir/Drivers/STM32L4xx_HAL_Driver/Src/stm32l4xx_hal_uart.c.obj (__aeabi_uldivmod)
c:/progra~2/gnuarm~1/102021~1.10/bin/../lib/gcc/arm-none-eabi/10.3.1/thumb/v7e-m/nofp\libgcc.a(_udivmoddi4.o)
                              c:/progra~2/gnuarm~1/102021~1.10/bin/../lib/gcc/arm-none-eabi/10.3.1/thumb/v7e-m/nofp\libgcc.a(_aeabi_uldivmod.o) (__udivmoddi4)
c:/progra~2/gnuarm~1/102021~1.10/bin/../lib/gcc/arm-none-eabi/10.3.1/thumb/v7e-m/nofp\libgcc.a(_dvmd_tls.o)
                              c:/progra~2/gnuarm~1/102021~1.10/bin/../lib/gcc/arm-none-eabi/10.3.1/thumb/v7e-m/nofp\libgcc.a(_aeabi_uldivmod.o) (__aeabi_ldiv0)
c:/progra~2/gnuarm~1/102021~1.10/bin/../lib/gcc/arm-none-eabi/10.3.1/../../../../arm-none-eabi/lib/thumb/v7e-m/nofp\libg.a(lib_a-errno.o)
                              CMakeFiles/L475_Test.elf.dir/Core/Src/syscalls.c.obj (__errno)
c:/progra~2/gnuarm~1/102021~1.10/bin/../lib/gcc/arm-none-eabi/10.3.1/../../../../arm-none-eabi/lib/thumb/v7e-m/nofp\libg.a(lib_a-exit.o)
                              c:/progra~2/gnuarm~1/102021~1.10/bin/../lib/gcc/arm-none-eabi/10.3.1/../../../../arm-none-eabi/lib/thumb/v7e-m/nofp/crt0.o (exit)
c:/progra~2/gnuarm~1/102021~1.10/bin/../lib/gcc/arm-none-eabi/10.3.1/../../../../arm-none-eabi/lib/thumb/v7e-m/nofp\libg.a(lib_a-impure.o)
                              c:/progra~2/gnuarm~1/102021~1.10/bin/../lib/gcc/arm-none-eabi/10.3.1/../../../../arm-none-eabi/lib/thumb/v7e-m/nofp\libg.a(lib_a-exit.o) (_global_impure_ptr)
c:/progra~2/gnuarm~1/102021~1.10/bin/../lib/gcc/arm-none-eabi/10.3.1/../../../../arm-none-eabi/lib/thumb/v7e-m/nofp\libg.a(lib_a-init.o)
                              c:/progra~2/gnuarm~1/102021~1.10/bin/../lib/gcc/arm-none-eabi/10.3.1/../../../../arm-none-eabi/lib/thumb/v7e-m/nofp/crt0.o (__libc_init_array)
c:/progra~2/gnuarm~1/102021~1.10/bin/../lib/gcc/arm-none-eabi/10.3.1/../../../../arm-none-eabi/lib/thumb/v7e-m/nofp\libg.a(lib_a-memset.o)
                              c:/progra~2/gnuarm~1/102021~1.10/bin/../lib/gcc/arm-none-eabi/10.3.1/../../../../arm-none-eabi/lib/thumb/v7e-m/nofp/crt0.o (memset)
c:/progra~2/gnuarm~1/102021~1.10/bin/../lib/gcc/arm-none-eabi/10.3.1/../../../../arm-none-eabi/lib/thumb/v7e-m/nofp\libg.a(lib_a-printf.o)
                              CMakeFiles/L475_Test.elf.dir/Core/Src/qspi.c.obj (printf)
c:/progra~2/gnuarm~1/102021~1.10/bin/../lib/gcc/arm-none-eabi/10.3.1/../../../../arm-none-eabi/lib/thumb/v7e-m/nofp\libg.a(lib_a-putchar.o)
                              CMakeFiles/L475_Test.elf.dir/Core/Src/qspi.c.obj (putchar)
c:/progra~2/gnuarm~1/102021~1.10/bin/../lib/gcc/arm-none-eabi/10.3.1/../../../../arm-none-eabi/lib/thumb/v7e-m/nofp\libg.a(lib_a-puts.o)
                              CMakeFiles/L475_Test.elf.dir/Core/Src/main.c.obj (puts)
c:/progra~2/gnuarm~1/102021~1.10/bin/../lib/gcc/arm-none-eabi/10.3.1/../../../../arm-none-eabi/lib/thumb/v7e-m/nofp\libg.a(lib_a-strcpy.o)
                              CMakeFiles/L475_Test.elf.dir/Core/Src/qspi.c.obj (strcpy)
c:/progra~2/gnuarm~1/102021~1.10/bin/../lib/gcc/arm-none-eabi/10.3.1/../../../../arm-none-eabi/lib/thumb/v7e-m/nofp\libg.a(lib_a-strlen.o)
                              c:/progra~2/gnuarm~1/102021~1.10/bin/../lib/gcc/arm-none-eabi/10.3.1/../../../../arm-none-eabi/lib/thumb/v7e-m/nofp\libg.a(lib_a-puts.o) (strlen)
[...]
Memory Configuration

Name             Origin             Length             Attributes
RAM              0x20000000         0x00018000         xrw
RAM2             0x10000000         0x00008000         xrw
FLASH            0x08000000         0x00100000         xr
*default*        0x00000000         0xffffffff

Linker script and memory map

LOAD c:/progra~2/gnuarm~1/102021~1.10/bin/../lib/gcc/arm-none-eabi/10.3.1/thumb/v7e-m/nofp/crti.o
LOAD c:/progra~2/gnuarm~1/102021~1.10/bin/../lib/gcc/arm-none-eabi/10.3.1/thumb/v7e-m/nofp/crtbegin.o
LOAD c:/progra~2/gnuarm~1/102021~1.10/bin/../lib/gcc/arm-none-eabi/10.3.1/../../../../arm-none-eabi/lib/thumb/v7e-m/nofp/crt0.o
LOAD CMakeFiles/L475_Test.elf.dir/Core/Src/main.c.obj
LOAD CMakeFiles/L475_Test.elf.dir/Core/Src/qspi.c.obj
LOAD CMakeFiles/L475_Test.elf.dir/Core/Src/stm32l475e_iot01_qspi.c.obj
LOAD CMakeFiles/L475_Test.elf.dir/Core/Src/stm32l4xx_hal_msp.c.obj
LOAD CMakeFiles/L475_Test.elf.dir/Core/Src/stm32l4xx_it.c.obj
LOAD CMakeFiles/L475_Test.elf.dir/Core/Src/syscalls.c.obj
LOAD CMakeFiles/L475_Test.elf.dir/Core/Src/sysmem.c.obj
LOAD CMakeFiles/L475_Test.elf.dir/Core/Src/system_stm32l4xx.c.obj
LOAD CMakeFiles/L475_Test.elf.dir/Core/Src/vnf1048.c.obj
LOAD CMakeFiles/L475_Test.elf.dir/Core/Src/ws2812.c.obj
LOAD CMakeFiles/L475_Test.elf.dir/Core/Startup/startup_stm32l475vgtx.s.obj
LOAD CMakeFiles/L475_Test.elf.dir/Drivers/STM32L4xx_HAL_Driver/Src/stm32l4xx_hal.c.obj
LOAD CMakeFiles/L475_Test.elf.dir/Drivers/STM32L4xx_HAL_Driver/Src/stm32l4xx_hal_cortex.c.obj
LOAD CMakeFiles/L475_Test.elf.dir/Drivers/STM32L4xx_HAL_Driver/Src/stm32l4xx_hal_dfsdm.c.obj
LOAD CMakeFiles/L475_Test.elf.dir/Drivers/STM32L4xx_HAL_Driver/Src/stm32l4xx_hal_dma.c.obj
LOAD CMakeFiles/L475_Test.elf.dir/Drivers/STM32L4xx_HAL_Driver/Src/stm32l4xx_hal_dma_ex.c.obj
LOAD CMakeFiles/L475_Test.elf.dir/Drivers/STM32L4xx_HAL_Driver/Src/stm32l4xx_hal_exti.c.obj
LOAD CMakeFiles/L475_Test.elf.dir/Drivers/STM32L4xx_HAL_Driver/Src/stm32l4xx_hal_flash.c.obj
LOAD CMakeFiles/L475_Test.elf.dir/Drivers/STM32L4xx_HAL_Driver/Src/stm32l4xx_hal_flash_ex.c.obj
LOAD CMakeFiles/L475_Test.elf.dir/Drivers/STM32L4xx_HAL_Driver/Src/stm32l4xx_hal_flash_ramfunc.c.obj
LOAD CMakeFiles/L475_Test.elf.dir/Drivers/STM32L4xx_HAL_Driver/Src/stm32l4xx_hal_gpio.c.obj
LOAD CMakeFiles/L475_Test.elf.dir/Drivers/STM32L4xx_HAL_Driver/Src/stm32l4xx_hal_i2c.c.obj
LOAD CMakeFiles/L475_Test.elf.dir/Drivers/STM32L4xx_HAL_Driver/Src/stm32l4xx_hal_i2c_ex.c.obj
LOAD CMakeFiles/L475_Test.elf.dir/Drivers/STM32L4xx_HAL_Driver/Src/stm32l4xx_hal_pcd.c.obj
LOAD CMakeFiles/L475_Test.elf.dir/Drivers/STM32L4xx_HAL_Driver/Src/stm32l4xx_hal_pcd_ex.c.obj
LOAD CMakeFiles/L475_Test.elf.dir/Drivers/STM32L4xx_HAL_Driver/Src/stm32l4xx_hal_pwr.c.obj
LOAD CMakeFiles/L475_Test.elf.dir/Drivers/STM32L4xx_HAL_Driver/Src/stm32l4xx_hal_pwr_ex.c.obj
LOAD CMakeFiles/L475_Test.elf.dir/Drivers/STM32L4xx_HAL_Driver/Src/stm32l4xx_hal_qspi.c.obj
LOAD CMakeFiles/L475_Test.elf.dir/Drivers/STM32L4xx_HAL_Driver/Src/stm32l4xx_hal_rcc.c.obj
LOAD CMakeFiles/L475_Test.elf.dir/Drivers/STM32L4xx_HAL_Driver/Src/stm32l4xx_hal_rcc_ex.c.obj
LOAD CMakeFiles/L475_Test.elf.dir/Drivers/STM32L4xx_HAL_Driver/Src/stm32l4xx_hal_spi.c.obj
LOAD CMakeFiles/L475_Test.elf.dir/Drivers/STM32L4xx_HAL_Driver/Src/stm32l4xx_hal_spi_ex.c.obj
LOAD CMakeFiles/L475_Test.elf.dir/Drivers/STM32L4xx_HAL_Driver/Src/stm32l4xx_hal_tim.c.obj
LOAD CMakeFiles/L475_Test.elf.dir/Drivers/STM32L4xx_HAL_Driver/Src/stm32l4xx_hal_tim_ex.c.obj
LOAD CMakeFiles/L475_Test.elf.dir/Drivers/STM32L4xx_HAL_Driver/Src/stm32l4xx_hal_uart.c.obj
LOAD CMakeFiles/L475_Test.elf.dir/Drivers/STM32L4xx_HAL_Driver/Src/stm32l4xx_hal_uart_ex.c.obj
LOAD CMakeFiles/L475_Test.elf.dir/Drivers/STM32L4xx_HAL_Driver/Src/stm32l4xx_ll_usb.c.obj
START GROUP
LOAD c:/progra~2/gnuarm~1/102021~1.10/bin/../lib/gcc/arm-none-eabi/10.3.1/thumb/v7e-m/nofp\libgcc.a
LOAD c:/progra~2/gnuarm~1/102021~1.10/bin/../lib/gcc/arm-none-eabi/10.3.1/../../../../arm-none-eabi/lib/thumb/v7e-m/nofp\libg.a
LOAD c:/progra~2/gnuarm~1/102021~1.10/bin/../lib/gcc/arm-none-eabi/10.3.1/../../../../arm-none-eabi/lib/thumb/v7e-m/nofp\libc.a
END GROUP
LOAD c:/progra~2/gnuarm~1/102021~1.10/bin/../lib/gcc/arm-none-eabi/10.3.1/thumb/v7e-m/nofp/crtend.o
LOAD c:/progra~2/gnuarm~1/102021~1.10/bin/../lib/gcc/arm-none-eabi/10.3.1/thumb/v7e-m/nofp/crtn.o
                0x20018000                _estack = (ORIGIN (RAM) + LENGTH (RAM))
                0x00000200                _Min_Heap_Size = 0x200
                0x00000400                _Min_Stack_Size = 0x400

.isr_vector     0x08000000      0x188
                0x08000000                . = ALIGN (0x4)
 *(.isr_vector)
 .isr_vector    0x08000000      0x188 CMakeFiles/L475_Test.elf.dir/Core/Startup/startup_stm32l475vgtx.s.obj
                0x08000000                g_pfnVectors
                0x08000188                . = ALIGN (0x4)

.text           0x080001c0     0x5e98
                0x080001c0                . = ALIGN (0x4)
 *(.text)
 .text          0x080001c0       0x40 c:/progra~2/gnuarm~1/102021~1.10/bin/../lib/gcc/arm-none-eabi/10.3.1/thumb/v7e-m/nofp/crtbegin.o
 .text          0x08000200       0x30 c:/progra~2/gnuarm~1/102021~1.10/bin/../lib/gcc/arm-none-eabi/10.3.1/thumb/v7e-m/nofp\libgcc.a(_aeabi_uldivmod.o)
                0x08000200                __aeabi_uldivmod
 .text          0x08000230      0x2d0 c:/progra~2/gnuarm~1/102021~1.10/bin/../lib/gcc/arm-none-eabi/10.3.1/thumb/v7e-m/nofp\libgcc.a(_udivmoddi4.o)
                0x08000230                __udivmoddi4
 .text          0x08000500        0x4 c:/progra~2/gnuarm~1/102021~1.10/bin/../lib/gcc/arm-none-eabi/10.3.1/thumb/v7e-m/nofp\libgcc.a(_dvmd_tls.o)
                0x08000500                __aeabi_idiv0
                0x08000500                __aeabi_ldiv0
 *fill*         0x08000504       0x3c 
 .text          0x08000540       0xdc c:/progra~2/gnuarm~1/102021~1.10/bin/../lib/gcc/arm-none-eabi/10.3.1/../../../../arm-none-eabi/lib/thumb/v7e-m/nofp\libg.a(lib_a-strlen.o)
                0x08000540                strlen
 *fill*         0x0800061c        0x4 
 .text          0x08000620       0xa0 c:/progra~2/gnuarm~1/102021~1.10/bin/../lib/gcc/arm-none-eabi/10.3.1/../../../../arm-none-eabi/lib/thumb/v7e-m/nofp\libg.a(lib_a-memchr.o)
                0x08000620                memchr
 .text          0x080006c0      0x134 c:/progra~2/gnuarm~1/102021~1.10/bin/../lib/gcc/arm-none-eabi/10.3.1/../../../../arm-none-eabi/lib/thumb/v7e-m/nofp\libg.a(lib_a-memcpy.o)
                0x080006c0                memcpy
 *(.text*)
 .text.MX_GPIO_Init
                0x080007f4      0x274 CMakeFiles/L475_Test.elf.dir/Core/Src/main.c.obj
 .text.__io_putchar
                0x08000a68       0x20 CMakeFiles/L475_Test.elf.dir/Core/Src/main.c.obj
                0x08000a68                __io_putchar
 .text.HAL_TIM_PeriodElapsedCallback
                0x08000a88       0x1c CMakeFiles/L475_Test.elf.dir/Core/Src/main.c.obj
                0x08000a88                HAL_TIM_PeriodElapsedCallback
 .text.Error_Handler
                0x08000aa4        0x4 CMakeFiles/L475_Test.elf.dir/Core/Src/main.c.obj
                0x08000aa4                Error_Handler
 .text.MX_DFSDM1_Init
                0x08000aa8       0x40 CMakeFiles/L475_Test.elf.dir/Core/Src/main.c.obj
 .text.MX_I2C2_Init
                0x08000ae8       0x54 CMakeFiles/L475_Test.elf.dir/Core/Src/main.c.obj
 .text.MX_QUADSPI_Init
                0x08000b3c       0x34 CMakeFiles/L475_Test.elf.dir/Core/Src/main.c.obj
 .text.MX_SPI3_Init
                0x08000b70       0x48 CMakeFiles/L475_Test.elf.dir/Core/Src/main.c.obj
 .text.MX_USART1_UART_Init
                0x08000bb8       0x38 CMakeFiles/L475_Test.elf.dir/Core/Src/main.c.obj
 .text.MX_USART3_UART_Init
                0x08000bf0       0x38 CMakeFiles/L475_Test.elf.dir/Core/Src/main.c.obj
 .text.MX_USB_OTG_FS_PCD_Init
                0x08000c28       0x34 CMakeFiles/L475_Test.elf.dir/Core/Src/main.c.obj
 .text.MX_TIM6_Init
                0x08000c5c       0x50 CMakeFiles/L475_Test.elf.dir/Core/Src/main.c.obj
 .text.MX_TIM3_Init
                0x08000cac       0x68 CMakeFiles/L475_Test.elf.dir/Core/Src/main.c.obj
 .text.MX_TIM4_Init
                0x08000d14       0x68 CMakeFiles/L475_Test.elf.dir/Core/Src/main.c.obj
 .text.MX_SPI1_Init
                0x08000d7c       0x4c CMakeFiles/L475_Test.elf.dir/Core/Src/main.c.obj
 .text.MX_TIM7_Init
                0x08000dc8       0x50 CMakeFiles/L475_Test.elf.dir/Core/Src/main.c.obj
 .text.SystemClock_Config
                0x08000e18       0x9c CMakeFiles/L475_Test.elf.dir/Core/Src/main.c.obj
                0x08000e18                SystemClock_Config
 .text.main     0x08000eb4       0xa8 CMakeFiles/L475_Test.elf.dir/Core/Src/main.c.obj
                0x08000eb4                main
 .text.HAL_MspInit
                0x08000f5c       0x30 CMakeFiles/L475_Test.elf.dir/Core/Src/stm32l4xx_hal_msp.c.obj
                0x08000f5c                HAL_MspInit
 .text.HAL_DFSDM_ChannelMspInit
                0x08000f8c       0x90 CMakeFiles/L475_Test.elf.dir/Core/Src/stm32l4xx_hal_msp.c.obj
                0x08000f8c                HAL_DFSDM_ChannelMspInit
 .text.HAL_I2C_MspInit
                0x0800101c       0x8c CMakeFiles/L475_Test.elf.dir/Core/Src/stm32l4xx_hal_msp.c.obj
                0x0800101c                HAL_I2C_MspInit
 .text.HAL_QSPI_MspInit
                0x080010a8       0x70 CMakeFiles/L475_Test.elf.dir/Core/Src/stm32l4xx_hal_msp.c.obj
                0x080010a8                HAL_QSPI_MspInit
 .text.HAL_SPI_MspInit
                0x08001118       0xb8 CMakeFiles/L475_Test.elf.dir/Core/Src/stm32l4xx_hal_msp.c.obj
                0x08001118                HAL_SPI_MspInit
 .text.HAL_TIM_Base_MspInit
                0x080011d0       0xf8 CMakeFiles/L475_Test.elf.dir/Core/Src/stm32l4xx_hal_msp.c.obj
                0x080011d0                HAL_TIM_Base_MspInit
 .text.HAL_UART_MspInit
                0x080012c8       0xf0 CMakeFiles/L475_Test.elf.dir/Core/Src/stm32l4xx_hal_msp.c.obj
                0x080012c8                HAL_UART_MspInit
 .text.HAL_PCD_MspInit
                0x080013b8       0xe8 CMakeFiles/L475_Test.elf.dir/Core/Src/stm32l4xx_hal_msp.c.obj
                0x080013b8                HAL_PCD_MspInit
 .text.NMI_Handler
                0x080014a0        0x2 CMakeFiles/L475_Test.elf.dir/Core/Src/stm32l4xx_it.c.obj
                0x080014a0                NMI_Handler
 .text.HardFault_Handler
                0x080014a2        0x2 CMakeFiles/L475_Test.elf.dir/Core/Src/stm32l4xx_it.c.obj
                0x080014a2                HardFault_Handler
 .text.MemManage_Handler
                0x080014a4        0x2 CMakeFiles/L475_Test.elf.dir/Core/Src/stm32l4xx_it.c.obj
                0x080014a4                MemManage_Handler
 .text.BusFault_Handler
                0x080014a6        0x2 CMakeFiles/L475_Test.elf.dir/Core/Src/stm32l4xx_it.c.obj
                0x080014a6                BusFault_Handler
 .text.UsageFault_Handler
                0x080014a8        0x2 CMakeFiles/L475_Test.elf.dir/Core/Src/stm32l4xx_it.c.obj
                0x080014a8                UsageFault_Handler
 .text.SVC_Handler
                0x080014aa        0x2 CMakeFiles/L475_Test.elf.dir/Core/Src/stm32l4xx_it.c.obj
                0x080014aa                SVC_Handler
 .text.DebugMon_Handler
                0x080014ac        0x2 CMakeFiles/L475_Test.elf.dir/Core/Src/stm32l4xx_it.c.obj
                0x080014ac                DebugMon_Handler
 .text.PendSV_Handler
                0x080014ae        0x2 CMakeFiles/L475_Test.elf.dir/Core/Src/stm32l4xx_it.c.obj
                0x080014ae                PendSV_Handler
 .text.SysTick_Handler
                0x080014b0        0x8 CMakeFiles/L475_Test.elf.dir/Core/Src/stm32l4xx_it.c.obj
                0x080014b0                SysTick_Handler
 .text.EXTI9_5_IRQHandler
                0x080014b8       0x1e CMakeFiles/L475_Test.elf.dir/Core/Src/stm32l4xx_it.c.obj
                0x080014b8                EXTI9_5_IRQHandler
 *fill*         0x080014d6        0x2 
 .text.TIM3_IRQHandler
                0x080014d8       0x10 CMakeFiles/L475_Test.elf.dir/Core/Src/stm32l4xx_it.c.obj
                0x080014d8                TIM3_IRQHandler
 .text.EXTI15_10_IRQHandler
                0x080014e8       0x2c CMakeFiles/L475_Test.elf.dir/Core/Src/stm32l4xx_it.c.obj
                0x080014e8                EXTI15_10_IRQHandler
 .text.TIM6_DAC_IRQHandler
                0x08001514       0x10 CMakeFiles/L475_Test.elf.dir/Core/Src/stm32l4xx_it.c.obj
                0x08001514                TIM6_DAC_IRQHandler
 .text.TIM7_IRQHandler
                0x08001524       0x10 CMakeFiles/L475_Test.elf.dir/Core/Src/stm32l4xx_it.c.obj
                0x08001524                TIM7_IRQHandler
 .text._read    0x08001534       0x20 CMakeFiles/L475_Test.elf.dir/Core/Src/syscalls.c.obj
                0x08001534                _read
 .text._write   0x08001554       0x1c CMakeFiles/L475_Test.elf.dir/Core/Src/syscalls.c.obj
                0x08001554                _write
 .text._close   0x08001570        0x6 CMakeFiles/L475_Test.elf.dir/Core/Src/syscalls.c.obj
                0x08001570                _close
 .text._fstat   0x08001576        0xa CMakeFiles/L475_Test.elf.dir/Core/Src/syscalls.c.obj
                0x08001576                _fstat
 .text._isatty  0x08001580        0x4 CMakeFiles/L475_Test.elf.dir/Core/Src/syscalls.c.obj
                0x08001580                _isatty
 .text._lseek   0x08001584        0x4 CMakeFiles/L475_Test.elf.dir/Core/Src/syscalls.c.obj
                0x08001584                _lseek
 .text._sbrk    0x08001588       0x48 CMakeFiles/L475_Test.elf.dir/Core/Src/sysmem.c.obj
                0x08001588                _sbrk
 .text.SystemInit
                0x080015d0        0x2 CMakeFiles/L475_Test.elf.dir/Core/Src/system_stm32l4xx.c.obj
                0x080015d0                SystemInit
 .text.bit_manip_get
                0x080015d2        0x8 CMakeFiles/L475_Test.elf.dir/Core/Src/vnf1048.c.obj
                0x080015d2                bit_manip_get
 .text.bit_manip_set
                0x080015da       0x10 CMakeFiles/L475_Test.elf.dir/Core/Src/vnf1048.c.obj
                0x080015da                bit_manip_set
 .text.bit_manip_reset
                0x080015ea       0x10 CMakeFiles/L475_Test.elf.dir/Core/Src/vnf1048.c.obj
                0x080015ea                bit_manip_reset
 .text.vnf_check_global_status
                0x080015fa       0x1e CMakeFiles/L475_Test.elf.dir/Core/Src/vnf1048.c.obj
                0x080015fa                vnf_check_global_status
 .text.vnf_init
                0x08001618       0x34 CMakeFiles/L475_Test.elf.dir/Core/Src/vnf1048.c.obj
                0x08001618                vnf_init
 .text.vnf_read_reg
                0x0800164c       0x60 CMakeFiles/L475_Test.elf.dir/Core/Src/vnf1048.c.obj
                0x0800164c                vnf_read_reg
 .text.vnf_write_reg
                0x080016ac       0x76 CMakeFiles/L475_Test.elf.dir/Core/Src/vnf1048.c.obj
                0x080016ac                vnf_write_reg
 .text.vnf_toggle_wdg
                0x08001722       0x4a CMakeFiles/L475_Test.elf.dir/Core/Src/vnf1048.c.obj
                0x08001722                vnf_toggle_wdg
 .text.Reset_Handler
                0x0800176c       0x50 CMakeFiles/L475_Test.elf.dir/Core/Startup/startup_stm32l475vgtx.s.obj
                0x0800176c                Reset_Handler
 .text.Default_Handler
                0x080017bc        0x2 CMakeFiles/L475_Test.elf.dir/Core/Startup/startup_stm32l475vgtx.s.obj
                0x080017bc                RTC_Alarm_IRQHandler
                0x080017bc                EXTI2_IRQHandler
                0x080017bc                TIM8_TRG_COM_IRQHandler
                0x080017bc                TIM8_CC_IRQHandler
                0x080017bc                TIM1_CC_IRQHandler
                0x080017bc                TSC_IRQHandler
                0x080017bc                TAMP_STAMP_IRQHandler
                0x080017bc                EXTI3_IRQHandler
                0x080017bc                LPTIM2_IRQHandler
                0x080017bc                DFSDM1_FLT1_IRQHandler
                0x080017bc                I2C3_ER_IRQHandler
                0x080017bc                DFSDM1_FLT2_IRQHandler
                0x080017bc                EXTI0_IRQHandler
                0x080017bc                I2C2_EV_IRQHandler
                0x080017bc                CAN1_RX0_IRQHandler
                0x080017bc                FPU_IRQHandler
                0x080017bc                TIM1_UP_TIM16_IRQHandler
                0x080017bc                ADC1_2_IRQHandler
                0x080017bc                SPI1_IRQHandler
                0x080017bc                TIM8_UP_IRQHandler
                0x080017bc                DMA2_Channel2_IRQHandler
                0x080017bc                DMA1_Channel4_IRQHandler
                0x080017bc                SAI2_IRQHandler
                0x080017bc                DFSDM1_FLT3_IRQHandler
                0x080017bc                USART3_IRQHandler
                0x080017bc                DMA1_Channel7_IRQHandler
                0x080017bc                CAN1_RX1_IRQHandler
                0x080017bc                UART5_IRQHandler
                0x080017bc                ADC3_IRQHandler
                0x080017bc                TIM4_IRQHandler
                0x080017bc                DMA2_Channel1_IRQHandler
                0x080017bc                QUADSPI_IRQHandler
                0x080017bc                I2C1_EV_IRQHandler
                0x080017bc                DMA1_Channel6_IRQHandler
                0x080017bc                UART4_IRQHandler
                0x080017bc                DMA2_Channel4_IRQHandler
                0x080017bc                RCC_IRQHandler
                0x080017bc                DMA1_Channel1_IRQHandler
                0x080017bc                Default_Handler
                0x080017bc                DMA2_Channel7_IRQHandler
                0x080017bc                SDMMC1_IRQHandler
                0x080017bc                TIM5_IRQHandler
                0x080017bc                I2C3_EV_IRQHandler
                0x080017bc                RTC_WKUP_IRQHandler
                0x080017bc                PVD_PVM_IRQHandler
                0x080017bc                SPI2_IRQHandler
                0x080017bc                CAN1_TX_IRQHandler
                0x080017bc                DMA2_Channel5_IRQHandler
                0x080017bc                DMA1_Channel5_IRQHandler
                0x080017bc                EXTI4_IRQHandler
                0x080017bc                RNG_IRQHandler
                0x080017bc                TIM1_TRG_COM_TIM17_IRQHandler
                0x080017bc                DMA1_Channel3_IRQHandler
                0x080017bc                COMP_IRQHandler
                0x080017bc                WWDG_IRQHandler
                0x080017bc                LPUART1_IRQHandler
                0x080017bc                DMA2_Channel6_IRQHandler
                0x080017bc                TIM2_IRQHandler
                0x080017bc                EXTI1_IRQHandler
                0x080017bc                USART2_IRQHandler
                0x080017bc                DFSDM1_FLT0_IRQHandler
                0x080017bc                I2C2_ER_IRQHandler
                0x080017bc                DMA1_Channel2_IRQHandler
                0x080017bc                TIM8_BRK_IRQHandler
                0x080017bc                CAN1_SCE_IRQHandler
                0x080017bc                FLASH_IRQHandler
                0x080017bc                USART1_IRQHandler
                0x080017bc                OTG_FS_IRQHandler
                0x080017bc                SPI3_IRQHandler
                0x080017bc                I2C1_ER_IRQHandler
                0x080017bc                FMC_IRQHandler
                0x080017bc                SWPMI1_IRQHandler
                0x080017bc                LPTIM1_IRQHandler
                0x080017bc                SAI1_IRQHandler
                0x080017bc                DMA2_Channel3_IRQHandler
                0x080017bc                TIM1_BRK_TIM15_IRQHandler
 *fill*         0x080017be        0x2 
 .text.HAL_InitTick
                0x080017c0       0x50 CMakeFiles/L475_Test.elf.dir/Drivers/STM32L4xx_HAL_Driver/Src/stm32l4xx_hal.c.obj
                0x080017c0                HAL_InitTick
 .text.HAL_Init
                0x08001810       0x1e CMakeFiles/L475_Test.elf.dir/Drivers/STM32L4xx_HAL_Driver/Src/stm32l4xx_hal.c.obj
                0x08001810                HAL_Init
 *fill*         0x0800182e        0x2 
 .text.HAL_IncTick
                0x08001830       0x18 CMakeFiles/L475_Test.elf.dir/Drivers/STM32L4xx_HAL_Driver/Src/stm32l4xx_hal.c.obj
                0x08001830                HAL_IncTick
 .text.HAL_GetTick
                0x08001848        0xc CMakeFiles/L475_Test.elf.dir/Drivers/STM32L4xx_HAL_Driver/Src/stm32l4xx_hal.c.obj
                0x08001848                HAL_GetTick
 .text.HAL_Delay
                0x08001854       0x28 CMakeFiles/L475_Test.elf.dir/Drivers/STM32L4xx_HAL_Driver/Src/stm32l4xx_hal.c.obj
                0x08001854                HAL_Delay
 .text.HAL_NVIC_SetPriorityGrouping
                0x0800187c       0x24 CMakeFiles/L475_Test.elf.dir/Drivers/STM32L4xx_HAL_Driver/Src/stm32l4xx_hal_cortex.c.obj
                0x0800187c                HAL_NVIC_SetPriorityGrouping
 .text.HAL_NVIC_SetPriority
                0x080018a0       0x70 CMakeFiles/L475_Test.elf.dir/Drivers/STM32L4xx_HAL_Driver/Src/stm32l4xx_hal_cortex.c.obj
                0x080018a0                HAL_NVIC_SetPriority
 .text.HAL_NVIC_EnableIRQ
                0x08001910       0x1c CMakeFiles/L475_Test.elf.dir/Drivers/STM32L4xx_HAL_Driver/Src/stm32l4xx_hal_cortex.c.obj
                0x08001910                HAL_NVIC_EnableIRQ
 .text.HAL_SYSTICK_Config
                0x0800192c       0x28 CMakeFiles/L475_Test.elf.dir/Drivers/STM32L4xx_HAL_Driver/Src/stm32l4xx_hal_cortex.c.obj
                0x0800192c                HAL_SYSTICK_Config
 .text.DFSDM_GetChannelFromInstance
                0x08001954       0x50 CMakeFiles/L475_Test.elf.dir/Drivers/STM32L4xx_HAL_Driver/Src/stm32l4xx_hal_dfsdm.c.obj
 .text.HAL_DFSDM_ChannelInit
                0x080019a4      0x108 CMakeFiles/L475_Test.elf.dir/Drivers/STM32L4xx_HAL_Driver/Src/stm32l4xx_hal_dfsdm.c.obj
                0x080019a4                HAL_DFSDM_ChannelInit
 .text.HAL_GPIO_Init
                0x08001aac      0x20c CMakeFiles/L475_Test.elf.dir/Drivers/STM32L4xx_HAL_Driver/Src/stm32l4xx_hal_gpio.c.obj
                0x08001aac                HAL_GPIO_Init
 .text.HAL_GPIO_WritePin
                0x08001cb8        0xa CMakeFiles/L475_Test.elf.dir/Drivers/STM32L4xx_HAL_Driver/Src/stm32l4xx_hal_gpio.c.obj
                0x08001cb8                HAL_GPIO_WritePin
 .text.HAL_GPIO_EXTI_Callback
                0x08001cc2        0x2 CMakeFiles/L475_Test.elf.dir/Drivers/STM32L4xx_HAL_Driver/Src/stm32l4xx_hal_gpio.c.obj
                0x08001cc2                HAL_GPIO_EXTI_Callback
 .text.HAL_GPIO_EXTI_IRQHandler
                0x08001cc4       0x1c CMakeFiles/L475_Test.elf.dir/Drivers/STM32L4xx_HAL_Driver/Src/stm32l4xx_hal_gpio.c.obj
                0x08001cc4                HAL_GPIO_EXTI_IRQHandler
 .text.HAL_I2C_Init
                0x08001ce0       0xbc CMakeFiles/L475_Test.elf.dir/Drivers/STM32L4xx_HAL_Driver/Src/stm32l4xx_hal_i2c.c.obj
                0x08001ce0                HAL_I2C_Init
 .text.HAL_I2CEx_ConfigAnalogFilter
                0x08001d9c       0x5c CMakeFiles/L475_Test.elf.dir/Drivers/STM32L4xx_HAL_Driver/Src/stm32l4xx_hal_i2c_ex.c.obj
                0x08001d9c                HAL_I2CEx_ConfigAnalogFilter
 .text.HAL_I2CEx_ConfigDigitalFilter
                0x08001df8       0x58 CMakeFiles/L475_Test.elf.dir/Drivers/STM32L4xx_HAL_Driver/Src/stm32l4xx_hal_i2c_ex.c.obj
                0x08001df8                HAL_I2CEx_ConfigDigitalFilter
 .text.HAL_PCD_Init
                0x08001e50      0x13c CMakeFiles/L475_Test.elf.dir/Drivers/STM32L4xx_HAL_Driver/Src/stm32l4xx_hal_pcd.c.obj
                0x08001e50                HAL_PCD_Init
 .text.HAL_PCDEx_ActivateLPM
                0x08001f8c       0x26 CMakeFiles/L475_Test.elf.dir/Drivers/STM32L4xx_HAL_Driver/Src/stm32l4xx_hal_pcd_ex.c.obj
                0x08001f8c                HAL_PCDEx_ActivateLPM
 *fill*         0x08001fb2        0x2 
 .text.HAL_PWR_EnableBkUpAccess
                0x08001fb4       0x10 CMakeFiles/L475_Test.elf.dir/Drivers/STM32L4xx_HAL_Driver/Src/stm32l4xx_hal_pwr.c.obj
                0x08001fb4                HAL_PWR_EnableBkUpAccess
 .text.HAL_PWREx_GetVoltageRange
                0x08001fc4       0x10 CMakeFiles/L475_Test.elf.dir/Drivers/STM32L4xx_HAL_Driver/Src/stm32l4xx_hal_pwr_ex.c.obj
                0x08001fc4                HAL_PWREx_GetVoltageRange
 .text.HAL_PWREx_ControlVoltageScaling
                0x08001fd4       0x90 CMakeFiles/L475_Test.elf.dir/Drivers/STM32L4xx_HAL_Driver/Src/stm32l4xx_hal_pwr_ex.c.obj
                0x08001fd4                HAL_PWREx_ControlVoltageScaling
 .text.HAL_PWREx_EnableVddUSB
                0x08002064       0x10 CMakeFiles/L475_Test.elf.dir/Drivers/STM32L4xx_HAL_Driver/Src/stm32l4xx_hal_pwr_ex.c.obj
                0x08002064                HAL_PWREx_EnableVddUSB
 .text.QSPI_WaitFlagStateUntilTimeout
                0x08002074       0x54 CMakeFiles/L475_Test.elf.dir/Drivers/STM32L4xx_HAL_Driver/Src/stm32l4xx_hal_qspi.c.obj
 .text.HAL_QSPI_SetTimeout
                0x080020c8        0x4 CMakeFiles/L475_Test.elf.dir/Drivers/STM32L4xx_HAL_Driver/Src/stm32l4xx_hal_qspi.c.obj
                0x080020c8                HAL_QSPI_SetTimeout
 .text.HAL_QSPI_Init
                0x080020cc       0xa8 CMakeFiles/L475_Test.elf.dir/Drivers/STM32L4xx_HAL_Driver/Src/stm32l4xx_hal_qspi.c.obj
                0x080020cc                HAL_QSPI_Init
 .text.RCC_SetFlashLatencyFromMSIRange
                0x08002174       0x90 CMakeFiles/L475_Test.elf.dir/Drivers/STM32L4xx_HAL_Driver/Src/stm32l4xx_hal_rcc.c.obj
 .text.HAL_RCC_GetSysClockFreq
                0x08002204       0xb4 CMakeFiles/L475_Test.elf.dir/Drivers/STM32L4xx_HAL_Driver/Src/stm32l4xx_hal_rcc.c.obj
                0x08002204                HAL_RCC_GetSysClockFreq
 .text.HAL_RCC_OscConfig
                0x080022b8      0x61c CMakeFiles/L475_Test.elf.dir/Drivers/STM32L4xx_HAL_Driver/Src/stm32l4xx_hal_rcc.c.obj
                0x080022b8                HAL_RCC_OscConfig
 .text.HAL_RCC_ClockConfig
                0x080028d4      0x188 CMakeFiles/L475_Test.elf.dir/Drivers/STM32L4xx_HAL_Driver/Src/stm32l4xx_hal_rcc.c.obj
                0x080028d4                HAL_RCC_ClockConfig
 .text.HAL_RCC_GetHCLKFreq
                0x08002a5c        0xc CMakeFiles/L475_Test.elf.dir/Drivers/STM32L4xx_HAL_Driver/Src/stm32l4xx_hal_rcc.c.obj
                0x08002a5c                HAL_RCC_GetHCLKFreq
 .text.HAL_RCC_GetPCLK1Freq
                0x08002a68       0x24 CMakeFiles/L475_Test.elf.dir/Drivers/STM32L4xx_HAL_Driver/Src/stm32l4xx_hal_rcc.c.obj
                0x08002a68                HAL_RCC_GetPCLK1Freq
 .text.HAL_RCC_GetPCLK2Freq
                0x08002a8c       0x24 CMakeFiles/L475_Test.elf.dir/Drivers/STM32L4xx_HAL_Driver/Src/stm32l4xx_hal_rcc.c.obj
                0x08002a8c                HAL_RCC_GetPCLK2Freq
 .text.RCCEx_PLLSAI1_Config
                0x08002ab0      0x170 CMakeFiles/L475_Test.elf.dir/Drivers/STM32L4xx_HAL_Driver/Src/stm32l4xx_hal_rcc_ex.c.obj
 .text.RCCEx_PLLSAI2_Config
                0x08002c20      0x14c CMakeFiles/L475_Test.elf.dir/Drivers/STM32L4xx_HAL_Driver/Src/stm32l4xx_hal_rcc_ex.c.obj
 .text.HAL_RCCEx_PeriphCLKConfig
                0x08002d6c      0x454 CMakeFiles/L475_Test.elf.dir/Drivers/STM32L4xx_HAL_Driver/Src/stm32l4xx_hal_rcc_ex.c.obj
                0x08002d6c                HAL_RCCEx_PeriphCLKConfig
 .text.HAL_RCCEx_EnableMSIPLLMode
                0x080031c0       0x10 CMakeFiles/L475_Test.elf.dir/Drivers/STM32L4xx_HAL_Driver/Src/stm32l4xx_hal_rcc_ex.c.obj
                0x080031c0                HAL_RCCEx_EnableMSIPLLMode
 .text.SPI_WaitFlagStateUntilTimeout
                0x080031d0       0xd4 CMakeFiles/L475_Test.elf.dir/Drivers/STM32L4xx_HAL_Driver/Src/stm32l4xx_hal_spi.c.obj
 .text.SPI_WaitFifoStateUntilTimeout
                0x080032a4       0xf4 CMakeFiles/L475_Test.elf.dir/Drivers/STM32L4xx_HAL_Driver/Src/stm32l4xx_hal_spi.c.obj
 .text.SPI_EndRxTxTransaction
                0x08003398       0x62 CMakeFiles/L475_Test.elf.dir/Drivers/STM32L4xx_HAL_Driver/Src/stm32l4xx_hal_spi.c.obj
 .text.HAL_SPI_Init
                0x080033fa       0xde CMakeFiles/L475_Test.elf.dir/Drivers/STM32L4xx_HAL_Driver/Src/stm32l4xx_hal_spi.c.obj
                0x080033fa                HAL_SPI_Init
 .text.HAL_SPI_TransmitReceive
                0x080034d8      0x2de CMakeFiles/L475_Test.elf.dir/Drivers/STM32L4xx_HAL_Driver/Src/stm32l4xx_hal_spi.c.obj
                0x080034d8                HAL_SPI_TransmitReceive
 .text.TIM_TI1_ConfigInputStage
                0x080037b6       0x24 CMakeFiles/L475_Test.elf.dir/Drivers/STM32L4xx_HAL_Driver/Src/stm32l4xx_hal_tim.c.obj
 .text.TIM_TI2_ConfigInputStage
                0x080037da       0x26 CMakeFiles/L475_Test.elf.dir/Drivers/STM32L4xx_HAL_Driver/Src/stm32l4xx_hal_tim.c.obj
 .text.TIM_ITRx_SetConfig
                0x08003800       0x10 CMakeFiles/L475_Test.elf.dir/Drivers/STM32L4xx_HAL_Driver/Src/stm32l4xx_hal_tim.c.obj
 .text.HAL_TIM_Base_Start_IT
                0x08003810       0x8c CMakeFiles/L475_Test.elf.dir/Drivers/STM32L4xx_HAL_Driver/Src/stm32l4xx_hal_tim.c.obj
                0x08003810                HAL_TIM_Base_Start_IT
 .text.HAL_TIM_OC_DelayElapsedCallback
                0x0800389c        0x2 CMakeFiles/L475_Test.elf.dir/Drivers/STM32L4xx_HAL_Driver/Src/stm32l4xx_hal_tim.c.obj
                0x0800389c                HAL_TIM_OC_DelayElapsedCallback
 .text.HAL_TIM_IC_CaptureCallback
                0x0800389e        0x2 CMakeFiles/L475_Test.elf.dir/Drivers/STM32L4xx_HAL_Driver/Src/stm32l4xx_hal_tim.c.obj
                0x0800389e                HAL_TIM_IC_CaptureCallback
 .text.HAL_TIM_PWM_PulseFinishedCallback
                0x080038a0        0x2 CMakeFiles/L475_Test.elf.dir/Drivers/STM32L4xx_HAL_Driver/Src/stm32l4xx_hal_tim.c.obj
                0x080038a0                HAL_TIM_PWM_PulseFinishedCallback
 .text.HAL_TIM_TriggerCallback
                0x080038a2        0x2 CMakeFiles/L475_Test.elf.dir/Drivers/STM32L4xx_HAL_Driver/Src/stm32l4xx_hal_tim.c.obj
                0x080038a2                HAL_TIM_TriggerCallback
 .text.HAL_TIM_IRQHandler
                0x080038a4      0x19a CMakeFiles/L475_Test.elf.dir/Drivers/STM32L4xx_HAL_Driver/Src/stm32l4xx_hal_tim.c.obj
                0x080038a4                HAL_TIM_IRQHandler
 *fill*         0x08003a3e        0x2 
 .text.TIM_Base_SetConfig
                0x08003a40       0xc8 CMakeFiles/L475_Test.elf.dir/Drivers/STM32L4xx_HAL_Driver/Src/stm32l4xx_hal_tim.c.obj
                0x08003a40                TIM_Base_SetConfig
 .text.HAL_TIM_Base_Init
                0x08003b08       0x60 CMakeFiles/L475_Test.elf.dir/Drivers/STM32L4xx_HAL_Driver/Src/stm32l4xx_hal_tim.c.obj
                0x08003b08                HAL_TIM_Base_Init
 .text.TIM_ETR_SetConfig
                0x08003b68       0x18 CMakeFiles/L475_Test.elf.dir/Drivers/STM32L4xx_HAL_Driver/Src/stm32l4xx_hal_tim.c.obj
                0x08003b68                TIM_ETR_SetConfig
 .text.HAL_TIM_ConfigClockSource
                0x08003b80      0x100 CMakeFiles/L475_Test.elf.dir/Drivers/STM32L4xx_HAL_Driver/Src/stm32l4xx_hal_tim.c.obj
                0x08003b80                HAL_TIM_ConfigClockSource
 .text.HAL_TIMEx_MasterConfigSynchronization
                0x08003c80       0x98 CMakeFiles/L475_Test.elf.dir/Drivers/STM32L4xx_HAL_Driver/Src/stm32l4xx_hal_tim_ex.c.obj
                0x08003c80                HAL_TIMEx_MasterConfigSynchronization
 .text.HAL_TIMEx_CommutCallback
                0x08003d18        0x2 CMakeFiles/L475_Test.elf.dir/Drivers/STM32L4xx_HAL_Driver/Src/stm32l4xx_hal_tim_ex.c.obj
                0x08003d18                HAL_TIMEx_CommutCallback
 .text.HAL_TIMEx_BreakCallback
                0x08003d1a        0x2 CMakeFiles/L475_Test.elf.dir/Drivers/STM32L4xx_HAL_Driver/Src/stm32l4xx_hal_tim_ex.c.obj
                0x08003d1a                HAL_TIMEx_BreakCallback
 .text.HAL_TIMEx_Break2Callback
                0x08003d1c        0x2 CMakeFiles/L475_Test.elf.dir/Drivers/STM32L4xx_HAL_Driver/Src/stm32l4xx_hal_tim_ex.c.obj
                0x08003d1c                HAL_TIMEx_Break2Callback
 *fill*         0x08003d1e        0x2 
 .text.UART_SetConfig
                0x08003d20      0x328 CMakeFiles/L475_Test.elf.dir/Drivers/STM32L4xx_HAL_Driver/Src/stm32l4xx_hal_uart.c.obj
                0x08003d20                UART_SetConfig
 .text.UART_AdvFeatureConfig
                0x08004048       0xca CMakeFiles/L475_Test.elf.dir/Drivers/STM32L4xx_HAL_Driver/Src/stm32l4xx_hal_uart.c.obj
                0x08004048                UART_AdvFeatureConfig
 .text.UART_WaitOnFlagUntilTimeout
                0x08004112       0xd4 CMakeFiles/L475_Test.elf.dir/Drivers/STM32L4xx_HAL_Driver/Src/stm32l4xx_hal_uart.c.obj
                0x08004112                UART_WaitOnFlagUntilTimeout
 .text.HAL_UART_Transmit
                0x080041e6       0xd8 CMakeFiles/L475_Test.elf.dir/Drivers/STM32L4xx_HAL_Driver/Src/stm32l4xx_hal_uart.c.obj
                0x080041e6                HAL_UART_Transmit
 .text.UART_CheckIdleState
                0x080042be       0x70 CMakeFiles/L475_Test.elf.dir/Drivers/STM32L4xx_HAL_Driver/Src/stm32l4xx_hal_uart.c.obj
                0x080042be                UART_CheckIdleState
 .text.HAL_UART_Init
                0x0800432e       0x62 CMakeFiles/L475_Test.elf.dir/Drivers/STM32L4xx_HAL_Driver/Src/stm32l4xx_hal_uart.c.obj
                0x0800432e                HAL_UART_Init
 .text.USB_CoreReset
                0x08004390       0x50 CMakeFiles/L475_Test.elf.dir/Drivers/STM32L4xx_HAL_Driver/Src/stm32l4xx_ll_usb.c.obj
 .text.USB_CoreInit
                0x080043e0       0x38 CMakeFiles/L475_Test.elf.dir/Drivers/STM32L4xx_HAL_Driver/Src/stm32l4xx_ll_usb.c.obj
                0x080043e0                USB_CoreInit
 .text.USB_DisableGlobalInt
                0x08004418        0xc CMakeFiles/L475_Test.elf.dir/Drivers/STM32L4xx_HAL_Driver/Src/stm32l4xx_ll_usb.c.obj
                0x08004418                USB_DisableGlobalInt
 .text.USB_FlushTxFifo
                0x08004424       0x50 CMakeFiles/L475_Test.elf.dir/Drivers/STM32L4xx_HAL_Driver/Src/stm32l4xx_ll_usb.c.obj
                0x08004424                USB_FlushTxFifo
 .text.USB_FlushRxFifo
                0x08004474       0x4c CMakeFiles/L475_Test.elf.dir/Drivers/STM32L4xx_HAL_Driver/Src/stm32l4xx_ll_usb.c.obj
                0x08004474                USB_FlushRxFifo
 .text.USB_SetDevSpeed
                0x080044c0        0xe CMakeFiles/L475_Test.elf.dir/Drivers/STM32L4xx_HAL_Driver/Src/stm32l4xx_ll_usb.c.obj
                0x080044c0                USB_SetDevSpeed
 *fill*         0x080044ce        0x2 
 .text.USB_DevInit
                0x080044d0      0x164 CMakeFiles/L475_Test.elf.dir/Drivers/STM32L4xx_HAL_Driver/Src/stm32l4xx_ll_usb.c.obj
                0x080044d0                USB_DevInit
 .text.USB_DevDisconnect
                0x08004634       0x1c CMakeFiles/L475_Test.elf.dir/Drivers/STM32L4xx_HAL_Driver/Src/stm32l4xx_ll_usb.c.obj
                0x08004634                USB_DevDisconnect
 .text.USB_GetMode
                0x08004650        0x8 CMakeFiles/L475_Test.elf.dir/Drivers/STM32L4xx_HAL_Driver/Src/stm32l4xx_ll_usb.c.obj
                0x08004650                USB_GetMode
 .text.USB_SetCurrentMode
                0x08004658       0x62 CMakeFiles/L475_Test.elf.dir/Drivers/STM32L4xx_HAL_Driver/Src/stm32l4xx_ll_usb.c.obj
                0x08004658                USB_SetCurrentMode
 *fill*         0x080046ba        0x2 
 .text.__errno  0x080046bc        0xc c:/progra~2/gnuarm~1/102021~1.10/bin/../lib/gcc/arm-none-eabi/10.3.1/../../../../arm-none-eabi/lib/thumb/v7e-m/nofp\libg.a(lib_a-errno.o)
                0x080046bc                __errno
 .text.__libc_init_array
                0x080046c8       0x48 c:/progra~2/gnuarm~1/102021~1.10/bin/../lib/gcc/arm-none-eabi/10.3.1/../../../../arm-none-eabi/lib/thumb/v7e-m/nofp\libg.a(lib_a-init.o)
                0x080046c8                __libc_init_array
 .text.memset   0x08004710       0xa4 c:/progra~2/gnuarm~1/102021~1.10/bin/../lib/gcc/arm-none-eabi/10.3.1/../../../../arm-none-eabi/lib/thumb/v7e-m/nofp\libg.a(lib_a-memset.o)
                0x08004710                memset
 .text._puts_r  0x080047b4       0x9c c:/progra~2/gnuarm~1/102021~1.10/bin/../lib/gcc/arm-none-eabi/10.3.1/../../../../arm-none-eabi/lib/thumb/v7e-m/nofp\libg.a(lib_a-puts.o)
                0x080047b4                _puts_r
 .text.puts     0x08004850       0x10 c:/progra~2/gnuarm~1/102021~1.10/bin/../lib/gcc/arm-none-eabi/10.3.1/../../../../arm-none-eabi/lib/thumb/v7e-m/nofp\libg.a(lib_a-puts.o)
                0x08004850                puts
 .text.__swsetup_r
                0x08004860       0xd4 c:/progra~2/gnuarm~1/102021~1.10/bin/../lib/gcc/arm-none-eabi/10.3.1/../../../../arm-none-eabi/lib/thumb/v7e-m/nofp\libg.a(lib_a-wsetup.o)
                0x08004860                __swsetup_r
 .text.startup.register_fini
                0x08004934       0x14 c:/progra~2/gnuarm~1/102021~1.10/bin/../lib/gcc/arm-none-eabi/10.3.1/../../../../arm-none-eabi/lib/thumb/v7e-m/nofp\libg.a(lib_a-__call_atexit.o)
 .text.atexit   0x08004948        0xc c:/progra~2/gnuarm~1/102021~1.10/bin/../lib/gcc/arm-none-eabi/10.3.1/../../../../arm-none-eabi/lib/thumb/v7e-m/nofp\libg.a(lib_a-atexit.o)
                0x08004948                atexit
 .text.__sflush_r
                0x08004954      0x120 c:/progra~2/gnuarm~1/102021~1.10/bin/../lib/gcc/arm-none-eabi/10.3.1/../../../../arm-none-eabi/lib/thumb/v7e-m/nofp\libg.a(lib_a-fflush.o)
                0x08004954                __sflush_r
 .text._fflush_r
                0x08004a74       0x5c c:/progra~2/gnuarm~1/102021~1.10/bin/../lib/gcc/arm-none-eabi/10.3.1/../../../../arm-none-eabi/lib/thumb/v7e-m/nofp\libg.a(lib_a-fflush.o)
                0x08004a74                _fflush_r
 .text._cleanup_r
                0x08004ad0        0xc c:/progra~2/gnuarm~1/102021~1.10/bin/../lib/gcc/arm-none-eabi/10.3.1/../../../../arm-none-eabi/lib/thumb/v7e-m/nofp\libg.a(lib_a-findfp.o)
                0x08004ad0                _cleanup_r
 .text.__sinit  0x08004adc      0x10c c:/progra~2/gnuarm~1/102021~1.10/bin/../lib/gcc/arm-none-eabi/10.3.1/../../../../arm-none-eabi/lib/thumb/v7e-m/nofp\libg.a(lib_a-findfp.o)
                0x08004adc                __sinit
 .text.__sfp_lock_acquire
                0x08004be8        0xc c:/progra~2/gnuarm~1/102021~1.10/bin/../lib/gcc/arm-none-eabi/10.3.1/../../../../arm-none-eabi/lib/thumb/v7e-m/nofp\libg.a(lib_a-findfp.o)
                0x08004be8                __sfp_lock_acquire
 .text.__sfp_lock_release
                0x08004bf4        0xc c:/progra~2/gnuarm~1/102021~1.10/bin/../lib/gcc/arm-none-eabi/10.3.1/../../../../arm-none-eabi/lib/thumb/v7e-m/nofp\libg.a(lib_a-findfp.o)
                0x08004bf4                __sfp_lock_release
 .text.__libc_fini_array
                0x08004c00       0x2c c:/progra~2/gnuarm~1/102021~1.10/bin/../lib/gcc/arm-none-eabi/10.3.1/../../../../arm-none-eabi/lib/thumb/v7e-m/nofp\libg.a(lib_a-fini.o)
                0x08004c00                __libc_fini_array
 .text._malloc_trim_r
                0x08004c2c       0xa0 c:/progra~2/gnuarm~1/102021~1.10/bin/../lib/gcc/arm-none-eabi/10.3.1/../../../../arm-none-eabi/lib/thumb/v7e-m/nofp\libg.a(lib_a-freer.o)
                0x08004c2c                _malloc_trim_r
 .text._free_r  0x08004ccc      0x20c c:/progra~2/gnuarm~1/102021~1.10/bin/../lib/gcc/arm-none-eabi/10.3.1/../../../../arm-none-eabi/lib/thumb/v7e-m/nofp\libg.a(lib_a-freer.o)
                0x08004ccc                _free_r
 .text.__sfvwrite_r
                0x08004ed8      0x2e8 c:/progra~2/gnuarm~1/102021~1.10/bin/../lib/gcc/arm-none-eabi/10.3.1/../../../../arm-none-eabi/lib/thumb/v7e-m/nofp\libg.a(lib_a-fvwrite.o)
                0x08004ed8                __sfvwrite_r
 .text._fwalk_reent
                0x080051c0       0x48 c:/progra~2/gnuarm~1/102021~1.10/bin/../lib/gcc/arm-none-eabi/10.3.1/../../../../arm-none-eabi/lib/thumb/v7e-m/nofp\libg.a(lib_a-fwalk.o)
                0x080051c0                _fwalk_reent
 .text.__retarget_lock_init_recursive
                0x08005208        0x4 c:/progra~2/gnuarm~1/102021~1.10/bin/../lib/gcc/arm-none-eabi/10.3.1/../../../../arm-none-eabi/lib/thumb/v7e-m/nofp\libg.a(lib_a-lock.o)
                0x08005208                __retarget_lock_init_recursive
 .text.__retarget_lock_close_recursive
                0x0800520c        0x4 c:/progra~2/gnuarm~1/102021~1.10/bin/../lib/gcc/arm-none-eabi/10.3.1/../../../../arm-none-eabi/lib/thumb/v7e-m/nofp\libg.a(lib_a-lock.o)
                0x0800520c                __retarget_lock_close_recursive
 .text.__retarget_lock_acquire_recursive
                0x08005210        0x4 c:/progra~2/gnuarm~1/102021~1.10/bin/../lib/gcc/arm-none-eabi/10.3.1/../../../../arm-none-eabi/lib/thumb/v7e-m/nofp\libg.a(lib_a-lock.o)
                0x08005210                __retarget_lock_acquire_recursive
 .text.__retarget_lock_release_recursive
                0x08005214        0x4 c:/progra~2/gnuarm~1/102021~1.10/bin/../lib/gcc/arm-none-eabi/10.3.1/../../../../arm-none-eabi/lib/thumb/v7e-m/nofp\libg.a(lib_a-lock.o)
                0x08005214                __retarget_lock_release_recursive
 .text.__smakebuf_r
                0x08005218       0xe0 c:/progra~2/gnuarm~1/102021~1.10/bin/../lib/gcc/arm-none-eabi/10.3.1/../../../../arm-none-eabi/lib/thumb/v7e-m/nofp\libg.a(lib_a-makebuf.o)
                0x08005218                __smakebuf_r
 .text._malloc_r
                0x080052f8      0x560 c:/progra~2/gnuarm~1/102021~1.10/bin/../lib/gcc/arm-none-eabi/10.3.1/../../../../arm-none-eabi/lib/thumb/v7e-m/nofp\libg.a(lib_a-mallocr.o)
                0x080052f8                _malloc_r
 .text.memmove  0x08005858       0xf8 c:/progra~2/gnuarm~1/102021~1.10/bin/../lib/gcc/arm-none-eabi/10.3.1/../../../../arm-none-eabi/lib/thumb/v7e-m/nofp\libg.a(lib_a-memmove.o)
                0x08005858                memmove
 .text.__malloc_lock
                0x08005950        0xc c:/progra~2/gnuarm~1/102021~1.10/bin/../lib/gcc/arm-none-eabi/10.3.1/../../../../arm-none-eabi/lib/thumb/v7e-m/nofp\libg.a(lib_a-mlock.o)
                0x08005950                __malloc_lock
 .text.__malloc_unlock
                0x0800595c        0xc c:/progra~2/gnuarm~1/102021~1.10/bin/../lib/gcc/arm-none-eabi/10.3.1/../../../../arm-none-eabi/lib/thumb/v7e-m/nofp\libg.a(lib_a-mlock.o)
                0x0800595c                __malloc_unlock
 .text._realloc_r
                0x08005968      0x3d8 c:/progra~2/gnuarm~1/102021~1.10/bin/../lib/gcc/arm-none-eabi/10.3.1/../../../../arm-none-eabi/lib/thumb/v7e-m/nofp\libg.a(lib_a-reallocr.o)
                0x08005968                _realloc_r
 .text._sbrk_r  0x08005d40       0x24 c:/progra~2/gnuarm~1/102021~1.10/bin/../lib/gcc/arm-none-eabi/10.3.1/../../../../arm-none-eabi/lib/thumb/v7e-m/nofp\libg.a(lib_a-sbrkr.o)
                0x08005d40                _sbrk_r
 .text.__sread  0x08005d64       0x24 c:/progra~2/gnuarm~1/102021~1.10/bin/../lib/gcc/arm-none-eabi/10.3.1/../../../../arm-none-eabi/lib/thumb/v7e-m/nofp\libg.a(lib_a-stdio.o)
                0x08005d64                __sread
 .text.__swrite
                0x08005d88       0x40 c:/progra~2/gnuarm~1/102021~1.10/bin/../lib/gcc/arm-none-eabi/10.3.1/../../../../arm-none-eabi/lib/thumb/v7e-m/nofp\libg.a(lib_a-stdio.o)
                0x08005d88                __swrite
 .text.__sseek  0x08005dc8       0x20 c:/progra~2/gnuarm~1/102021~1.10/bin/../lib/gcc/arm-none-eabi/10.3.1/../../../../arm-none-eabi/lib/thumb/v7e-m/nofp\libg.a(lib_a-stdio.o)
                0x08005dc8                __sseek
 .text.__sclose
                0x08005de8        0x8 c:/progra~2/gnuarm~1/102021~1.10/bin/../lib/gcc/arm-none-eabi/10.3.1/../../../../arm-none-eabi/lib/thumb/v7e-m/nofp\libg.a(lib_a-stdio.o)
                0x08005de8                __sclose
 .text._write_r
                0x08005df0       0x2c c:/progra~2/gnuarm~1/102021~1.10/bin/../lib/gcc/arm-none-eabi/10.3.1/../../../../arm-none-eabi/lib/thumb/v7e-m/nofp\libg.a(lib_a-writer.o)
                0x08005df0                _write_r
 .text.__register_exitproc
                0x08005e1c       0x8c c:/progra~2/gnuarm~1/102021~1.10/bin/../lib/gcc/arm-none-eabi/10.3.1/../../../../arm-none-eabi/lib/thumb/v7e-m/nofp\libg.a(lib_a-__atexit.o)
                0x08005e1c                __register_exitproc
 .text._close_r
                0x08005ea8       0x24 c:/progra~2/gnuarm~1/102021~1.10/bin/../lib/gcc/arm-none-eabi/10.3.1/../../../../arm-none-eabi/lib/thumb/v7e-m/nofp\libg.a(lib_a-closer.o)
                0x08005ea8                _close_r
 .text._fclose_r
                0x08005ecc       0xcc c:/progra~2/gnuarm~1/102021~1.10/bin/../lib/gcc/arm-none-eabi/10.3.1/../../../../arm-none-eabi/lib/thumb/v7e-m/nofp\libg.a(lib_a-fclose.o)
                0x08005ecc                _fclose_r
 .text._fstat_r
                0x08005f98       0x2c c:/progra~2/gnuarm~1/102021~1.10/bin/../lib/gcc/arm-none-eabi/10.3.1/../../../../arm-none-eabi/lib/thumb/v7e-m/nofp\libg.a(lib_a-fstatr.o)
                0x08005f98                _fstat_r
 .text._isatty_r
                0x08005fc4       0x24 c:/progra~2/gnuarm~1/102021~1.10/bin/../lib/gcc/arm-none-eabi/10.3.1/../../../../arm-none-eabi/lib/thumb/v7e-m/nofp\libg.a(lib_a-isattyr.o)
                0x08005fc4                _isatty_r
 .text._lseek_r
                0x08005fe8       0x2c c:/progra~2/gnuarm~1/102021~1.10/bin/../lib/gcc/arm-none-eabi/10.3.1/../../../../arm-none-eabi/lib/thumb/v7e-m/nofp\libg.a(lib_a-lseekr.o)
                0x08005fe8                _lseek_r
 .text._read_r  0x08006014       0x2c c:/progra~2/gnuarm~1/102021~1.10/bin/../lib/gcc/arm-none-eabi/10.3.1/../../../../arm-none-eabi/lib/thumb/v7e-m/nofp\libg.a(lib_a-readr.o)
                0x08006014                _read_r
 *(.glue_7)
 .glue_7        0x08006040        0x0 linker stubs
 *(.glue_7t)
 .glue_7t       0x08006040        0x0 linker stubs
 *(.eh_frame)
 .eh_frame      0x08006040        0x0 c:/progra~2/gnuarm~1/102021~1.10/bin/../lib/gcc/arm-none-eabi/10.3.1/thumb/v7e-m/nofp/crtbegin.o
 *(.init)
 .init          0x08006040        0x4 c:/progra~2/gnuarm~1/102021~1.10/bin/../lib/gcc/arm-none-eabi/10.3.1/thumb/v7e-m/nofp/crti.o
                0x08006040                _init
 .init          0x08006044        0x8 c:/progra~2/gnuarm~1/102021~1.10/bin/../lib/gcc/arm-none-eabi/10.3.1/thumb/v7e-m/nofp/crtn.o
 *(.fini)
 .fini          0x0800604c        0x4 c:/progra~2/gnuarm~1/102021~1.10/bin/../lib/gcc/arm-none-eabi/10.3.1/thumb/v7e-m/nofp/crti.o
                0x0800604c                _fini
 .fini          0x08006050        0x8 c:/progra~2/gnuarm~1/102021~1.10/bin/../lib/gcc/arm-none-eabi/10.3.1/thumb/v7e-m/nofp/crtn.o
                0x08006058                . = ALIGN (0x4)
                0x08006058                _etext = .

.vfp11_veneer   0x08006058        0x0
 .vfp11_veneer  0x08006058        0x0 linker stubs

.v4_bx          0x08006058        0x0
 .v4_bx         0x08006058        0x0 linker stubs

.iplt           0x08006058        0x0
 .iplt          0x08006058        0x0 c:/progra~2/gnuarm~1/102021~1.10/bin/../lib/gcc/arm-none-eabi/10.3.1/thumb/v7e-m/nofp/crtbegin.o

.rodata         0x08006058       0x78
                0x08006058                . = ALIGN (0x4)
 *(.rodata)
 *(.rodata*)
 .rodata.main.str1.4
                0x08006058       0x28 CMakeFiles/L475_Test.elf.dir/Core/Src/main.c.obj
 .rodata.AHBPrescTable
                0x08006080       0x10 CMakeFiles/L475_Test.elf.dir/Core/Src/system_stm32l4xx.c.obj
                0x08006080                AHBPrescTable
 .rodata.APBPrescTable
                0x08006090        0x8 CMakeFiles/L475_Test.elf.dir/Core/Src/system_stm32l4xx.c.obj
                0x08006090                APBPrescTable
 .rodata.MSIRangeTable
                0x08006098       0x30 CMakeFiles/L475_Test.elf.dir/Core/Src/system_stm32l4xx.c.obj
                0x08006098                MSIRangeTable
 .rodata._global_impure_ptr
                0x080060c8        0x4 c:/progra~2/gnuarm~1/102021~1.10/bin/../lib/gcc/arm-none-eabi/10.3.1/../../../../arm-none-eabi/lib/thumb/v7e-m/nofp\libg.a(lib_a-impure.o)
                0x080060c8                _global_impure_ptr
 .rodata._puts_r.str1.4
                0x080060cc        0x2 c:/progra~2/gnuarm~1/102021~1.10/bin/../lib/gcc/arm-none-eabi/10.3.1/../../../../arm-none-eabi/lib/thumb/v7e-m/nofp\libg.a(lib_a-puts.o)
                0x080060d0                . = ALIGN (0x4)
 *fill*         0x080060ce        0x2 

.ARM.extab      0x080060d0        0x0
                0x080060d0                . = ALIGN (0x4)
 *(.ARM.extab* .gnu.linkonce.armextab.*)
                0x080060d0                . = ALIGN (0x4)

.ARM            0x080060d0        0x8
                0x080060d0                . = ALIGN (0x4)
                0x080060d0                __exidx_start = .
 *(.ARM.exidx*)
 .ARM.exidx     0x080060d0        0x8 c:/progra~2/gnuarm~1/102021~1.10/bin/../lib/gcc/arm-none-eabi/10.3.1/thumb/v7e-m/nofp\libgcc.a(_udivmoddi4.o)
                0x080060d8                __exidx_end = .
                0x080060d8                . = ALIGN (0x4)

.rel.dyn        0x080060d8        0x0
 .rel.iplt      0x080060d8        0x0 c:/progra~2/gnuarm~1/102021~1.10/bin/../lib/gcc/arm-none-eabi/10.3.1/thumb/v7e-m/nofp/crtbegin.o

.preinit_array  0x080060d8        0x0
                0x080060d8                . = ALIGN (0x4)
                0x080060d8                PROVIDE (__preinit_array_start = .)
 *(.preinit_array*)
                0x080060d8                PROVIDE (__preinit_array_end = .)
                0x080060d8                . = ALIGN (0x4)

.init_array     0x080060d8        0x8
                0x080060d8                . = ALIGN (0x4)
                0x080060d8                PROVIDE (__init_array_start = .)
 *(SORT_BY_NAME(.init_array.*))
 .init_array.00000
                0x080060d8        0x4 c:/progra~2/gnuarm~1/102021~1.10/bin/../lib/gcc/arm-none-eabi/10.3.1/../../../../arm-none-eabi/lib/thumb/v7e-m/nofp\libg.a(lib_a-__call_atexit.o)
 *(.init_array*)
 .init_array    0x080060dc        0x4 c:/progra~2/gnuarm~1/102021~1.10/bin/../lib/gcc/arm-none-eabi/10.3.1/thumb/v7e-m/nofp/crtbegin.o
                0x080060e0                PROVIDE (__init_array_end = .)
                0x080060e0                . = ALIGN (0x4)

.fini_array     0x080060e0        0x4
                0x080060e0                . = ALIGN (0x4)
                0x080060e0                PROVIDE (__fini_array_start = .)
 *(SORT_BY_NAME(.fini_array.*))
 *(.fini_array*)
 .fini_array    0x080060e0        0x4 c:/progra~2/gnuarm~1/102021~1.10/bin/../lib/gcc/arm-none-eabi/10.3.1/thumb/v7e-m/nofp/crtbegin.o
                0x080060e4                PROVIDE (__fini_array_end = .)
                0x080060e4                . = ALIGN (0x4)
                0x080060e4                _sidata = LOADADDR (.data)

.data           0x20000000      0x854 load address 0x080060e4
                0x20000000                . = ALIGN (0x4)
                0x20000000                _sdata = .
 *(.data)
 *(.data*)
 .data.imporant_data
                0x20000000        0x1 CMakeFiles/L475_Test.elf.dir/Core/Src/main.c.obj
                0x20000000                imporant_data
 *fill*         0x20000001        0x3 
 .data.SystemCoreClock
                0x20000004        0x4 CMakeFiles/L475_Test.elf.dir/Core/Src/system_stm32l4xx.c.obj
                0x20000004                SystemCoreClock
 .data.uwTickFreq
                0x20000008        0x1 CMakeFiles/L475_Test.elf.dir/Drivers/STM32L4xx_HAL_Driver/Src/stm32l4xx_hal.c.obj
                0x20000008                uwTickFreq
 *fill*         0x20000009        0x3 
 .data.uwTickPrio
                0x2000000c        0x4 CMakeFiles/L475_Test.elf.dir/Drivers/STM32L4xx_HAL_Driver/Src/stm32l4xx_hal.c.obj
                0x2000000c                uwTickPrio
 .data._impure_ptr
                0x20000010        0x4 c:/progra~2/gnuarm~1/102021~1.10/bin/../lib/gcc/arm-none-eabi/10.3.1/../../../../arm-none-eabi/lib/thumb/v7e-m/nofp\libg.a(lib_a-impure.o)
                0x20000010                _impure_ptr
 *fill*         0x20000014        0x4 
 .data.impure_data
                0x20000018      0x428 c:/progra~2/gnuarm~1/102021~1.10/bin/../lib/gcc/arm-none-eabi/10.3.1/../../../../arm-none-eabi/lib/thumb/v7e-m/nofp\libg.a(lib_a-impure.o)
 .data.__atexit_recursive_mutex
                0x20000440        0x4 c:/progra~2/gnuarm~1/102021~1.10/bin/../lib/gcc/arm-none-eabi/10.3.1/../../../../arm-none-eabi/lib/thumb/v7e-m/nofp\libg.a(lib_a-__call_atexit.o)
                0x20000440                __atexit_recursive_mutex
 .data.__malloc_av_
                0x20000444      0x408 c:/progra~2/gnuarm~1/102021~1.10/bin/../lib/gcc/arm-none-eabi/10.3.1/../../../../arm-none-eabi/lib/thumb/v7e-m/nofp\libg.a(lib_a-mallocr.o)
                0x20000444                __malloc_av_
 .data.__malloc_sbrk_base
                0x2000084c        0x4 c:/progra~2/gnuarm~1/102021~1.10/bin/../lib/gcc/arm-none-eabi/10.3.1/../../../../arm-none-eabi/lib/thumb/v7e-m/nofp\libg.a(lib_a-mallocr.o)
                0x2000084c                __malloc_sbrk_base
 .data.__malloc_trim_threshold
                0x20000850        0x4 c:/progra~2/gnuarm~1/102021~1.10/bin/../lib/gcc/arm-none-eabi/10.3.1/../../../../arm-none-eabi/lib/thumb/v7e-m/nofp\libg.a(lib_a-mallocr.o)
                0x20000850                __malloc_trim_threshold
 *(.RamFunc)
 *(.RamFunc*)
                0x20000854                . = ALIGN (0x4)
                0x20000854                _edata = .

.igot.plt       0x20000854        0x0 load address 0x08006938
 .igot.plt      0x20000854        0x0 c:/progra~2/gnuarm~1/102021~1.10/bin/../lib/gcc/arm-none-eabi/10.3.1/thumb/v7e-m/nofp/crtbegin.o
                0x20000854                . = ALIGN (0x4)

.bss            0x20000854      0x988 load address 0x08006938
                0x20000854                _sbss = .
                0x20000854                __bss_start__ = _sbss
 *(.bss)
 .bss           0x20000854       0x1c c:/progra~2/gnuarm~1/102021~1.10/bin/../lib/gcc/arm-none-eabi/10.3.1/thumb/v7e-m/nofp/crtbegin.o
 *(.bss*)
 .bss.hdfsdm1_channel1
                0x20000870       0x38 CMakeFiles/L475_Test.elf.dir/Core/Src/main.c.obj
                0x20000870                hdfsdm1_channel1
 .bss.hi2c2     0x200008a8       0x54 CMakeFiles/L475_Test.elf.dir/Core/Src/main.c.obj
                0x200008a8                hi2c2
 .bss.hpcd_USB_OTG_FS
                0x200008fc      0x50c CMakeFiles/L475_Test.elf.dir/Core/Src/main.c.obj
                0x200008fc                hpcd_USB_OTG_FS
 .bss.hqspi     0x20000e08       0x44 CMakeFiles/L475_Test.elf.dir/Core/Src/main.c.obj
                0x20000e08                hqspi
 .bss.hspi1     0x20000e4c       0x64 CMakeFiles/L475_Test.elf.dir/Core/Src/main.c.obj
                0x20000e4c                hspi1
 .bss.hspi3     0x20000eb0       0x64 CMakeFiles/L475_Test.elf.dir/Core/Src/main.c.obj
                0x20000eb0                hspi3
 .bss.htim3     0x20000f14       0x4c CMakeFiles/L475_Test.elf.dir/Core/Src/main.c.obj
                0x20000f14                htim3
 .bss.htim4     0x20000f60       0x4c CMakeFiles/L475_Test.elf.dir/Core/Src/main.c.obj
                0x20000f60                htim4
 .bss.htim6     0x20000fac       0x4c CMakeFiles/L475_Test.elf.dir/Core/Src/main.c.obj
                0x20000fac                htim6
 .bss.htim7     0x20000ff8       0x4c CMakeFiles/L475_Test.elf.dir/Core/Src/main.c.obj
                0x20000ff8                htim7
 .bss.huart1    0x20001044       0x84 CMakeFiles/L475_Test.elf.dir/Core/Src/main.c.obj
                0x20001044                huart1
 .bss.huart3    0x200010c8       0x84 CMakeFiles/L475_Test.elf.dir/Core/Src/main.c.obj
                0x200010c8                huart3
 .bss.vnf1      0x2000114c       0x18 CMakeFiles/L475_Test.elf.dir/Core/Src/main.c.obj
                0x2000114c                vnf1
 .bss.DFSDM1_Init
                0x20001164        0x4 CMakeFiles/L475_Test.elf.dir/Core/Src/stm32l4xx_hal_msp.c.obj
 .bss.__sbrk_heap_end
                0x20001168        0x4 CMakeFiles/L475_Test.elf.dir/Core/Src/sysmem.c.obj
 .bss.uwTick    0x2000116c        0x4 CMakeFiles/L475_Test.elf.dir/Drivers/STM32L4xx_HAL_Driver/Src/stm32l4xx_hal.c.obj
                0x2000116c                uwTick
 .bss.a_dfsdm1ChannelHandle
                0x20001170       0x20 CMakeFiles/L475_Test.elf.dir/Drivers/STM32L4xx_HAL_Driver/Src/stm32l4xx_hal_dfsdm.c.obj
 .bss.v_dfsdm1ChannelCounter
                0x20001190        0x4 CMakeFiles/L475_Test.elf.dir/Drivers/STM32L4xx_HAL_Driver/Src/stm32l4xx_hal_dfsdm.c.obj
 .bss.__lock___atexit_recursive_mutex
                0x20001194        0x1 c:/progra~2/gnuarm~1/102021~1.10/bin/../lib/gcc/arm-none-eabi/10.3.1/../../../../arm-none-eabi/lib/thumb/v7e-m/nofp\libg.a(lib_a-lock.o)
                0x20001194                __lock___atexit_recursive_mutex
 *fill*         0x20001195        0x3 
 .bss.__lock___malloc_recursive_mutex
                0x20001198        0x1 c:/progra~2/gnuarm~1/102021~1.10/bin/../lib/gcc/arm-none-eabi/10.3.1/../../../../arm-none-eabi/lib/thumb/v7e-m/nofp\libg.a(lib_a-lock.o)
                0x20001198                __lock___malloc_recursive_mutex
 *fill*         0x20001199        0x3 
 .bss.__lock___sfp_recursive_mutex
                0x2000119c        0x1 c:/progra~2/gnuarm~1/102021~1.10/bin/../lib/gcc/arm-none-eabi/10.3.1/../../../../arm-none-eabi/lib/thumb/v7e-m/nofp\libg.a(lib_a-lock.o)
                0x2000119c                __lock___sfp_recursive_mutex
 *fill*         0x2000119d        0x3 
 .bss.__lock___sinit_recursive_mutex
                0x200011a0        0x1 c:/progra~2/gnuarm~1/102021~1.10/bin/../lib/gcc/arm-none-eabi/10.3.1/../../../../arm-none-eabi/lib/thumb/v7e-m/nofp\libg.a(lib_a-lock.o)
                0x200011a0                __lock___sinit_recursive_mutex
 *fill*         0x200011a1        0x3 
 .bss.__malloc_current_mallinfo
                0x200011a4       0x28 c:/progra~2/gnuarm~1/102021~1.10/bin/../lib/gcc/arm-none-eabi/10.3.1/../../../../arm-none-eabi/lib/thumb/v7e-m/nofp\libg.a(lib_a-mallocr.o)
                0x200011a4                __malloc_current_mallinfo
 .bss.__malloc_max_sbrked_mem
                0x200011cc        0x4 c:/progra~2/gnuarm~1/102021~1.10/bin/../lib/gcc/arm-none-eabi/10.3.1/../../../../arm-none-eabi/lib/thumb/v7e-m/nofp\libg.a(lib_a-mallocr.o)
                0x200011cc                __malloc_max_sbrked_mem
 .bss.__malloc_max_total_mem
                0x200011d0        0x4 c:/progra~2/gnuarm~1/102021~1.10/bin/../lib/gcc/arm-none-eabi/10.3.1/../../../../arm-none-eabi/lib/thumb/v7e-m/nofp\libg.a(lib_a-mallocr.o)
                0x200011d0                __malloc_max_total_mem
 .bss.__malloc_top_pad
                0x200011d4        0x4 c:/progra~2/gnuarm~1/102021~1.10/bin/../lib/gcc/arm-none-eabi/10.3.1/../../../../arm-none-eabi/lib/thumb/v7e-m/nofp\libg.a(lib_a-mallocr.o)
                0x200011d4                __malloc_top_pad
 .bss.errno     0x200011d8        0x4 c:/progra~2/gnuarm~1/102021~1.10/bin/../lib/gcc/arm-none-eabi/10.3.1/../../../../arm-none-eabi/lib/thumb/v7e-m/nofp\libg.a(lib_a-reent.o)
                0x200011d8                errno
 *(COMMON)
                0x200011dc                . = ALIGN (0x4)
                0x200011dc                _ebss = .
                0x200011dc                __bss_end__ = _ebss

._user_heap_stack
                0x200011dc      0x604 load address 0x08006938
                0x200011e0                . = ALIGN (0x8)
 *fill*         0x200011dc        0x4 
                [!provide]                PROVIDE (end = .)
                0x200011e0                PROVIDE (_end = .)
                0x200013e0                . = (. + _Min_Heap_Size)
 *fill*         0x200011e0      0x200 
                0x200017e0                . = (. + _Min_Stack_Size)
 *fill*         0x200013e0      0x400 
                0x200017e0                . = ALIGN (0x8)

/DISCARD/
 libc.a(*)
 libm.a(*)
 libgcc.a(*)

.ARM.attributes
                0x00000000       0x2a
 *(.ARM.attributes)
 .ARM.attributes
                0x00000000       0x1e c:/progra~2/gnuarm~1/102021~1.10/bin/../lib/gcc/arm-none-eabi/10.3.1/thumb/v7e-m/nofp/crti.o
 .ARM.attributes
                0x0000001e       0x2e c:/progra~2/gnuarm~1/102021~1.10/bin/../lib/gcc/arm-none-eabi/10.3.1/thumb/v7e-m/nofp/crtbegin.o
 .ARM.attributes
                0x0000004c       0x2e CMakeFiles/L475_Test.elf.dir/Core/Src/main.c.obj
 .ARM.attributes
                0x0000007a       0x2e CMakeFiles/L475_Test.elf.dir/Core/Src/stm32l4xx_hal_msp.c.obj
 .ARM.attributes
                0x000000a8       0x2e CMakeFiles/L475_Test.elf.dir/Core/Src/stm32l4xx_it.c.obj
 .ARM.attributes
                0x000000d6       0x2e CMakeFiles/L475_Test.elf.dir/Core/Src/syscalls.c.obj
 .ARM.attributes
                0x00000104       0x2e CMakeFiles/L475_Test.elf.dir/Core/Src/sysmem.c.obj
 .ARM.attributes
                0x00000132       0x2e CMakeFiles/L475_Test.elf.dir/Core/Src/system_stm32l4xx.c.obj
 .ARM.attributes
                0x00000160       0x2e CMakeFiles/L475_Test.elf.dir/Core/Src/vnf1048.c.obj
 .ARM.attributes
                0x0000018e       0x21 CMakeFiles/L475_Test.elf.dir/Core/Startup/startup_stm32l475vgtx.s.obj
 .ARM.attributes
                0x000001af       0x2e CMakeFiles/L475_Test.elf.dir/Drivers/STM32L4xx_HAL_Driver/Src/stm32l4xx_hal.c.obj
 .ARM.attributes
                0x000001dd       0x2e CMakeFiles/L475_Test.elf.dir/Drivers/STM32L4xx_HAL_Driver/Src/stm32l4xx_hal_cortex.c.obj
 .ARM.attributes
                0x0000020b       0x2e CMakeFiles/L475_Test.elf.dir/Drivers/STM32L4xx_HAL_Driver/Src/stm32l4xx_hal_dfsdm.c.obj
 .ARM.attributes
                0x00000239       0x2e CMakeFiles/L475_Test.elf.dir/Drivers/STM32L4xx_HAL_Driver/Src/stm32l4xx_hal_gpio.c.obj
 .ARM.attributes
                0x00000267       0x2e CMakeFiles/L475_Test.elf.dir/Drivers/STM32L4xx_HAL_Driver/Src/stm32l4xx_hal_i2c.c.obj
 .ARM.attributes
                0x00000295       0x2e CMakeFiles/L475_Test.elf.dir/Drivers/STM32L4xx_HAL_Driver/Src/stm32l4xx_hal_i2c_ex.c.obj
 .ARM.attributes
                0x000002c3       0x2e CMakeFiles/L475_Test.elf.dir/Drivers/STM32L4xx_HAL_Driver/Src/stm32l4xx_hal_pcd.c.obj
 .ARM.attributes
                0x000002f1       0x2e CMakeFiles/L475_Test.elf.dir/Drivers/STM32L4xx_HAL_Driver/Src/stm32l4xx_hal_pcd_ex.c.obj
 .ARM.attributes
                0x0000031f       0x2e CMakeFiles/L475_Test.elf.dir/Drivers/STM32L4xx_HAL_Driver/Src/stm32l4xx_hal_pwr.c.obj
 .ARM.attributes
                0x0000034d       0x2e CMakeFiles/L475_Test.elf.dir/Drivers/STM32L4xx_HAL_Driver/Src/stm32l4xx_hal_pwr_ex.c.obj
 .ARM.attributes
                0x0000037b       0x2e CMakeFiles/L475_Test.elf.dir/Drivers/STM32L4xx_HAL_Driver/Src/stm32l4xx_hal_qspi.c.obj
 .ARM.attributes
                0x000003a9       0x2e CMakeFiles/L475_Test.elf.dir/Drivers/STM32L4xx_HAL_Driver/Src/stm32l4xx_hal_rcc.c.obj
 .ARM.attributes
                0x000003d7       0x2e CMakeFiles/L475_Test.elf.dir/Drivers/STM32L4xx_HAL_Driver/Src/stm32l4xx_hal_rcc_ex.c.obj
 .ARM.attributes
                0x00000405       0x2e CMakeFiles/L475_Test.elf.dir/Drivers/STM32L4xx_HAL_Driver/Src/stm32l4xx_hal_spi.c.obj
 .ARM.attributes
                0x00000433       0x2e CMakeFiles/L475_Test.elf.dir/Drivers/STM32L4xx_HAL_Driver/Src/stm32l4xx_hal_tim.c.obj
 .ARM.attributes
                0x00000461       0x2e CMakeFiles/L475_Test.elf.dir/Drivers/STM32L4xx_HAL_Driver/Src/stm32l4xx_hal_tim_ex.c.obj
 .ARM.attributes
                0x0000048f       0x2e CMakeFiles/L475_Test.elf.dir/Drivers/STM32L4xx_HAL_Driver/Src/stm32l4xx_hal_uart.c.obj
 .ARM.attributes
                0x000004bd       0x2e CMakeFiles/L475_Test.elf.dir/Drivers/STM32L4xx_HAL_Driver/Src/stm32l4xx_ll_usb.c.obj
 .ARM.attributes
                0x000004eb       0x1e c:/progra~2/gnuarm~1/102021~1.10/bin/../lib/gcc/arm-none-eabi/10.3.1/thumb/v7e-m/nofp\libgcc.a(_aeabi_uldivmod.o)
 .ARM.attributes
                0x00000509       0x2e c:/progra~2/gnuarm~1/102021~1.10/bin/../lib/gcc/arm-none-eabi/10.3.1/thumb/v7e-m/nofp\libgcc.a(_udivmoddi4.o)
 .ARM.attributes
                0x00000537       0x1e c:/progra~2/gnuarm~1/102021~1.10/bin/../lib/gcc/arm-none-eabi/10.3.1/thumb/v7e-m/nofp\libgcc.a(_dvmd_tls.o)
 .ARM.attributes
                0x00000555       0x2e c:/progra~2/gnuarm~1/102021~1.10/bin/../lib/gcc/arm-none-eabi/10.3.1/../../../../arm-none-eabi/lib/thumb/v7e-m/nofp\libg.a(lib_a-errno.o)
 .ARM.attributes
                0x00000583       0x2e c:/progra~2/gnuarm~1/102021~1.10/bin/../lib/gcc/arm-none-eabi/10.3.1/../../../../arm-none-eabi/lib/thumb/v7e-m/nofp\libg.a(lib_a-impure.o)
 .ARM.attributes
                0x000005b1       0x2e c:/progra~2/gnuarm~1/102021~1.10/bin/../lib/gcc/arm-none-eabi/10.3.1/../../../../arm-none-eabi/lib/thumb/v7e-m/nofp\libg.a(lib_a-init.o)
 .ARM.attributes
                0x000005df       0x2e c:/progra~2/gnuarm~1/102021~1.10/bin/../lib/gcc/arm-none-eabi/10.3.1/../../../../arm-none-eabi/lib/thumb/v7e-m/nofp\libg.a(lib_a-memset.o)
 .ARM.attributes
                0x0000060d       0x2e c:/progra~2/gnuarm~1/102021~1.10/bin/../lib/gcc/arm-none-eabi/10.3.1/../../../../arm-none-eabi/lib/thumb/v7e-m/nofp\libg.a(lib_a-puts.o)
 .ARM.attributes
                0x0000063b       0x1c c:/progra~2/gnuarm~1/102021~1.10/bin/../lib/gcc/arm-none-eabi/10.3.1/../../../../arm-none-eabi/lib/thumb/v7e-m/nofp\libg.a(lib_a-strlen.o)
 .ARM.attributes
                0x00000657       0x2e c:/progra~2/gnuarm~1/102021~1.10/bin/../lib/gcc/arm-none-eabi/10.3.1/../../../../arm-none-eabi/lib/thumb/v7e-m/nofp\libg.a(lib_a-wsetup.o)
 .ARM.attributes
                0x00000685       0x2e c:/progra~2/gnuarm~1/102021~1.10/bin/../lib/gcc/arm-none-eabi/10.3.1/../../../../arm-none-eabi/lib/thumb/v7e-m/nofp\libg.a(lib_a-__call_atexit.o)
 .ARM.attributes
                0x000006b3       0x2e c:/progra~2/gnuarm~1/102021~1.10/bin/../lib/gcc/arm-none-eabi/10.3.1/../../../../arm-none-eabi/lib/thumb/v7e-m/nofp\libg.a(lib_a-atexit.o)
 .ARM.attributes
                0x000006e1       0x2e c:/progra~2/gnuarm~1/102021~1.10/bin/../lib/gcc/arm-none-eabi/10.3.1/../../../../arm-none-eabi/lib/thumb/v7e-m/nofp\libg.a(lib_a-fflush.o)
 .ARM.attributes
                0x0000070f       0x2e c:/progra~2/gnuarm~1/102021~1.10/bin/../lib/gcc/arm-none-eabi/10.3.1/../../../../arm-none-eabi/lib/thumb/v7e-m/nofp\libg.a(lib_a-findfp.o)
 .ARM.attributes
                0x0000073d       0x2e c:/progra~2/gnuarm~1/102021~1.10/bin/../lib/gcc/arm-none-eabi/10.3.1/../../../../arm-none-eabi/lib/thumb/v7e-m/nofp\libg.a(lib_a-fini.o)
 .ARM.attributes
                0x0000076b       0x2e c:/progra~2/gnuarm~1/102021~1.10/bin/../lib/gcc/arm-none-eabi/10.3.1/../../../../arm-none-eabi/lib/thumb/v7e-m/nofp\libg.a(lib_a-freer.o)
 .ARM.attributes
                0x00000799       0x2e c:/progra~2/gnuarm~1/102021~1.10/bin/../lib/gcc/arm-none-eabi/10.3.1/../../../../arm-none-eabi/lib/thumb/v7e-m/nofp\libg.a(lib_a-fvwrite.o)
 .ARM.attributes
                0x000007c7       0x2e c:/progra~2/gnuarm~1/102021~1.10/bin/../lib/gcc/arm-none-eabi/10.3.1/../../../../arm-none-eabi/lib/thumb/v7e-m/nofp\libg.a(lib_a-fwalk.o)
 .ARM.attributes
                0x000007f5       0x2e c:/progra~2/gnuarm~1/102021~1.10/bin/../lib/gcc/arm-none-eabi/10.3.1/../../../../arm-none-eabi/lib/thumb/v7e-m/nofp\libg.a(lib_a-lock.o)
 .ARM.attributes
                0x00000823       0x2e c:/progra~2/gnuarm~1/102021~1.10/bin/../lib/gcc/arm-none-eabi/10.3.1/../../../../arm-none-eabi/lib/thumb/v7e-m/nofp\libg.a(lib_a-makebuf.o)
 .ARM.attributes
                0x00000851       0x2e c:/progra~2/gnuarm~1/102021~1.10/bin/../lib/gcc/arm-none-eabi/10.3.1/../../../../arm-none-eabi/lib/thumb/v7e-m/nofp\libg.a(lib_a-mallocr.o)
 .ARM.attributes
                0x0000087f       0x1c c:/progra~2/gnuarm~1/102021~1.10/bin/../lib/gcc/arm-none-eabi/10.3.1/../../../../arm-none-eabi/lib/thumb/v7e-m/nofp\libg.a(lib_a-memchr.o)
 .ARM.attributes
                0x0000089b       0x1c c:/progra~2/gnuarm~1/102021~1.10/bin/../lib/gcc/arm-none-eabi/10.3.1/../../../../arm-none-eabi/lib/thumb/v7e-m/nofp\libg.a(lib_a-memcpy.o)
 .ARM.attributes
                0x000008b7       0x2e c:/progra~2/gnuarm~1/102021~1.10/bin/../lib/gcc/arm-none-eabi/10.3.1/../../../../arm-none-eabi/lib/thumb/v7e-m/nofp\libg.a(lib_a-memmove.o)
 .ARM.attributes
                0x000008e5       0x2e c:/progra~2/gnuarm~1/102021~1.10/bin/../lib/gcc/arm-none-eabi/10.3.1/../../../../arm-none-eabi/lib/thumb/v7e-m/nofp\libg.a(lib_a-mlock.o)
 .ARM.attributes
                0x00000913       0x2e c:/progra~2/gnuarm~1/102021~1.10/bin/../lib/gcc/arm-none-eabi/10.3.1/../../../../arm-none-eabi/lib/thumb/v7e-m/nofp\libg.a(lib_a-reallocr.o)
 .ARM.attributes
                0x00000941       0x2e c:/progra~2/gnuarm~1/102021~1.10/bin/../lib/gcc/arm-none-eabi/10.3.1/../../../../arm-none-eabi/lib/thumb/v7e-m/nofp\libg.a(lib_a-sbrkr.o)
 .ARM.attributes
                0x0000096f       0x2e c:/progra~2/gnuarm~1/102021~1.10/bin/../lib/gcc/arm-none-eabi/10.3.1/../../../../arm-none-eabi/lib/thumb/v7e-m/nofp\libg.a(lib_a-stdio.o)
 .ARM.attributes
                0x0000099d       0x2e c:/progra~2/gnuarm~1/102021~1.10/bin/../lib/gcc/arm-none-eabi/10.3.1/../../../../arm-none-eabi/lib/thumb/v7e-m/nofp\libg.a(lib_a-writer.o)
 .ARM.attributes
                0x000009cb       0x2e c:/progra~2/gnuarm~1/102021~1.10/bin/../lib/gcc/arm-none-eabi/10.3.1/../../../../arm-none-eabi/lib/thumb/v7e-m/nofp\libg.a(lib_a-__atexit.o)
 .ARM.attributes
                0x000009f9       0x2e c:/progra~2/gnuarm~1/102021~1.10/bin/../lib/gcc/arm-none-eabi/10.3.1/../../../../arm-none-eabi/lib/thumb/v7e-m/nofp\libg.a(lib_a-closer.o)
 .ARM.attributes
                0x00000a27       0x2e c:/progra~2/gnuarm~1/102021~1.10/bin/../lib/gcc/arm-none-eabi/10.3.1/../../../../arm-none-eabi/lib/thumb/v7e-m/nofp\libg.a(lib_a-fclose.o)
 .ARM.attributes
                0x00000a55       0x2e c:/progra~2/gnuarm~1/102021~1.10/bin/../lib/gcc/arm-none-eabi/10.3.1/../../../../arm-none-eabi/lib/thumb/v7e-m/nofp\libg.a(lib_a-fstatr.o)
 .ARM.attributes
                0x00000a83       0x2e c:/progra~2/gnuarm~1/102021~1.10/bin/../lib/gcc/arm-none-eabi/10.3.1/../../../../arm-none-eabi/lib/thumb/v7e-m/nofp\libg.a(lib_a-isattyr.o)
 .ARM.attributes
                0x00000ab1       0x2e c:/progra~2/gnuarm~1/102021~1.10/bin/../lib/gcc/arm-none-eabi/10.3.1/../../../../arm-none-eabi/lib/thumb/v7e-m/nofp\libg.a(lib_a-lseekr.o)
 .ARM.attributes
                0x00000adf       0x2e c:/progra~2/gnuarm~1/102021~1.10/bin/../lib/gcc/arm-none-eabi/10.3.1/../../../../arm-none-eabi/lib/thumb/v7e-m/nofp\libg.a(lib_a-readr.o)
 .ARM.attributes
                0x00000b0d       0x2e c:/progra~2/gnuarm~1/102021~1.10/bin/../lib/gcc/arm-none-eabi/10.3.1/../../../../arm-none-eabi/lib/thumb/v7e-m/nofp\libg.a(lib_a-reent.o)
 .ARM.attributes
                0x00000b3b       0x1e c:/progra~2/gnuarm~1/102021~1.10/bin/../lib/gcc/arm-none-eabi/10.3.1/thumb/v7e-m/nofp/crtn.o
OUTPUT(L475_Test.elf elf32-littlearm)
LOAD linker stubs
LOAD c:/progra~2/gnuarm~1/102021~1.10/bin/../lib/gcc/arm-none-eabi/10.3.1/../../../../arm-none-eabi/lib/thumb/v7e-m/nofp\libc.a
LOAD c:/progra~2/gnuarm~1/102021~1.10/bin/../lib/gcc/arm-none-eabi/10.3.1/../../../../arm-none-eabi/lib/thumb/v7e-m/nofp\libm.a
LOAD c:/progra~2/gnuarm~1/102021~1.10/bin/../lib/gcc/arm-none-eabi/10.3.1/thumb/v7e-m/nofp\libgcc.a

.debug_info     0x00000000    0x27739
 .debug_info    0x00000000     0x2e78 CMakeFiles/L475_Test.elf.dir/Core/Src/main.c.obj
 .debug_info    0x00002e78     0x2bdf CMakeFiles/L475_Test.elf.dir/Core/Src/stm32l4xx_hal_msp.c.obj
 .debug_info    0x00005a57      0x8d9 CMakeFiles/L475_Test.elf.dir/Core/Src/stm32l4xx_it.c.obj
 .debug_info    0x00006330      0x7af CMakeFiles/L475_Test.elf.dir/Core/Src/syscalls.c.obj
 .debug_info    0x00006adf      0x174 CMakeFiles/L475_Test.elf.dir/Core/Src/sysmem.c.obj
 .debug_info    0x00006c53      0x425 CMakeFiles/L475_Test.elf.dir/Core/Src/system_stm32l4xx.c.obj
 .debug_info    0x00007078     0x126d CMakeFiles/L475_Test.elf.dir/Core/Src/vnf1048.c.obj
 .debug_info    0x000082e5       0x22 CMakeFiles/L475_Test.elf.dir/Core/Startup/startup_stm32l475vgtx.s.obj
 .debug_info    0x00008307      0xbc0 CMakeFiles/L475_Test.elf.dir/Drivers/STM32L4xx_HAL_Driver/Src/stm32l4xx_hal.c.obj
 .debug_info    0x00008ec7     0x1098 CMakeFiles/L475_Test.elf.dir/Drivers/STM32L4xx_HAL_Driver/Src/stm32l4xx_hal_cortex.c.obj
 .debug_info    0x00009f5f     0x2192 CMakeFiles/L475_Test.elf.dir/Drivers/STM32L4xx_HAL_Driver/Src/stm32l4xx_hal_dfsdm.c.obj
 .debug_info    0x0000c0f1      0x857 CMakeFiles/L475_Test.elf.dir/Drivers/STM32L4xx_HAL_Driver/Src/stm32l4xx_hal_gpio.c.obj
 .debug_info    0x0000c948     0x41b2 CMakeFiles/L475_Test.elf.dir/Drivers/STM32L4xx_HAL_Driver/Src/stm32l4xx_hal_i2c.c.obj
 .debug_info    0x00010afa      0xa62 CMakeFiles/L475_Test.elf.dir/Drivers/STM32L4xx_HAL_Driver/Src/stm32l4xx_hal_i2c_ex.c.obj
 .debug_info    0x0001155c     0x1a9a CMakeFiles/L475_Test.elf.dir/Drivers/STM32L4xx_HAL_Driver/Src/stm32l4xx_hal_pcd.c.obj
 .debug_info    0x00012ff6      0xa4c CMakeFiles/L475_Test.elf.dir/Drivers/STM32L4xx_HAL_Driver/Src/stm32l4xx_hal_pcd_ex.c.obj
 .debug_info    0x00013a42      0x98b CMakeFiles/L475_Test.elf.dir/Drivers/STM32L4xx_HAL_Driver/Src/stm32l4xx_hal_pwr.c.obj
 .debug_info    0x000143cd      0xa7c CMakeFiles/L475_Test.elf.dir/Drivers/STM32L4xx_HAL_Driver/Src/stm32l4xx_hal_pwr_ex.c.obj
 .debug_info    0x00014e49     0x1887 CMakeFiles/L475_Test.elf.dir/Drivers/STM32L4xx_HAL_Driver/Src/stm32l4xx_hal_qspi.c.obj
 .debug_info    0x000166d0      0xf3f CMakeFiles/L475_Test.elf.dir/Drivers/STM32L4xx_HAL_Driver/Src/stm32l4xx_hal_rcc.c.obj
 .debug_info    0x0001760f     0x125c CMakeFiles/L475_Test.elf.dir/Drivers/STM32L4xx_HAL_Driver/Src/stm32l4xx_hal_rcc_ex.c.obj
 .debug_info    0x0001886b     0x2195 CMakeFiles/L475_Test.elf.dir/Drivers/STM32L4xx_HAL_Driver/Src/stm32l4xx_hal_spi.c.obj
 .debug_info    0x0001aa00     0x3ef5 CMakeFiles/L475_Test.elf.dir/Drivers/STM32L4xx_HAL_Driver/Src/stm32l4xx_hal_tim.c.obj
 .debug_info    0x0001e8f5     0x1d2b CMakeFiles/L475_Test.elf.dir/Drivers/STM32L4xx_HAL_Driver/Src/stm32l4xx_hal_tim_ex.c.obj
 .debug_info    0x00020620     0x51b5 CMakeFiles/L475_Test.elf.dir/Drivers/STM32L4xx_HAL_Driver/Src/stm32l4xx_hal_uart.c.obj
 .debug_info    0x000257d5     0x1f64 CMakeFiles/L475_Test.elf.dir/Drivers/STM32L4xx_HAL_Driver/Src/stm32l4xx_ll_usb.c.obj

.debug_abbrev   0x00000000     0x3681
 .debug_abbrev  0x00000000      0x2f4 CMakeFiles/L475_Test.elf.dir/Core/Src/main.c.obj
 .debug_abbrev  0x000002f4      0x27a CMakeFiles/L475_Test.elf.dir/Core/Src/stm32l4xx_hal_msp.c.obj
 .debug_abbrev  0x0000056e      0x1b9 CMakeFiles/L475_Test.elf.dir/Core/Src/stm32l4xx_it.c.obj
 .debug_abbrev  0x00000727      0x1a3 CMakeFiles/L475_Test.elf.dir/Core/Src/syscalls.c.obj
 .debug_abbrev  0x000008ca       0xe7 CMakeFiles/L475_Test.elf.dir/Core/Src/sysmem.c.obj
 .debug_abbrev  0x000009b1      0x119 CMakeFiles/L475_Test.elf.dir/Core/Src/system_stm32l4xx.c.obj
 .debug_abbrev  0x00000aca      0x217 CMakeFiles/L475_Test.elf.dir/Core/Src/vnf1048.c.obj
 .debug_abbrev  0x00000ce1       0x12 CMakeFiles/L475_Test.elf.dir/Core/Startup/startup_stm32l475vgtx.s.obj
 .debug_abbrev  0x00000cf3      0x22a CMakeFiles/L475_Test.elf.dir/Drivers/STM32L4xx_HAL_Driver/Src/stm32l4xx_hal.c.obj
 .debug_abbrev  0x00000f1d      0x36a CMakeFiles/L475_Test.elf.dir/Drivers/STM32L4xx_HAL_Driver/Src/stm32l4xx_hal_cortex.c.obj
 .debug_abbrev  0x00001287      0x23b CMakeFiles/L475_Test.elf.dir/Drivers/STM32L4xx_HAL_Driver/Src/stm32l4xx_hal_dfsdm.c.obj
 .debug_abbrev  0x000014c2      0x1e6 CMakeFiles/L475_Test.elf.dir/Drivers/STM32L4xx_HAL_Driver/Src/stm32l4xx_hal_gpio.c.obj
 .debug_abbrev  0x000016a8      0x252 CMakeFiles/L475_Test.elf.dir/Drivers/STM32L4xx_HAL_Driver/Src/stm32l4xx_hal_i2c.c.obj
 .debug_abbrev  0x000018fa      0x1b3 CMakeFiles/L475_Test.elf.dir/Drivers/STM32L4xx_HAL_Driver/Src/stm32l4xx_hal_i2c_ex.c.obj
 .debug_abbrev  0x00001aad      0x2a6 CMakeFiles/L475_Test.elf.dir/Drivers/STM32L4xx_HAL_Driver/Src/stm32l4xx_hal_pcd.c.obj
 .debug_abbrev  0x00001d53      0x26d CMakeFiles/L475_Test.elf.dir/Drivers/STM32L4xx_HAL_Driver/Src/stm32l4xx_hal_pcd_ex.c.obj
 .debug_abbrev  0x00001fc0      0x187 CMakeFiles/L475_Test.elf.dir/Drivers/STM32L4xx_HAL_Driver/Src/stm32l4xx_hal_pwr.c.obj
 .debug_abbrev  0x00002147      0x215 CMakeFiles/L475_Test.elf.dir/Drivers/STM32L4xx_HAL_Driver/Src/stm32l4xx_hal_pwr_ex.c.obj
 .debug_abbrev  0x0000235c      0x206 CMakeFiles/L475_Test.elf.dir/Drivers/STM32L4xx_HAL_Driver/Src/stm32l4xx_hal_qspi.c.obj
 .debug_abbrev  0x00002562      0x251 CMakeFiles/L475_Test.elf.dir/Drivers/STM32L4xx_HAL_Driver/Src/stm32l4xx_hal_rcc.c.obj
 .debug_abbrev  0x000027b3      0x275 CMakeFiles/L475_Test.elf.dir/Drivers/STM32L4xx_HAL_Driver/Src/stm32l4xx_hal_rcc_ex.c.obj
 .debug_abbrev  0x00002a28      0x23b CMakeFiles/L475_Test.elf.dir/Drivers/STM32L4xx_HAL_Driver/Src/stm32l4xx_hal_spi.c.obj
 .debug_abbrev  0x00002c63      0x232 CMakeFiles/L475_Test.elf.dir/Drivers/STM32L4xx_HAL_Driver/Src/stm32l4xx_hal_tim.c.obj
 .debug_abbrev  0x00002e95      0x248 CMakeFiles/L475_Test.elf.dir/Drivers/STM32L4xx_HAL_Driver/Src/stm32l4xx_hal_tim_ex.c.obj
 .debug_abbrev  0x000030dd      0x2d9 CMakeFiles/L475_Test.elf.dir/Drivers/STM32L4xx_HAL_Driver/Src/stm32l4xx_hal_uart.c.obj
 .debug_abbrev  0x000033b6      0x2cb CMakeFiles/L475_Test.elf.dir/Drivers/STM32L4xx_HAL_Driver/Src/stm32l4xx_ll_usb.c.obj

.debug_loc      0x00000000    0x1eccf
 .debug_loc     0x00000000       0x65 CMakeFiles/L475_Test.elf.dir/Core/Src/main.c.obj
 .debug_loc     0x00000065      0x434 CMakeFiles/L475_Test.elf.dir/Core/Src/stm32l4xx_hal_msp.c.obj
 .debug_loc     0x00000499      0x3c5 CMakeFiles/L475_Test.elf.dir/Core/Src/syscalls.c.obj
 .debug_loc     0x0000085e       0x64 CMakeFiles/L475_Test.elf.dir/Core/Src/sysmem.c.obj
 .debug_loc     0x000008c2      0x127 CMakeFiles/L475_Test.elf.dir/Core/Src/system_stm32l4xx.c.obj
 .debug_loc     0x000009e9      0x46c CMakeFiles/L475_Test.elf.dir/Core/Src/vnf1048.c.obj
 .debug_loc     0x00000e55      0x1ef CMakeFiles/L475_Test.elf.dir/Drivers/STM32L4xx_HAL_Driver/Src/stm32l4xx_hal.c.obj
 .debug_loc     0x00001044      0x744 CMakeFiles/L475_Test.elf.dir/Drivers/STM32L4xx_HAL_Driver/Src/stm32l4xx_hal_cortex.c.obj
 .debug_loc     0x00001788     0x2049 CMakeFiles/L475_Test.elf.dir/Drivers/STM32L4xx_HAL_Driver/Src/stm32l4xx_hal_dfsdm.c.obj
 .debug_loc     0x000037d1      0x3da CMakeFiles/L475_Test.elf.dir/Drivers/STM32L4xx_HAL_Driver/Src/stm32l4xx_hal_gpio.c.obj
 .debug_loc     0x00003bab     0x4b72 CMakeFiles/L475_Test.elf.dir/Drivers/STM32L4xx_HAL_Driver/Src/stm32l4xx_hal_i2c.c.obj
 .debug_loc     0x0000871d      0x202 CMakeFiles/L475_Test.elf.dir/Drivers/STM32L4xx_HAL_Driver/Src/stm32l4xx_hal_i2c_ex.c.obj
 .debug_loc     0x0000891f     0x12c8 CMakeFiles/L475_Test.elf.dir/Drivers/STM32L4xx_HAL_Driver/Src/stm32l4xx_hal_pcd.c.obj
 .debug_loc     0x00009be7      0x236 CMakeFiles/L475_Test.elf.dir/Drivers/STM32L4xx_HAL_Driver/Src/stm32l4xx_hal_pcd_ex.c.obj
 .debug_loc     0x00009e1d      0x1b1 CMakeFiles/L475_Test.elf.dir/Drivers/STM32L4xx_HAL_Driver/Src/stm32l4xx_hal_pwr.c.obj
 .debug_loc     0x00009fce      0xb06 CMakeFiles/L475_Test.elf.dir/Drivers/STM32L4xx_HAL_Driver/Src/stm32l4xx_hal_pwr_ex.c.obj
 .debug_loc     0x0000aad4     0x14fe CMakeFiles/L475_Test.elf.dir/Drivers/STM32L4xx_HAL_Driver/Src/stm32l4xx_hal_qspi.c.obj
 .debug_loc     0x0000bfd2      0x81c CMakeFiles/L475_Test.elf.dir/Drivers/STM32L4xx_HAL_Driver/Src/stm32l4xx_hal_rcc.c.obj
 .debug_loc     0x0000c7ee     0x1af9 CMakeFiles/L475_Test.elf.dir/Drivers/STM32L4xx_HAL_Driver/Src/stm32l4xx_hal_rcc_ex.c.obj
 .debug_loc     0x0000e2e7     0x206d CMakeFiles/L475_Test.elf.dir/Drivers/STM32L4xx_HAL_Driver/Src/stm32l4xx_hal_spi.c.obj
 .debug_loc     0x00010354     0x55ad CMakeFiles/L475_Test.elf.dir/Drivers/STM32L4xx_HAL_Driver/Src/stm32l4xx_hal_tim.c.obj
 .debug_loc     0x00015901     0x241c CMakeFiles/L475_Test.elf.dir/Drivers/STM32L4xx_HAL_Driver/Src/stm32l4xx_hal_tim_ex.c.obj
 .debug_loc     0x00017d1d     0x4d4b CMakeFiles/L475_Test.elf.dir/Drivers/STM32L4xx_HAL_Driver/Src/stm32l4xx_hal_uart.c.obj
 .debug_loc     0x0001ca68     0x2267 CMakeFiles/L475_Test.elf.dir/Drivers/STM32L4xx_HAL_Driver/Src/stm32l4xx_ll_usb.c.obj

.debug_aranges  0x00000000     0x1be0
 .debug_aranges
                0x00000000       0xa8 CMakeFiles/L475_Test.elf.dir/Core/Src/main.c.obj
 .debug_aranges
                0x000000a8       0x90 CMakeFiles/L475_Test.elf.dir/Core/Src/stm32l4xx_hal_msp.c.obj
 .debug_aranges
                0x00000138       0x88 CMakeFiles/L475_Test.elf.dir/Core/Src/stm32l4xx_it.c.obj
 .debug_aranges
                0x000001c0       0xa8 CMakeFiles/L475_Test.elf.dir/Core/Src/syscalls.c.obj
 .debug_aranges
                0x00000268       0x20 CMakeFiles/L475_Test.elf.dir/Core/Src/sysmem.c.obj
 .debug_aranges
                0x00000288       0x28 CMakeFiles/L475_Test.elf.dir/Core/Src/system_stm32l4xx.c.obj
 .debug_aranges
                0x000002b0       0x78 CMakeFiles/L475_Test.elf.dir/Core/Src/vnf1048.c.obj
 .debug_aranges
                0x00000328       0x28 CMakeFiles/L475_Test.elf.dir/Core/Startup/startup_stm32l475vgtx.s.obj
 .debug_aranges
                0x00000350      0x130 CMakeFiles/L475_Test.elf.dir/Drivers/STM32L4xx_HAL_Driver/Src/stm32l4xx_hal.c.obj
 .debug_aranges
                0x00000480       0xa8 CMakeFiles/L475_Test.elf.dir/Drivers/STM32L4xx_HAL_Driver/Src/stm32l4xx_hal_cortex.c.obj
 .debug_aranges
                0x00000528      0x248 CMakeFiles/L475_Test.elf.dir/Drivers/STM32L4xx_HAL_Driver/Src/stm32l4xx_hal_dfsdm.c.obj
 .debug_aranges
                0x00000770       0x58 CMakeFiles/L475_Test.elf.dir/Drivers/STM32L4xx_HAL_Driver/Src/stm32l4xx_hal_gpio.c.obj
 .debug_aranges
                0x000007c8      0x2a0 CMakeFiles/L475_Test.elf.dir/Drivers/STM32L4xx_HAL_Driver/Src/stm32l4xx_hal_i2c.c.obj
 .debug_aranges
                0x00000a68       0x48 CMakeFiles/L475_Test.elf.dir/Drivers/STM32L4xx_HAL_Driver/Src/stm32l4xx_hal_i2c_ex.c.obj
 .debug_aranges
                0x00000ab0      0x138 CMakeFiles/L475_Test.elf.dir/Drivers/STM32L4xx_HAL_Driver/Src/stm32l4xx_hal_pcd.c.obj
 .debug_aranges
                0x00000be8       0x60 CMakeFiles/L475_Test.elf.dir/Drivers/STM32L4xx_HAL_Driver/Src/stm32l4xx_hal_pcd_ex.c.obj
 .debug_aranges
                0x00000c48       0x98 CMakeFiles/L475_Test.elf.dir/Drivers/STM32L4xx_HAL_Driver/Src/stm32l4xx_hal_pwr.c.obj
 .debug_aranges
                0x00000ce0      0x150 CMakeFiles/L475_Test.elf.dir/Drivers/STM32L4xx_HAL_Driver/Src/stm32l4xx_hal_pwr_ex.c.obj
 .debug_aranges
                0x00000e30      0x160 CMakeFiles/L475_Test.elf.dir/Drivers/STM32L4xx_HAL_Driver/Src/stm32l4xx_hal_qspi.c.obj
 .debug_aranges
                0x00000f90       0x90 CMakeFiles/L475_Test.elf.dir/Drivers/STM32L4xx_HAL_Driver/Src/stm32l4xx_hal_rcc.c.obj
 .debug_aranges
                0x00001020       0xc0 CMakeFiles/L475_Test.elf.dir/Drivers/STM32L4xx_HAL_Driver/Src/stm32l4xx_hal_rcc_ex.c.obj
 .debug_aranges
                0x000010e0      0x1d8 CMakeFiles/L475_Test.elf.dir/Drivers/STM32L4xx_HAL_Driver/Src/stm32l4xx_hal_spi.c.obj
 .debug_aranges
                0x000012b8      0x3e0 CMakeFiles/L475_Test.elf.dir/Drivers/STM32L4xx_HAL_Driver/Src/stm32l4xx_hal_tim.c.obj
 .debug_aranges
                0x00001698      0x180 CMakeFiles/L475_Test.elf.dir/Drivers/STM32L4xx_HAL_Driver/Src/stm32l4xx_hal_tim_ex.c.obj
 .debug_aranges
                0x00001818      0x228 CMakeFiles/L475_Test.elf.dir/Drivers/STM32L4xx_HAL_Driver/Src/stm32l4xx_hal_uart.c.obj
 .debug_aranges
                0x00001a40      0x1a0 CMakeFiles/L475_Test.elf.dir/Drivers/STM32L4xx_HAL_Driver/Src/stm32l4xx_ll_usb.c.obj

.debug_ranges   0x00000000     0x1b10
 .debug_ranges  0x00000000       0x98 CMakeFiles/L475_Test.elf.dir/Core/Src/main.c.obj
 .debug_ranges  0x00000098       0x80 CMakeFiles/L475_Test.elf.dir/Core/Src/stm32l4xx_hal_msp.c.obj
 .debug_ranges  0x00000118       0x78 CMakeFiles/L475_Test.elf.dir/Core/Src/stm32l4xx_it.c.obj
 .debug_ranges  0x00000190       0x98 CMakeFiles/L475_Test.elf.dir/Core/Src/syscalls.c.obj
 .debug_ranges  0x00000228       0x10 CMakeFiles/L475_Test.elf.dir/Core/Src/sysmem.c.obj
 .debug_ranges  0x00000238       0x18 CMakeFiles/L475_Test.elf.dir/Core/Src/system_stm32l4xx.c.obj
 .debug_ranges  0x00000250       0x68 CMakeFiles/L475_Test.elf.dir/Core/Src/vnf1048.c.obj
 .debug_ranges  0x000002b8       0x20 CMakeFiles/L475_Test.elf.dir/Core/Startup/startup_stm32l475vgtx.s.obj
 .debug_ranges  0x000002d8      0x120 CMakeFiles/L475_Test.elf.dir/Drivers/STM32L4xx_HAL_Driver/Src/stm32l4xx_hal.c.obj
 .debug_ranges  0x000003f8       0xf8 CMakeFiles/L475_Test.elf.dir/Drivers/STM32L4xx_HAL_Driver/Src/stm32l4xx_hal_cortex.c.obj
 .debug_ranges  0x000004f0      0x258 CMakeFiles/L475_Test.elf.dir/Drivers/STM32L4xx_HAL_Driver/Src/stm32l4xx_hal_dfsdm.c.obj
 .debug_ranges  0x00000748       0x48 CMakeFiles/L475_Test.elf.dir/Drivers/STM32L4xx_HAL_Driver/Src/stm32l4xx_hal_gpio.c.obj
 .debug_ranges  0x00000790      0x290 CMakeFiles/L475_Test.elf.dir/Drivers/STM32L4xx_HAL_Driver/Src/stm32l4xx_hal_i2c.c.obj
 .debug_ranges  0x00000a20       0x38 CMakeFiles/L475_Test.elf.dir/Drivers/STM32L4xx_HAL_Driver/Src/stm32l4xx_hal_i2c_ex.c.obj
 .debug_ranges  0x00000a58      0x128 CMakeFiles/L475_Test.elf.dir/Drivers/STM32L4xx_HAL_Driver/Src/stm32l4xx_hal_pcd.c.obj
 .debug_ranges  0x00000b80       0x50 CMakeFiles/L475_Test.elf.dir/Drivers/STM32L4xx_HAL_Driver/Src/stm32l4xx_hal_pcd_ex.c.obj
 .debug_ranges  0x00000bd0       0x88 CMakeFiles/L475_Test.elf.dir/Drivers/STM32L4xx_HAL_Driver/Src/stm32l4xx_hal_pwr.c.obj
 .debug_ranges  0x00000c58      0x140 CMakeFiles/L475_Test.elf.dir/Drivers/STM32L4xx_HAL_Driver/Src/stm32l4xx_hal_pwr_ex.c.obj
 .debug_ranges  0x00000d98      0x150 CMakeFiles/L475_Test.elf.dir/Drivers/STM32L4xx_HAL_Driver/Src/stm32l4xx_hal_qspi.c.obj
 .debug_ranges  0x00000ee8       0x98 CMakeFiles/L475_Test.elf.dir/Drivers/STM32L4xx_HAL_Driver/Src/stm32l4xx_hal_rcc.c.obj
 .debug_ranges  0x00000f80       0xc8 CMakeFiles/L475_Test.elf.dir/Drivers/STM32L4xx_HAL_Driver/Src/stm32l4xx_hal_rcc_ex.c.obj
 .debug_ranges  0x00001048      0x1c8 CMakeFiles/L475_Test.elf.dir/Drivers/STM32L4xx_HAL_Driver/Src/stm32l4xx_hal_spi.c.obj
 .debug_ranges  0x00001210      0x3d0 CMakeFiles/L475_Test.elf.dir/Drivers/STM32L4xx_HAL_Driver/Src/stm32l4xx_hal_tim.c.obj
 .debug_ranges  0x000015e0      0x170 CMakeFiles/L475_Test.elf.dir/Drivers/STM32L4xx_HAL_Driver/Src/stm32l4xx_hal_tim_ex.c.obj
 .debug_ranges  0x00001750      0x230 CMakeFiles/L475_Test.elf.dir/Drivers/STM32L4xx_HAL_Driver/Src/stm32l4xx_hal_uart.c.obj
 .debug_ranges  0x00001980      0x190 CMakeFiles/L475_Test.elf.dir/Drivers/STM32L4xx_HAL_Driver/Src/stm32l4xx_ll_usb.c.obj

.debug_line     0x00000000    0x22819
 .debug_line    0x00000000      0xecc CMakeFiles/L475_Test.elf.dir/Core/Src/main.c.obj
 .debug_line    0x00000ecc      0xa49 CMakeFiles/L475_Test.elf.dir/Core/Src/stm32l4xx_hal_msp.c.obj
 .debug_line    0x00001915      0x3f1 CMakeFiles/L475_Test.elf.dir/Core/Src/stm32l4xx_it.c.obj
 .debug_line    0x00001d06      0x40a CMakeFiles/L475_Test.elf.dir/Core/Src/syscalls.c.obj
 .debug_line    0x00002110      0x1cd CMakeFiles/L475_Test.elf.dir/Core/Src/sysmem.c.obj
 .debug_line    0x000022dd      0x2c5 CMakeFiles/L475_Test.elf.dir/Core/Src/system_stm32l4xx.c.obj
 .debug_line    0x000025a2      0x5af CMakeFiles/L475_Test.elf.dir/Core/Src/vnf1048.c.obj
 .debug_line    0x00002b51       0xc6 CMakeFiles/L475_Test.elf.dir/Core/Startup/startup_stm32l475vgtx.s.obj
 .debug_line    0x00002c17      0x772 CMakeFiles/L475_Test.elf.dir/Drivers/STM32L4xx_HAL_Driver/Src/stm32l4xx_hal.c.obj
 .debug_line    0x00003389      0x84d CMakeFiles/L475_Test.elf.dir/Drivers/STM32L4xx_HAL_Driver/Src/stm32l4xx_hal_cortex.c.obj
 .debug_line    0x00003bd6     0x1f73 CMakeFiles/L475_Test.elf.dir/Drivers/STM32L4xx_HAL_Driver/Src/stm32l4xx_hal_dfsdm.c.obj
 .debug_line    0x00005b49      0x765 CMakeFiles/L475_Test.elf.dir/Drivers/STM32L4xx_HAL_Driver/Src/stm32l4xx_hal_gpio.c.obj
 .debug_line    0x000062ae     0x4df2 CMakeFiles/L475_Test.elf.dir/Drivers/STM32L4xx_HAL_Driver/Src/stm32l4xx_hal_i2c.c.obj
 .debug_line    0x0000b0a0      0x554 CMakeFiles/L475_Test.elf.dir/Drivers/STM32L4xx_HAL_Driver/Src/stm32l4xx_hal_i2c_ex.c.obj
 .debug_line    0x0000b5f4     0x1465 CMakeFiles/L475_Test.elf.dir/Drivers/STM32L4xx_HAL_Driver/Src/stm32l4xx_hal_pcd.c.obj
 .debug_line    0x0000ca59      0x52e CMakeFiles/L475_Test.elf.dir/Drivers/STM32L4xx_HAL_Driver/Src/stm32l4xx_hal_pcd_ex.c.obj
 .debug_line    0x0000cf87      0x4f4 CMakeFiles/L475_Test.elf.dir/Drivers/STM32L4xx_HAL_Driver/Src/stm32l4xx_hal_pwr.c.obj
 .debug_line    0x0000d47b      0xb84 CMakeFiles/L475_Test.elf.dir/Drivers/STM32L4xx_HAL_Driver/Src/stm32l4xx_hal_pwr_ex.c.obj
 .debug_line    0x0000dfff     0x165a CMakeFiles/L475_Test.elf.dir/Drivers/STM32L4xx_HAL_Driver/Src/stm32l4xx_hal_qspi.c.obj
 .debug_line    0x0000f659      0xf8f CMakeFiles/L475_Test.elf.dir/Drivers/STM32L4xx_HAL_Driver/Src/stm32l4xx_hal_rcc.c.obj
 .debug_line    0x000105e8     0x15c2 CMakeFiles/L475_Test.elf.dir/Drivers/STM32L4xx_HAL_Driver/Src/stm32l4xx_hal_rcc_ex.c.obj
 .debug_line    0x00011baa     0x29a5 CMakeFiles/L475_Test.elf.dir/Drivers/STM32L4xx_HAL_Driver/Src/stm32l4xx_hal_spi.c.obj
 .debug_line    0x0001454f     0x52db CMakeFiles/L475_Test.elf.dir/Drivers/STM32L4xx_HAL_Driver/Src/stm32l4xx_hal_tim.c.obj
 .debug_line    0x0001982a     0x2007 CMakeFiles/L475_Test.elf.dir/Drivers/STM32L4xx_HAL_Driver/Src/stm32l4xx_hal_tim_ex.c.obj
 .debug_line    0x0001b831     0x5345 CMakeFiles/L475_Test.elf.dir/Drivers/STM32L4xx_HAL_Driver/Src/stm32l4xx_hal_uart.c.obj
 .debug_line    0x00020b76     0x1ca3 CMakeFiles/L475_Test.elf.dir/Drivers/STM32L4xx_HAL_Driver/Src/stm32l4xx_ll_usb.c.obj

.debug_str      0x00000000     0x8e3e
 .debug_str     0x00000000     0x1fd9 CMakeFiles/L475_Test.elf.dir/Core/Src/main.c.obj
                               0x21ea (size before relaxing)
 .debug_str     0x00001fd9      0x497 CMakeFiles/L475_Test.elf.dir/Core/Src/stm32l4xx_hal_msp.c.obj
                               0x206e (size before relaxing)
 .debug_str     0x00002470      0x17d CMakeFiles/L475_Test.elf.dir/Core/Src/stm32l4xx_it.c.obj
                                0x862 (size before relaxing)
 .debug_str     0x000025ed      0x249 CMakeFiles/L475_Test.elf.dir/Core/Src/syscalls.c.obj
                                0x467 (size before relaxing)
 .debug_str     0x00002836       0xb3 CMakeFiles/L475_Test.elf.dir/Core/Src/sysmem.c.obj
                                0x293 (size before relaxing)
 .debug_str     0x000028e9       0xdc CMakeFiles/L475_Test.elf.dir/Core/Src/system_stm32l4xx.c.obj
                                0x3f3 (size before relaxing)
 .debug_str     0x000029c5      0x1a0 CMakeFiles/L475_Test.elf.dir/Core/Src/vnf1048.c.obj
                                0xbc4 (size before relaxing)
 .debug_str     0x00002b65       0x74 CMakeFiles/L475_Test.elf.dir/Core/Startup/startup_stm32l475vgtx.s.obj
                                 0xc7 (size before relaxing)
 .debug_str     0x00002bd9      0x4ad CMakeFiles/L475_Test.elf.dir/Drivers/STM32L4xx_HAL_Driver/Src/stm32l4xx_hal.c.obj
                                0xd53 (size before relaxing)
 .debug_str     0x00003086      0x4af CMakeFiles/L475_Test.elf.dir/Drivers/STM32L4xx_HAL_Driver/Src/stm32l4xx_hal_cortex.c.obj
                                0xc85 (size before relaxing)
 .debug_str     0x00003535      0xbe0 CMakeFiles/L475_Test.elf.dir/Drivers/STM32L4xx_HAL_Driver/Src/stm32l4xx_hal_dfsdm.c.obj
                               0x12cd (size before relaxing)
 .debug_str     0x00004115      0x144 CMakeFiles/L475_Test.elf.dir/Drivers/STM32L4xx_HAL_Driver/Src/stm32l4xx_hal_gpio.c.obj
                                0x5ae (size before relaxing)
 .debug_str     0x00004259      0x8ee CMakeFiles/L475_Test.elf.dir/Drivers/STM32L4xx_HAL_Driver/Src/stm32l4xx_hal_i2c.c.obj
                               0x104a (size before relaxing)
 .debug_str     0x00004b47       0xf6 CMakeFiles/L475_Test.elf.dir/Drivers/STM32L4xx_HAL_Driver/Src/stm32l4xx_hal_i2c_ex.c.obj
                                0x97e (size before relaxing)
 .debug_str     0x00004c3d      0x803 CMakeFiles/L475_Test.elf.dir/Drivers/STM32L4xx_HAL_Driver/Src/stm32l4xx_hal_pcd.c.obj
                                0xe4b (size before relaxing)
 .debug_str     0x00005440      0x1ed CMakeFiles/L475_Test.elf.dir/Drivers/STM32L4xx_HAL_Driver/Src/stm32l4xx_hal_pcd_ex.c.obj
                                0x879 (size before relaxing)
 .debug_str     0x0000562d      0x30e CMakeFiles/L475_Test.elf.dir/Drivers/STM32L4xx_HAL_Driver/Src/stm32l4xx_hal_pwr.c.obj
                                0x71c (size before relaxing)
 .debug_str     0x0000593b      0x443 CMakeFiles/L475_Test.elf.dir/Drivers/STM32L4xx_HAL_Driver/Src/stm32l4xx_hal_pwr_ex.c.obj
                                0x882 (size before relaxing)
 .debug_str     0x00005d7e      0x508 CMakeFiles/L475_Test.elf.dir/Drivers/STM32L4xx_HAL_Driver/Src/stm32l4xx_hal_qspi.c.obj
                                0xba7 (size before relaxing)
 .debug_str     0x00006286      0x256 CMakeFiles/L475_Test.elf.dir/Drivers/STM32L4xx_HAL_Driver/Src/stm32l4xx_hal_rcc.c.obj
                                0x90a (size before relaxing)
 .debug_str     0x000064dc      0x2e7 CMakeFiles/L475_Test.elf.dir/Drivers/STM32L4xx_HAL_Driver/Src/stm32l4xx_hal_rcc_ex.c.obj
                                0xb29 (size before relaxing)
 .debug_str     0x000067c3      0x53f CMakeFiles/L475_Test.elf.dir/Drivers/STM32L4xx_HAL_Driver/Src/stm32l4xx_hal_spi.c.obj
                                0xc4f (size before relaxing)
 .debug_str     0x00006d02      0xe93 CMakeFiles/L475_Test.elf.dir/Drivers/STM32L4xx_HAL_Driver/Src/stm32l4xx_hal_tim.c.obj
                               0x1741 (size before relaxing)