Archive member included to satisfy reference by file (symbol)

c:/progra~2/gnuarm~1/102021~1.10/bin/../lib/gcc/arm-none-eabi/10.3.1/../../../../arm-none-eabi/lib/thumb/v7e-m+fp/hard\libg.a(lib_a-errno.o)
                              CMakeFiles/PDM_STARTER_CODE.elf.dir/Core/Src/syscalls.c.obj (__errno)
c:/progra~2/gnuarm~1/102021~1.10/bin/../lib/gcc/arm-none-eabi/10.3.1/../../../../arm-none-eabi/lib/thumb/v7e-m+fp/hard\libg.a(lib_a-exit.o)
                              c:/progra~2/gnuarm~1/102021~1.10/bin/../lib/gcc/arm-none-eabi/10.3.1/../../../../arm-none-eabi/lib/thumb/v7e-m+fp/hard/crt0.o (exit)
c:/progra~2/gnuarm~1/102021~1.10/bin/../lib/gcc/arm-none-eabi/10.3.1/../../../../arm-none-eabi/lib/thumb/v7e-m+fp/hard\libg.a(lib_a-impure.o)
                              c:/progra~2/gnuarm~1/102021~1.10/bin/../lib/gcc/arm-none-eabi/10.3.1/../../../../arm-none-eabi/lib/thumb/v7e-m+fp/hard\libg.a(lib_a-exit.o) (_global_impure_ptr)
c:/progra~2/gnuarm~1/102021~1.10/bin/../lib/gcc/arm-none-eabi/10.3.1/../../../../arm-none-eabi/lib/thumb/v7e-m+fp/hard\libg.a(lib_a-init.o)
                              c:/progra~2/gnuarm~1/102021~1.10/bin/../lib/gcc/arm-none-eabi/10.3.1/../../../../arm-none-eabi/lib/thumb/v7e-m+fp/hard/crt0.o (__libc_init_array)
c:/progra~2/gnuarm~1/102021~1.10/bin/../lib/gcc/arm-none-eabi/10.3.1/../../../../arm-none-eabi/lib/thumb/v7e-m+fp/hard\libg.a(lib_a-memcpy.o)
                              CMakeFiles/PDM_STARTER_CODE.elf.dir/Middlewares/Third_Party/FreeRTOS/Source/CMSIS_RTOS_V2/cmsis_os2.c.obj (memcpy)
c:/progra~2/gnuarm~1/102021~1.10/bin/../lib/gcc/arm-none-eabi/10.3.1/../../../../arm-none-eabi/lib/thumb/v7e-m+fp/hard\libg.a(lib_a-memset.o)
                              c:/progra~2/gnuarm~1/102021~1.10/bin/../lib/gcc/arm-none-eabi/10.3.1/../../../../arm-none-eabi/lib/thumb/v7e-m+fp/hard/crt0.o (memset)
c:/progra~2/gnuarm~1/102021~1.10/bin/../lib/gcc/arm-none-eabi/10.3.1/../../../../arm-none-eabi/lib/thumb/v7e-m+fp/hard\libg.a(lib_a-reent.o)
                              CMakeFiles/PDM_STARTER_CODE.elf.dir/Middlewares/Third_Party/FreeRTOS/Source/tasks.c.obj (_reclaim_reent)
c:/progra~2/gnuarm~1/102021~1.10/bin/../lib/gcc/arm-none-eabi/10.3.1/../../../../arm-none-eabi/lib/thumb/v7e-m+fp/hard\libg.a(lib_a-__call_atexit.o)
                              c:/progra~2/gnuarm~1/102021~1.10/bin/../lib/gcc/arm-none-eabi/10.3.1/../../../../arm-none-eabi/lib/thumb/v7e-m+fp/hard\libg.a(lib_a-exit.o) (__call_exitprocs)
c:/progra~2/gnuarm~1/102021~1.10/bin/../lib/gcc/arm-none-eabi/10.3.1/../../../../arm-none-eabi/lib/thumb/v7e-m+fp/hard\libg.a(lib_a-atexit.o)
                              c:/progra~2/gnuarm~1/102021~1.10/bin/../lib/gcc/arm-none-eabi/10.3.1/../../../../arm-none-eabi/lib/thumb/v7e-m+fp/hard\libg.a(lib_a-__call_atexit.o) (atexit)
c:/progra~2/gnuarm~1/102021~1.10/bin/../lib/gcc/arm-none-eabi/10.3.1/../../../../arm-none-eabi/lib/thumb/v7e-m+fp/hard\libg.a(lib_a-fini.o)
                              c:/progra~2/gnuarm~1/102021~1.10/bin/../lib/gcc/arm-none-eabi/10.3.1/../../../../arm-none-eabi/lib/thumb/v7e-m+fp/hard\libg.a(lib_a-__call_atexit.o) (__libc_fini_array)
c:/progra~2/gnuarm~1/102021~1.10/bin/../lib/gcc/arm-none-eabi/10.3.1/../../../../arm-none-eabi/lib/thumb/v7e-m+fp/hard\libg.a(lib_a-freer.o)
                              c:/progra~2/gnuarm~1/102021~1.10/bin/../lib/gcc/arm-none-eabi/10.3.1/../../../../arm-none-eabi/lib/thumb/v7e-m+fp/hard\libg.a(lib_a-reent.o) (_free_r)
c:/progra~2/gnuarm~1/102021~1.10/bin/../lib/gcc/arm-none-eabi/10.3.1/../../../../arm-none-eabi/lib/thumb/v7e-m+fp/hard\libg.a(lib_a-lock.o)
                              c:/progra~2/gnuarm~1/102021~1.10/bin/../lib/gcc/arm-none-eabi/10.3.1/../../../../arm-none-eabi/lib/thumb/v7e-m+fp/hard\libg.a(lib_a-__call_atexit.o) (__retarget_lock_acquire_recursive)
c:/progra~2/gnuarm~1/102021~1.10/bin/../lib/gcc/arm-none-eabi/10.3.1/../../../../arm-none-eabi/lib/thumb/v7e-m+fp/hard\libg.a(lib_a-mallocr.o)
                              c:/progra~2/gnuarm~1/102021~1.10/bin/../lib/gcc/arm-none-eabi/10.3.1/../../../../arm-none-eabi/lib/thumb/v7e-m+fp/hard\libg.a(lib_a-freer.o) (__malloc_current_mallinfo)
c:/progra~2/gnuarm~1/102021~1.10/bin/../lib/gcc/arm-none-eabi/10.3.1/../../../../arm-none-eabi/lib/thumb/v7e-m+fp/hard\libg.a(lib_a-mlock.o)
                              c:/progra~2/gnuarm~1/102021~1.10/bin/../lib/gcc/arm-none-eabi/10.3.1/../../../../arm-none-eabi/lib/thumb/v7e-m+fp/hard\libg.a(lib_a-freer.o) (__malloc_lock)
c:/progra~2/gnuarm~1/102021~1.10/bin/../lib/gcc/arm-none-eabi/10.3.1/../../../../arm-none-eabi/lib/thumb/v7e-m+fp/hard\libg.a(lib_a-sbrkr.o)
                              c:/progra~2/gnuarm~1/102021~1.10/bin/../lib/gcc/arm-none-eabi/10.3.1/../../../../arm-none-eabi/lib/thumb/v7e-m+fp/hard\libg.a(lib_a-freer.o) (_sbrk_r)
c:/progra~2/gnuarm~1/102021~1.10/bin/../lib/gcc/arm-none-eabi/10.3.1/../../../../arm-none-eabi/lib/thumb/v7e-m+fp/hard\libg.a(lib_a-__atexit.o)
[...]
Memory Configuration

Name             Origin             Length             Attributes
RAM              0x20000000         0x00050000         xrw
RAM2             0x10000000         0x00010000         xrw
FLASH            0x08000000         0x00100000         xr
*default*        0x00000000         0xffffffff

Linker script and memory map

LOAD c:/progra~2/gnuarm~1/102021~1.10/bin/../lib/gcc/arm-none-eabi/10.3.1/thumb/v7e-m+fp/hard/crti.o
LOAD c:/progra~2/gnuarm~1/102021~1.10/bin/../lib/gcc/arm-none-eabi/10.3.1/thumb/v7e-m+fp/hard/crtbegin.o
LOAD c:/progra~2/gnuarm~1/102021~1.10/bin/../lib/gcc/arm-none-eabi/10.3.1/../../../../arm-none-eabi/lib/thumb/v7e-m+fp/hard/crt0.o
LOAD CMakeFiles/PDM_STARTER_CODE.elf.dir/Core/Src/adc.c.obj
LOAD CMakeFiles/PDM_STARTER_CODE.elf.dir/Core/Src/can.c.obj
LOAD CMakeFiles/PDM_STARTER_CODE.elf.dir/Core/Src/canhandler.c.obj
LOAD CMakeFiles/PDM_STARTER_CODE.elf.dir/Core/Src/dma.c.obj
LOAD CMakeFiles/PDM_STARTER_CODE.elf.dir/Core/Src/freertos.c.obj
LOAD CMakeFiles/PDM_STARTER_CODE.elf.dir/Core/Src/gpio.c.obj
LOAD CMakeFiles/PDM_STARTER_CODE.elf.dir/Core/Src/main.c.obj
LOAD CMakeFiles/PDM_STARTER_CODE.elf.dir/Core/Src/pwmdrv.c.obj
LOAD CMakeFiles/PDM_STARTER_CODE.elf.dir/Core/Src/stm32l4xx_hal_msp.c.obj
LOAD CMakeFiles/PDM_STARTER_CODE.elf.dir/Core/Src/stm32l4xx_hal_timebase_tim.c.obj
LOAD CMakeFiles/PDM_STARTER_CODE.elf.dir/Core/Src/stm32l4xx_it.c.obj
LOAD CMakeFiles/PDM_STARTER_CODE.elf.dir/Core/Src/syscalls.c.obj
LOAD CMakeFiles/PDM_STARTER_CODE.elf.dir/Core/Src/sysmem.c.obj
LOAD CMakeFiles/PDM_STARTER_CODE.elf.dir/Core/Src/system_stm32l4xx.c.obj
LOAD CMakeFiles/PDM_STARTER_CODE.elf.dir/Core/Src/tim.c.obj
LOAD CMakeFiles/PDM_STARTER_CODE.elf.dir/Core/Startup/startup_stm32l496zgtx.s.obj
LOAD CMakeFiles/PDM_STARTER_CODE.elf.dir/Drivers/STM32L4xx_HAL_Driver/Src/stm32l4xx_hal.c.obj
LOAD CMakeFiles/PDM_STARTER_CODE.elf.dir/Drivers/STM32L4xx_HAL_Driver/Src/stm32l4xx_hal_adc.c.obj
LOAD CMakeFiles/PDM_STARTER_CODE.elf.dir/Drivers/STM32L4xx_HAL_Driver/Src/stm32l4xx_hal_adc_ex.c.obj
LOAD CMakeFiles/PDM_STARTER_CODE.elf.dir/Drivers/STM32L4xx_HAL_Driver/Src/stm32l4xx_hal_can.c.obj
LOAD CMakeFiles/PDM_STARTER_CODE.elf.dir/Drivers/STM32L4xx_HAL_Driver/Src/stm32l4xx_hal_cortex.c.obj
LOAD CMakeFiles/PDM_STARTER_CODE.elf.dir/Drivers/STM32L4xx_HAL_Driver/Src/stm32l4xx_hal_dma.c.obj
LOAD CMakeFiles/PDM_STARTER_CODE.elf.dir/Drivers/STM32L4xx_HAL_Driver/Src/stm32l4xx_hal_dma_ex.c.obj
LOAD CMakeFiles/PDM_STARTER_CODE.elf.dir/Drivers/STM32L4xx_HAL_Driver/Src/stm32l4xx_hal_exti.c.obj
LOAD CMakeFiles/PDM_STARTER_CODE.elf.dir/Drivers/STM32L4xx_HAL_Driver/Src/stm32l4xx_hal_flash.c.obj
LOAD CMakeFiles/PDM_STARTER_CODE.elf.dir/Drivers/STM32L4xx_HAL_Driver/Src/stm32l4xx_hal_flash_ex.c.obj
LOAD CMakeFiles/PDM_STARTER_CODE.elf.dir/Drivers/STM32L4xx_HAL_Driver/Src/stm32l4xx_hal_flash_ramfunc.c.obj
LOAD CMakeFiles/PDM_STARTER_CODE.elf.dir/Drivers/STM32L4xx_HAL_Driver/Src/stm32l4xx_hal_gpio.c.obj
LOAD CMakeFiles/PDM_STARTER_CODE.elf.dir/Drivers/STM32L4xx_HAL_Driver/Src/stm32l4xx_hal_i2c.c.obj
LOAD CMakeFiles/PDM_STARTER_CODE.elf.dir/Drivers/STM32L4xx_HAL_Driver/Src/stm32l4xx_hal_i2c_ex.c.obj
LOAD CMakeFiles/PDM_STARTER_CODE.elf.dir/Drivers/STM32L4xx_HAL_Driver/Src/stm32l4xx_hal_pwr.c.obj
LOAD CMakeFiles/PDM_STARTER_CODE.elf.dir/Drivers/STM32L4xx_HAL_Driver/Src/stm32l4xx_hal_pwr_ex.c.obj
LOAD CMakeFiles/PDM_STARTER_CODE.elf.dir/Drivers/STM32L4xx_HAL_Driver/Src/stm32l4xx_hal_rcc.c.obj
LOAD CMakeFiles/PDM_STARTER_CODE.elf.dir/Drivers/STM32L4xx_HAL_Driver/Src/stm32l4xx_hal_rcc_ex.c.obj
LOAD CMakeFiles/PDM_STARTER_CODE.elf.dir/Drivers/STM32L4xx_HAL_Driver/Src/stm32l4xx_hal_tim.c.obj
LOAD CMakeFiles/PDM_STARTER_CODE.elf.dir/Drivers/STM32L4xx_HAL_Driver/Src/stm32l4xx_hal_tim_ex.c.obj
LOAD CMakeFiles/PDM_STARTER_CODE.elf.dir/Middlewares/Third_Party/FreeRTOS/Source/CMSIS_RTOS_V2/cmsis_os2.c.obj
LOAD CMakeFiles/PDM_STARTER_CODE.elf.dir/Middlewares/Third_Party/FreeRTOS/Source/croutine.c.obj
LOAD CMakeFiles/PDM_STARTER_CODE.elf.dir/Middlewares/Third_Party/FreeRTOS/Source/event_groups.c.obj
LOAD CMakeFiles/PDM_STARTER_CODE.elf.dir/Middlewares/Third_Party/FreeRTOS/Source/list.c.obj
LOAD CMakeFiles/PDM_STARTER_CODE.elf.dir/Middlewares/Third_Party/FreeRTOS/Source/portable/GCC/ARM_CM4F/port.c.obj
LOAD CMakeFiles/PDM_STARTER_CODE.elf.dir/Middlewares/Third_Party/FreeRTOS/Source/portable/MemMang/heap_4.c.obj
LOAD CMakeFiles/PDM_STARTER_CODE.elf.dir/Middlewares/Third_Party/FreeRTOS/Source/queue.c.obj
LOAD CMakeFiles/PDM_STARTER_CODE.elf.dir/Middlewares/Third_Party/FreeRTOS/Source/stream_buffer.c.obj
LOAD CMakeFiles/PDM_STARTER_CODE.elf.dir/Middlewares/Third_Party/FreeRTOS/Source/tasks.c.obj
LOAD CMakeFiles/PDM_STARTER_CODE.elf.dir/Middlewares/Third_Party/FreeRTOS/Source/timers.c.obj
START GROUP
LOAD c:/progra~2/gnuarm~1/102021~1.10/bin/../lib/gcc/arm-none-eabi/10.3.1/thumb/v7e-m+fp/hard\libgcc.a
LOAD c:/progra~2/gnuarm~1/102021~1.10/bin/../lib/gcc/arm-none-eabi/10.3.1/../../../../arm-none-eabi/lib/thumb/v7e-m+fp/hard\libg.a
LOAD c:/progra~2/gnuarm~1/102021~1.10/bin/../lib/gcc/arm-none-eabi/10.3.1/../../../../arm-none-eabi/lib/thumb/v7e-m+fp/hard\libc.a
END GROUP
LOAD c:/progra~2/gnuarm~1/102021~1.10/bin/../lib/gcc/arm-none-eabi/10.3.1/thumb/v7e-m+fp/hard/crtend.o
LOAD c:/progra~2/gnuarm~1/102021~1.10/bin/../lib/gcc/arm-none-eabi/10.3.1/thumb/v7e-m+fp/hard/crtn.o
                0x20050000                _estack = (ORIGIN (RAM) + LENGTH (RAM))
                0x00000200                _Min_Heap_Size = 0x200
                0x00000400                _Min_Stack_Size = 0x400

.isr_vector     0x08000000      0x1ac
                0x08000000                . = ALIGN (0x4)
 *(.isr_vector)
 .isr_vector    0x08000000      0x1ac CMakeFiles/PDM_STARTER_CODE.elf.dir/Core/Startup/startup_stm32l496zgtx.s.obj
                0x08000000                g_pfnVectors
                0x080001ac                . = ALIGN (0x4)

.text           0x080001b0     0x5944
                0x080001b0                . = ALIGN (0x4)
 *(.text)
 .text          0x080001b0       0x40 c:/progra~2/gnuarm~1/102021~1.10/bin/../lib/gcc/arm-none-eabi/10.3.1/thumb/v7e-m+fp/hard/crtbegin.o
 .text          0x080001f0      0x134 c:/progra~2/gnuarm~1/102021~1.10/bin/../lib/gcc/arm-none-eabi/10.3.1/../../../../arm-none-eabi/lib/thumb/v7e-m+fp/hard\libg.a(lib_a-memcpy.o)
                0x080001f0                memcpy
 *(.text*)
 .text.MX_ADC2_Init
                0x08000324      0x164 CMakeFiles/PDM_STARTER_CODE.elf.dir/Core/Src/adc.c.obj
                0x08000324                MX_ADC2_Init
 .text.HAL_ADC_MspInit
                0x08000488      0x128 CMakeFiles/PDM_STARTER_CODE.elf.dir/Core/Src/adc.c.obj
                0x08000488                HAL_ADC_MspInit
 .text.HAL_ADC_ConvCpltCallback
                0x080005b0       0x20 CMakeFiles/PDM_STARTER_CODE.elf.dir/Core/Src/adc.c.obj
                0x080005b0                HAL_ADC_ConvCpltCallback
 .text.adcStart
                0x080005d0       0x20 CMakeFiles/PDM_STARTER_CODE.elf.dir/Core/Src/adc.c.obj
                0x080005d0                adcStart
 .text.adcTaskStart
                0x080005f0       0x34 CMakeFiles/PDM_STARTER_CODE.elf.dir/Core/Src/adc.c.obj
                0x080005f0                adcTaskStart
 .text.MX_CAN1_Init
                0x08000624       0x3c CMakeFiles/PDM_STARTER_CODE.elf.dir/Core/Src/can.c.obj
                0x08000624                MX_CAN1_Init
 .text.MX_CAN2_Init
                0x08000660       0x3c CMakeFiles/PDM_STARTER_CODE.elf.dir/Core/Src/can.c.obj
                0x08000660                MX_CAN2_Init
 .text.HAL_CAN_MspInit
                0x0800069c      0x104 CMakeFiles/PDM_STARTER_CODE.elf.dir/Core/Src/can.c.obj
                0x0800069c                HAL_CAN_MspInit
 .text.can1TaskStart
                0x080007a0       0x84 CMakeFiles/PDM_STARTER_CODE.elf.dir/Core/Src/canhandler.c.obj
                0x080007a0                can1TaskStart
 .text.can2TaskStart
                0x08000824       0x84 CMakeFiles/PDM_STARTER_CODE.elf.dir/Core/Src/canhandler.c.obj
                0x08000824                can2TaskStart
 .text.MX_DMA_Init
                0x080008a8       0x34 CMakeFiles/PDM_STARTER_CODE.elf.dir/Core/Src/dma.c.obj
                0x080008a8                MX_DMA_Init
 .text.StartDefaultTask
                0x080008dc        0xa CMakeFiles/PDM_STARTER_CODE.elf.dir/Core/Src/freertos.c.obj
                0x080008dc                StartDefaultTask
 *fill*         0x080008e6        0x2 
 .text.statusTaskStart
                0x080008e8       0x18 CMakeFiles/PDM_STARTER_CODE.elf.dir/Core/Src/freertos.c.obj
                0x080008e8                statusTaskStart
 .text.MX_FREERTOS_Init
                0x08000900       0x88 CMakeFiles/PDM_STARTER_CODE.elf.dir/Core/Src/freertos.c.obj
                0x08000900                MX_FREERTOS_Init
 .text.MX_GPIO_Init
                0x08000988       0xa4 CMakeFiles/PDM_STARTER_CODE.elf.dir/Core/Src/gpio.c.obj
                0x08000988                MX_GPIO_Init
 .text.HAL_TIM_PeriodElapsedCallback
                0x08000a2c       0x18 CMakeFiles/PDM_STARTER_CODE.elf.dir/Core/Src/main.c.obj
                0x08000a2c                HAL_TIM_PeriodElapsedCallback
 .text.Error_Handler
                0x08000a44        0x4 CMakeFiles/PDM_STARTER_CODE.elf.dir/Core/Src/main.c.obj
                0x08000a44                Error_Handler
 .text.SystemClock_Config
                0x08000a48       0x66 CMakeFiles/PDM_STARTER_CODE.elf.dir/Core/Src/main.c.obj
                0x08000a48                SystemClock_Config
 .text.main     0x08000aae       0x30 CMakeFiles/PDM_STARTER_CODE.elf.dir/Core/Src/main.c.obj
                0x08000aae                main
 *fill*         0x08000ade        0x2 
 .text.HAL_MspInit
                0x08000ae0       0x40 CMakeFiles/PDM_STARTER_CODE.elf.dir/Core/Src/stm32l4xx_hal_msp.c.obj
                0x08000ae0                HAL_MspInit
 .text.HAL_InitTick
                0x08000b20       0xa0 CMakeFiles/PDM_STARTER_CODE.elf.dir/Core/Src/stm32l4xx_hal_timebase_tim.c.obj
                0x08000b20                HAL_InitTick
 .text.NMI_Handler
                0x08000bc0        0x2 CMakeFiles/PDM_STARTER_CODE.elf.dir/Core/Src/stm32l4xx_it.c.obj
                0x08000bc0                NMI_Handler
 .text.HardFault_Handler
                0x08000bc2        0x2 CMakeFiles/PDM_STARTER_CODE.elf.dir/Core/Src/stm32l4xx_it.c.obj
                0x08000bc2                HardFault_Handler
 .text.MemManage_Handler
                0x08000bc4        0x2 CMakeFiles/PDM_STARTER_CODE.elf.dir/Core/Src/stm32l4xx_it.c.obj
                0x08000bc4                MemManage_Handler
 .text.BusFault_Handler
                0x08000bc6        0x2 CMakeFiles/PDM_STARTER_CODE.elf.dir/Core/Src/stm32l4xx_it.c.obj
                0x08000bc6                BusFault_Handler
 .text.UsageFault_Handler
                0x08000bc8        0x2 CMakeFiles/PDM_STARTER_CODE.elf.dir/Core/Src/stm32l4xx_it.c.obj
                0x08000bc8                UsageFault_Handler
 .text.DebugMon_Handler
                0x08000bca        0x2 CMakeFiles/PDM_STARTER_CODE.elf.dir/Core/Src/stm32l4xx_it.c.obj
                0x08000bca                DebugMon_Handler
 .text.DMA1_Channel2_IRQHandler
                0x08000bcc       0x10 CMakeFiles/PDM_STARTER_CODE.elf.dir/Core/Src/stm32l4xx_it.c.obj
                0x08000bcc                DMA1_Channel2_IRQHandler
 .text.TIM6_DAC_IRQHandler
                0x08000bdc       0x10 CMakeFiles/PDM_STARTER_CODE.elf.dir/Core/Src/stm32l4xx_it.c.obj
                0x08000bdc                TIM6_DAC_IRQHandler
 .text._sbrk    0x08000bec       0x48 CMakeFiles/PDM_STARTER_CODE.elf.dir/Core/Src/sysmem.c.obj
                0x08000bec                _sbrk
 .text.SystemInit
                0x08000c34       0x14 CMakeFiles/PDM_STARTER_CODE.elf.dir/Core/Src/system_stm32l4xx.c.obj
                0x08000c34                SystemInit
 .text.MX_TIM8_Init
                0x08000c48       0x78 CMakeFiles/PDM_STARTER_CODE.elf.dir/Core/Src/tim.c.obj
                0x08000c48                MX_TIM8_Init
 .text.HAL_TIM_Base_MspInit
                0x08000cc0       0x2c CMakeFiles/PDM_STARTER_CODE.elf.dir/Core/Src/tim.c.obj
                0x08000cc0                HAL_TIM_Base_MspInit
 .text.Reset_Handler
                0x08000cec       0x50 CMakeFiles/PDM_STARTER_CODE.elf.dir/Core/Startup/startup_stm32l496zgtx.s.obj
                0x08000cec                Reset_Handler
 .text.Default_Handler
                0x08000d3c        0x2 CMakeFiles/PDM_STARTER_CODE.elf.dir/Core/Startup/startup_stm32l496zgtx.s.obj
                0x08000d3c                RTC_Alarm_IRQHandler
                0x08000d3c                EXTI2_IRQHandler
                0x08000d3c                TIM8_TRG_COM_IRQHandler
                0x08000d3c                TIM8_CC_IRQHandler
                0x08000d3c                TIM1_CC_IRQHandler
                0x08000d3c                TSC_IRQHandler
                0x08000d3c                TAMP_STAMP_IRQHandler
                0x08000d3c                CAN2_RX1_IRQHandler
                0x08000d3c                EXTI3_IRQHandler
                0x08000d3c                LPTIM2_IRQHandler
                0x08000d3c                DFSDM1_FLT1_IRQHandler
                0x08000d3c                I2C3_ER_IRQHandler
                0x08000d3c                DFSDM1_FLT2_IRQHandler
                0x08000d3c                EXTI0_IRQHandler
                0x08000d3c                I2C2_EV_IRQHandler
                0x08000d3c                CAN1_RX0_IRQHandler
                0x08000d3c                FPU_IRQHandler
                0x08000d3c                TIM1_UP_TIM16_IRQHandler
                0x08000d3c                CAN2_SCE_IRQHandler
                0x08000d3c                ADC1_2_IRQHandler
                0x08000d3c                SPI1_IRQHandler
                0x08000d3c                DCMI_IRQHandler
                0x08000d3c                CAN2_RX0_IRQHandler
                0x08000d3c                TIM8_UP_IRQHandler
                0x08000d3c                DMA2_Channel2_IRQHandler
                0x08000d3c                DMA1_Channel4_IRQHandler
                0x08000d3c                SAI2_IRQHandler
                0x08000d3c                DFSDM1_FLT3_IRQHandler
                0x08000d3c                USART3_IRQHandler
                0x08000d3c                DMA1_Channel7_IRQHandler
                0x08000d3c                CAN1_RX1_IRQHandler
                0x08000d3c                LCD_IRQHandler
                0x08000d3c                UART5_IRQHandler
                0x08000d3c                ADC3_IRQHandler
                0x08000d3c                TIM4_IRQHandler
                0x08000d3c                DMA2_Channel1_IRQHandler
                0x08000d3c                QUADSPI_IRQHandler
                0x08000d3c                I2C1_EV_IRQHandler
                0x08000d3c                DMA1_Channel6_IRQHandler
                0x08000d3c                UART4_IRQHandler
                0x08000d3c                DMA2_Channel4_IRQHandler
                0x08000d3c                TIM3_IRQHandler
                0x08000d3c                RCC_IRQHandler
                0x08000d3c                DMA1_Channel1_IRQHandler
                0x08000d3c                Default_Handler
                0x08000d3c                DMA2_Channel7_IRQHandler
                0x08000d3c                EXTI15_10_IRQHandler
                0x08000d3c                TIM7_IRQHandler
                0x08000d3c                SDMMC1_IRQHandler
                0x08000d3c                CAN2_TX_IRQHandler
                0x08000d3c                TIM5_IRQHandler
                0x08000d3c                I2C3_EV_IRQHandler
                0x08000d3c                EXTI9_5_IRQHandler
                0x08000d3c                RTC_WKUP_IRQHandler
                0x08000d3c                PVD_PVM_IRQHandler
                0x08000d3c                SPI2_IRQHandler
                0x08000d3c                CAN1_TX_IRQHandler
                0x08000d3c                DMA2_Channel5_IRQHandler
                0x08000d3c                CRS_IRQHandler
                0x08000d3c                DMA1_Channel5_IRQHandler
                0x08000d3c                EXTI4_IRQHandler
                0x08000d3c                RNG_IRQHandler
                0x08000d3c                TIM1_TRG_COM_TIM17_IRQHandler
                0x08000d3c                DMA1_Channel3_IRQHandler
                0x08000d3c                COMP_IRQHandler
                0x08000d3c                WWDG_IRQHandler
                0x08000d3c                I2C4_EV_IRQHandler
                0x08000d3c                LPUART1_IRQHandler
                0x08000d3c                DMA2_Channel6_IRQHandler
                0x08000d3c                TIM2_IRQHandler
                0x08000d3c                EXTI1_IRQHandler
                0x08000d3c                USART2_IRQHandler
                0x08000d3c                DFSDM1_FLT0_IRQHandler
                0x08000d3c                I2C2_ER_IRQHandler
                0x08000d3c                TIM8_BRK_IRQHandler
                0x08000d3c                CAN1_SCE_IRQHandler
                0x08000d3c                FLASH_IRQHandler
                0x08000d3c                USART1_IRQHandler
                0x08000d3c                OTG_FS_IRQHandler
                0x08000d3c                SPI3_IRQHandler
                0x08000d3c                I2C1_ER_IRQHandler
                0x08000d3c                FMC_IRQHandler
                0x08000d3c                SWPMI1_IRQHandler
                0x08000d3c                LPTIM1_IRQHandler
                0x08000d3c                I2C4_ER_IRQHandler
                0x08000d3c                SAI1_IRQHandler
                0x08000d3c                DMA2_Channel3_IRQHandler
                0x08000d3c                TIM1_BRK_TIM15_IRQHandler
 .text.HAL_Init
                0x08000d3e       0x1e CMakeFiles/PDM_STARTER_CODE.elf.dir/Drivers/STM32L4xx_HAL_Driver/Src/stm32l4xx_hal.c.obj
                0x08000d3e                HAL_Init
 .text.HAL_IncTick
                0x08000d5c       0x18 CMakeFiles/PDM_STARTER_CODE.elf.dir/Drivers/STM32L4xx_HAL_Driver/Src/stm32l4xx_hal.c.obj
                0x08000d5c                HAL_IncTick
 .text.HAL_GetTick
                0x08000d74        0xc CMakeFiles/PDM_STARTER_CODE.elf.dir/Drivers/STM32L4xx_HAL_Driver/Src/stm32l4xx_hal.c.obj
                0x08000d74                HAL_GetTick
 .text.HAL_ADC_Init
                0x08000d80      0x208 CMakeFiles/PDM_STARTER_CODE.elf.dir/Drivers/STM32L4xx_HAL_Driver/Src/stm32l4xx_hal_adc.c.obj
                0x08000d80                HAL_ADC_Init
 .text.HAL_ADC_ConvHalfCpltCallback
                0x08000f88        0x2 CMakeFiles/PDM_STARTER_CODE.elf.dir/Drivers/STM32L4xx_HAL_Driver/Src/stm32l4xx_hal_adc.c.obj
                0x08000f88                HAL_ADC_ConvHalfCpltCallback
 .text.ADC_DMAHalfConvCplt
                0x08000f8a        0xa CMakeFiles/PDM_STARTER_CODE.elf.dir/Drivers/STM32L4xx_HAL_Driver/Src/stm32l4xx_hal_adc.c.obj
                0x08000f8a                ADC_DMAHalfConvCplt
 .text.HAL_ADC_ErrorCallback
                0x08000f94        0x2 CMakeFiles/PDM_STARTER_CODE.elf.dir/Drivers/STM32L4xx_HAL_Driver/Src/stm32l4xx_hal_adc.c.obj
                0x08000f94                HAL_ADC_ErrorCallback
 .text.ADC_DMAConvCplt
                0x08000f96       0x88 CMakeFiles/PDM_STARTER_CODE.elf.dir/Drivers/STM32L4xx_HAL_Driver/Src/stm32l4xx_hal_adc.c.obj
                0x08000f96                ADC_DMAConvCplt
 .text.ADC_DMAError
                0x0800101e       0x1a CMakeFiles/PDM_STARTER_CODE.elf.dir/Drivers/STM32L4xx_HAL_Driver/Src/stm32l4xx_hal_adc.c.obj
                0x0800101e                ADC_DMAError
 .text.HAL_ADC_ConfigChannel
                0x08001038      0x4e8 CMakeFiles/PDM_STARTER_CODE.elf.dir/Drivers/STM32L4xx_HAL_Driver/Src/stm32l4xx_hal_adc.c.obj
                0x08001038                HAL_ADC_ConfigChannel
 .text.ADC_Enable
                0x08001520       0xdc CMakeFiles/PDM_STARTER_CODE.elf.dir/Drivers/STM32L4xx_HAL_Driver/Src/stm32l4xx_hal_adc.c.obj
                0x08001520                ADC_Enable
 .text.HAL_ADC_Start_DMA
                0x080015fc      0x110 CMakeFiles/PDM_STARTER_CODE.elf.dir/Drivers/STM32L4xx_HAL_Driver/Src/stm32l4xx_hal_adc.c.obj
                0x080015fc                HAL_ADC_Start_DMA
 .text.HAL_CAN_Init
                0x0800170c      0x14c CMakeFiles/PDM_STARTER_CODE.elf.dir/Drivers/STM32L4xx_HAL_Driver/Src/stm32l4xx_hal_can.c.obj
                0x0800170c                HAL_CAN_Init
 .text.HAL_CAN_Start
                0x08001858       0x5c CMakeFiles/PDM_STARTER_CODE.elf.dir/Drivers/STM32L4xx_HAL_Driver/Src/stm32l4xx_hal_can.c.obj
                0x08001858                HAL_CAN_Start
 .text.HAL_CAN_AddTxMessage
                0x080018b4       0xea CMakeFiles/PDM_STARTER_CODE.elf.dir/Drivers/STM32L4xx_HAL_Driver/Src/stm32l4xx_hal_can.c.obj
                0x080018b4                HAL_CAN_AddTxMessage
 *fill*         0x0800199e        0x2 
 .text.HAL_NVIC_SetPriorityGrouping
                0x080019a0       0x24 CMakeFiles/PDM_STARTER_CODE.elf.dir/Drivers/STM32L4xx_HAL_Driver/Src/stm32l4xx_hal_cortex.c.obj
                0x080019a0                HAL_NVIC_SetPriorityGrouping
 .text.HAL_NVIC_SetPriority
                0x080019c4       0x70 CMakeFiles/PDM_STARTER_CODE.elf.dir/Drivers/STM32L4xx_HAL_Driver/Src/stm32l4xx_hal_cortex.c.obj
                0x080019c4                HAL_NVIC_SetPriority
 .text.HAL_NVIC_EnableIRQ
                0x08001a34       0x1c CMakeFiles/PDM_STARTER_CODE.elf.dir/Drivers/STM32L4xx_HAL_Driver/Src/stm32l4xx_hal_cortex.c.obj
                0x08001a34                HAL_NVIC_EnableIRQ
 .text.DMA_SetConfig
                0x08001a50       0x32 CMakeFiles/PDM_STARTER_CODE.elf.dir/Drivers/STM32L4xx_HAL_Driver/Src/stm32l4xx_hal_dma.c.obj
 *fill*         0x08001a82        0x2 
 .text.HAL_DMA_Init
                0x08001a84      0x108 CMakeFiles/PDM_STARTER_CODE.elf.dir/Drivers/STM32L4xx_HAL_Driver/Src/stm32l4xx_hal_dma.c.obj
                0x08001a84                HAL_DMA_Init
 .text.HAL_DMA_Start_IT
                0x08001b8c       0x76 CMakeFiles/PDM_STARTER_CODE.elf.dir/Drivers/STM32L4xx_HAL_Driver/Src/stm32l4xx_hal_dma.c.obj
                0x08001b8c                HAL_DMA_Start_IT
 .text.HAL_DMA_IRQHandler
                0x08001c02       0xc4 CMakeFiles/PDM_STARTER_CODE.elf.dir/Drivers/STM32L4xx_HAL_Driver/Src/stm32l4xx_hal_dma.c.obj
                0x08001c02                HAL_DMA_IRQHandler
 *fill*         0x08001cc6        0x2 
 .text.HAL_GPIO_Init
                0x08001cc8      0x1f0 CMakeFiles/PDM_STARTER_CODE.elf.dir/Drivers/STM32L4xx_HAL_Driver/Src/stm32l4xx_hal_gpio.c.obj
                0x08001cc8                HAL_GPIO_Init
 .text.HAL_GPIO_WritePin
                0x08001eb8        0xa CMakeFiles/PDM_STARTER_CODE.elf.dir/Drivers/STM32L4xx_HAL_Driver/Src/stm32l4xx_hal_gpio.c.obj
                0x08001eb8                HAL_GPIO_WritePin
 .text.HAL_GPIO_TogglePin
                0x08001ec2       0x12 CMakeFiles/PDM_STARTER_CODE.elf.dir/Drivers/STM32L4xx_HAL_Driver/Src/stm32l4xx_hal_gpio.c.obj
                0x08001ec2                HAL_GPIO_TogglePin
 .text.HAL_PWREx_GetVoltageRange
                0x08001ed4       0x10 CMakeFiles/PDM_STARTER_CODE.elf.dir/Drivers/STM32L4xx_HAL_Driver/Src/stm32l4xx_hal_pwr_ex.c.obj
                0x08001ed4                HAL_PWREx_GetVoltageRange
 .text.HAL_PWREx_ControlVoltageScaling
                0x08001ee4       0x90 CMakeFiles/PDM_STARTER_CODE.elf.dir/Drivers/STM32L4xx_HAL_Driver/Src/stm32l4xx_hal_pwr_ex.c.obj
                0x08001ee4                HAL_PWREx_ControlVoltageScaling
 .text.RCC_SetFlashLatencyFromMSIRange
                0x08001f74       0x90 CMakeFiles/PDM_STARTER_CODE.elf.dir/Drivers/STM32L4xx_HAL_Driver/Src/stm32l4xx_hal_rcc.c.obj
 .text.HAL_RCC_GetSysClockFreq
                0x08002004       0xb4 CMakeFiles/PDM_STARTER_CODE.elf.dir/Drivers/STM32L4xx_HAL_Driver/Src/stm32l4xx_hal_rcc.c.obj
                0x08002004                HAL_RCC_GetSysClockFreq
 .text.HAL_RCC_OscConfig
                0x080020b8      0x67c CMakeFiles/PDM_STARTER_CODE.elf.dir/Drivers/STM32L4xx_HAL_Driver/Src/stm32l4xx_hal_rcc.c.obj
                0x080020b8                HAL_RCC_OscConfig
 .text.HAL_RCC_ClockConfig
                0x08002734      0x188 CMakeFiles/PDM_STARTER_CODE.elf.dir/Drivers/STM32L4xx_HAL_Driver/Src/stm32l4xx_hal_rcc.c.obj
                0x08002734                HAL_RCC_ClockConfig
 .text.HAL_RCC_GetHCLKFreq
                0x080028bc        0xc CMakeFiles/PDM_STARTER_CODE.elf.dir/Drivers/STM32L4xx_HAL_Driver/Src/stm32l4xx_hal_rcc.c.obj
                0x080028bc                HAL_RCC_GetHCLKFreq
 .text.HAL_RCC_GetPCLK1Freq
                0x080028c8       0x24 CMakeFiles/PDM_STARTER_CODE.elf.dir/Drivers/STM32L4xx_HAL_Driver/Src/stm32l4xx_hal_rcc.c.obj
                0x080028c8                HAL_RCC_GetPCLK1Freq
 .text.HAL_RCC_GetClockConfig
                0x080028ec       0x3c CMakeFiles/PDM_STARTER_CODE.elf.dir/Drivers/STM32L4xx_HAL_Driver/Src/stm32l4xx_hal_rcc.c.obj
                0x080028ec                HAL_RCC_GetClockConfig
 .text.RCCEx_PLLSAI1_Config
                0x08002928      0x16c CMakeFiles/PDM_STARTER_CODE.elf.dir/Drivers/STM32L4xx_HAL_Driver/Src/stm32l4xx_hal_rcc_ex.c.obj
 .text.RCCEx_PLLSAI2_Config
                0x08002a94      0x148 CMakeFiles/PDM_STARTER_CODE.elf.dir/Drivers/STM32L4xx_HAL_Driver/Src/stm32l4xx_hal_rcc_ex.c.obj
 .text.HAL_RCCEx_PeriphCLKConfig
                0x08002bdc      0x470 CMakeFiles/PDM_STARTER_CODE.elf.dir/Drivers/STM32L4xx_HAL_Driver/Src/stm32l4xx_hal_rcc_ex.c.obj
                0x08002bdc                HAL_RCCEx_PeriphCLKConfig
 .text.TIM_TI1_ConfigInputStage
                0x0800304c       0x26 CMakeFiles/PDM_STARTER_CODE.elf.dir/Drivers/STM32L4xx_HAL_Driver/Src/stm32l4xx_hal_tim.c.obj
 .text.TIM_TI2_ConfigInputStage
                0x08003072       0x28 CMakeFiles/PDM_STARTER_CODE.elf.dir/Drivers/STM32L4xx_HAL_Driver/Src/stm32l4xx_hal_tim.c.obj
 .text.TIM_ITRx_SetConfig
                0x0800309a       0x10 CMakeFiles/PDM_STARTER_CODE.elf.dir/Drivers/STM32L4xx_HAL_Driver/Src/stm32l4xx_hal_tim.c.obj
 *fill*         0x080030aa        0x2 
 .text.HAL_TIM_Base_Start
                0x080030ac       0x84 CMakeFiles/PDM_STARTER_CODE.elf.dir/Drivers/STM32L4xx_HAL_Driver/Src/stm32l4xx_hal_tim.c.obj
                0x080030ac                HAL_TIM_Base_Start
 .text.HAL_TIM_Base_Start_IT
                0x08003130       0x8c CMakeFiles/PDM_STARTER_CODE.elf.dir/Drivers/STM32L4xx_HAL_Driver/Src/stm32l4xx_hal_tim.c.obj
                0x08003130                HAL_TIM_Base_Start_IT
 .text.HAL_TIM_OC_DelayElapsedCallback
                0x080031bc        0x2 CMakeFiles/PDM_STARTER_CODE.elf.dir/Drivers/STM32L4xx_HAL_Driver/Src/stm32l4xx_hal_tim.c.obj
                0x080031bc                HAL_TIM_OC_DelayElapsedCallback
 .text.HAL_TIM_IC_CaptureCallback
                0x080031be        0x2 CMakeFiles/PDM_STARTER_CODE.elf.dir/Drivers/STM32L4xx_HAL_Driver/Src/stm32l4xx_hal_tim.c.obj
                0x080031be                HAL_TIM_IC_CaptureCallback
 .text.HAL_TIM_PWM_PulseFinishedCallback
                0x080031c0        0x2 CMakeFiles/PDM_STARTER_CODE.elf.dir/Drivers/STM32L4xx_HAL_Driver/Src/stm32l4xx_hal_tim.c.obj
                0x080031c0                HAL_TIM_PWM_PulseFinishedCallback
 .text.HAL_TIM_TriggerCallback
                0x080031c2        0x2 CMakeFiles/PDM_STARTER_CODE.elf.dir/Drivers/STM32L4xx_HAL_Driver/Src/stm32l4xx_hal_tim.c.obj
                0x080031c2                HAL_TIM_TriggerCallback
 .text.HAL_TIM_IRQHandler
                0x080031c4      0x19a CMakeFiles/PDM_STARTER_CODE.elf.dir/Drivers/STM32L4xx_HAL_Driver/Src/stm32l4xx_hal_tim.c.obj
                0x080031c4                HAL_TIM_IRQHandler
 *fill*         0x0800335e        0x2 
 .text.TIM_Base_SetConfig
                0x08003360       0xc8 CMakeFiles/PDM_STARTER_CODE.elf.dir/Drivers/STM32L4xx_HAL_Driver/Src/stm32l4xx_hal_tim.c.obj
                0x08003360                TIM_Base_SetConfig
 .text.HAL_TIM_Base_Init
                0x08003428       0x60 CMakeFiles/PDM_STARTER_CODE.elf.dir/Drivers/STM32L4xx_HAL_Driver/Src/stm32l4xx_hal_tim.c.obj
                0x08003428                HAL_TIM_Base_Init
 .text.TIM_ETR_SetConfig
                0x08003488       0x1a CMakeFiles/PDM_STARTER_CODE.elf.dir/Drivers/STM32L4xx_HAL_Driver/Src/stm32l4xx_hal_tim.c.obj
                0x08003488                TIM_ETR_SetConfig
 *fill*         0x080034a2        0x2 
 .text.HAL_TIM_ConfigClockSource
                0x080034a4      0x100 CMakeFiles/PDM_STARTER_CODE.elf.dir/Drivers/STM32L4xx_HAL_Driver/Src/stm32l4xx_hal_tim.c.obj
                0x080034a4                HAL_TIM_ConfigClockSource
 .text.HAL_TIMEx_MasterConfigSynchronization
                0x080035a4       0x98 CMakeFiles/PDM_STARTER_CODE.elf.dir/Drivers/STM32L4xx_HAL_Driver/Src/stm32l4xx_hal_tim_ex.c.obj
                0x080035a4                HAL_TIMEx_MasterConfigSynchronization
 .text.HAL_TIMEx_CommutCallback
                0x0800363c        0x2 CMakeFiles/PDM_STARTER_CODE.elf.dir/Drivers/STM32L4xx_HAL_Driver/Src/stm32l4xx_hal_tim_ex.c.obj
                0x0800363c                HAL_TIMEx_CommutCallback
 .text.HAL_TIMEx_BreakCallback
                0x0800363e        0x2 CMakeFiles/PDM_STARTER_CODE.elf.dir/Drivers/STM32L4xx_HAL_Driver/Src/stm32l4xx_hal_tim_ex.c.obj
                0x0800363e                HAL_TIMEx_BreakCallback
 .text.HAL_TIMEx_Break2Callback
                0x08003640        0x2 CMakeFiles/PDM_STARTER_CODE.elf.dir/Drivers/STM32L4xx_HAL_Driver/Src/stm32l4xx_hal_tim_ex.c.obj
                0x08003640                HAL_TIMEx_Break2Callback
 .text.SysTick_Handler
                0x08003642       0x18 CMakeFiles/PDM_STARTER_CODE.elf.dir/Middlewares/Third_Party/FreeRTOS/Source/CMSIS_RTOS_V2/cmsis_os2.c.obj
                0x08003642                SysTick_Handler
 *fill*         0x0800365a        0x2 
 .text.osKernelInitialize
                0x0800365c       0x24 CMakeFiles/PDM_STARTER_CODE.elf.dir/Middlewares/Third_Party/FreeRTOS/Source/CMSIS_RTOS_V2/cmsis_os2.c.obj
                0x0800365c                osKernelInitialize
 .text.osKernelStart
                0x08003680       0x38 CMakeFiles/PDM_STARTER_CODE.elf.dir/Middlewares/Third_Party/FreeRTOS/Source/CMSIS_RTOS_V2/cmsis_os2.c.obj
                0x08003680                osKernelStart
 .text.osThreadNew
                0x080036b8       0xbe CMakeFiles/PDM_STARTER_CODE.elf.dir/Middlewares/Third_Party/FreeRTOS/Source/CMSIS_RTOS_V2/cmsis_os2.c.obj
                0x080036b8                osThreadNew
 .text.osDelay  0x08003776       0x1c CMakeFiles/PDM_STARTER_CODE.elf.dir/Middlewares/Third_Party/FreeRTOS/Source/CMSIS_RTOS_V2/cmsis_os2.c.obj
                0x08003776                osDelay
 *fill*         0x08003792        0x2 
 .text.vApplicationGetIdleTaskMemory
                0x08003794       0x18 CMakeFiles/PDM_STARTER_CODE.elf.dir/Middlewares/Third_Party/FreeRTOS/Source/CMSIS_RTOS_V2/cmsis_os2.c.obj
                0x08003794                vApplicationGetIdleTaskMemory
 .text.vApplicationGetTimerTaskMemory
                0x080037ac       0x18 CMakeFiles/PDM_STARTER_CODE.elf.dir/Middlewares/Third_Party/FreeRTOS/Source/CMSIS_RTOS_V2/cmsis_os2.c.obj
                0x080037ac                vApplicationGetTimerTaskMemory
 .text.vListInitialise
                0x080037c4       0x16 CMakeFiles/PDM_STARTER_CODE.elf.dir/Middlewares/Third_Party/FreeRTOS/Source/list.c.obj
                0x080037c4                vListInitialise
 .text.vListInitialiseItem
                0x080037da        0x6 CMakeFiles/PDM_STARTER_CODE.elf.dir/Middlewares/Third_Party/FreeRTOS/Source/list.c.obj
                0x080037da                vListInitialiseItem
 .text.vListInsertEnd
                0x080037e0       0x16 CMakeFiles/PDM_STARTER_CODE.elf.dir/Middlewares/Third_Party/FreeRTOS/Source/list.c.obj
                0x080037e0                vListInsertEnd
 .text.vListInsert
                0x080037f6       0x32 CMakeFiles/PDM_STARTER_CODE.elf.dir/Middlewares/Third_Party/FreeRTOS/Source/list.c.obj
                0x080037f6                vListInsert
 .text.uxListRemove
                0x08003828       0x26 CMakeFiles/PDM_STARTER_CODE.elf.dir/Middlewares/Third_Party/FreeRTOS/Source/list.c.obj
                0x08003828                uxListRemove
 *fill*         0x0800384e        0x2 
 .text.prvTaskExitError
                0x08003850       0x40 CMakeFiles/PDM_STARTER_CODE.elf.dir/Middlewares/Third_Party/FreeRTOS/Source/portable/GCC/ARM_CM4F/port.c.obj
 .text.prvPortStartFirstTask
                0x08003890       0x28 CMakeFiles/PDM_STARTER_CODE.elf.dir/Middlewares/Third_Party/FreeRTOS/Source/portable/GCC/ARM_CM4F/port.c.obj
 .text.vPortEnableVFP
                0x080038b8       0x14 CMakeFiles/PDM_STARTER_CODE.elf.dir/Middlewares/Third_Party/FreeRTOS/Source/portable/GCC/ARM_CM4F/port.c.obj
 .text.pxPortInitialiseStack
                0x080038cc       0x2c CMakeFiles/PDM_STARTER_CODE.elf.dir/Middlewares/Third_Party/FreeRTOS/Source/portable/GCC/ARM_CM4F/port.c.obj
                0x080038cc                pxPortInitialiseStack
 *fill*         0x080038f8        0x8 
 .text.SVC_Handler
                0x08003900       0x24 CMakeFiles/PDM_STARTER_CODE.elf.dir/Middlewares/Third_Party/FreeRTOS/Source/portable/GCC/ARM_CM4F/port.c.obj
                0x08003900                SVC_Handler
 .text.vPortEnterCritical
                0x08003924       0x44 CMakeFiles/PDM_STARTER_CODE.elf.dir/Middlewares/Third_Party/FreeRTOS/Source/portable/GCC/ARM_CM4F/port.c.obj
                0x08003924                vPortEnterCritical
 .text.vPortExitCritical
                0x08003968       0x2c CMakeFiles/PDM_STARTER_CODE.elf.dir/Middlewares/Third_Party/FreeRTOS/Source/portable/GCC/ARM_CM4F/port.c.obj
                0x08003968                vPortExitCritical
 *fill*         0x08003994        0xc 
 .text.PendSV_Handler
                0x080039a0       0x64 CMakeFiles/PDM_STARTER_CODE.elf.dir/Middlewares/Third_Party/FreeRTOS/Source/portable/GCC/ARM_CM4F/port.c.obj
                0x080039a0                PendSV_Handler
 .text.xPortSysTickHandler
                0x08003a04       0x2c CMakeFiles/PDM_STARTER_CODE.elf.dir/Middlewares/Third_Party/FreeRTOS/Source/portable/GCC/ARM_CM4F/port.c.obj
                0x08003a04                xPortSysTickHandler
 .text.vPortSetupTimerInterrupt
                0x08003a30       0x28 CMakeFiles/PDM_STARTER_CODE.elf.dir/Middlewares/Third_Party/FreeRTOS/Source/portable/GCC/ARM_CM4F/port.c.obj
                0x08003a30                vPortSetupTimerInterrupt
 .text.xPortStartScheduler
                0x08003a58      0x118 CMakeFiles/PDM_STARTER_CODE.elf.dir/Middlewares/Third_Party/FreeRTOS/Source/portable/GCC/ARM_CM4F/port.c.obj
                0x08003a58                xPortStartScheduler
 .text.vPortValidateInterruptPriority
                0x08003b70       0x5c CMakeFiles/PDM_STARTER_CODE.elf.dir/Middlewares/Third_Party/FreeRTOS/Source/portable/GCC/ARM_CM4F/port.c.obj
                0x08003b70                vPortValidateInterruptPriority
 .text.prvHeapInit
                0x08003bcc       0x68 CMakeFiles/PDM_STARTER_CODE.elf.dir/Middlewares/Third_Party/FreeRTOS/Source/portable/MemMang/heap_4.c.obj
 .text.prvInsertBlockIntoFreeList
                0x08003c34       0x64 CMakeFiles/PDM_STARTER_CODE.elf.dir/Middlewares/Third_Party/FreeRTOS/Source/portable/MemMang/heap_4.c.obj
 .text.pvPortMalloc
                0x08003c98       0xfc CMakeFiles/PDM_STARTER_CODE.elf.dir/Middlewares/Third_Party/FreeRTOS/Source/portable/MemMang/heap_4.c.obj
                0x08003c98                pvPortMalloc
 .text.vPortFree
                0x08003d94       0x7c CMakeFiles/PDM_STARTER_CODE.elf.dir/Middlewares/Third_Party/FreeRTOS/Source/portable/MemMang/heap_4.c.obj
                0x08003d94                vPortFree
 .text.prvIsQueueFull
                0x08003e10       0x1e CMakeFiles/PDM_STARTER_CODE.elf.dir/Middlewares/Third_Party/FreeRTOS/Source/queue.c.obj
 .text.prvIsQueueEmpty
                0x08003e2e       0x1a CMakeFiles/PDM_STARTER_CODE.elf.dir/Middlewares/Third_Party/FreeRTOS/Source/queue.c.obj
 .text.prvCopyDataToQueue
                0x08003e48       0x76 CMakeFiles/PDM_STARTER_CODE.elf.dir/Middlewares/Third_Party/FreeRTOS/Source/queue.c.obj
 .text.prvCopyDataFromQueue
                0x08003ebe       0x24 CMakeFiles/PDM_STARTER_CODE.elf.dir/Middlewares/Third_Party/FreeRTOS/Source/queue.c.obj
 .text.prvUnlockQueue
                0x08003ee2       0x6e CMakeFiles/PDM_STARTER_CODE.elf.dir/Middlewares/Third_Party/FreeRTOS/Source/queue.c.obj
 .text.xQueueGenericReset
                0x08003f50       0x84 CMakeFiles/PDM_STARTER_CODE.elf.dir/Middlewares/Third_Party/FreeRTOS/Source/queue.c.obj
                0x08003f50                xQueueGenericReset
 .text.prvInitialiseNewQueue
                0x08003fd4       0x22 CMakeFiles/PDM_STARTER_CODE.elf.dir/Middlewares/Third_Party/FreeRTOS/Source/queue.c.obj
 .text.xQueueGenericCreateStatic
                0x08003ff6       0x94 CMakeFiles/PDM_STARTER_CODE.elf.dir/Middlewares/Third_Party/FreeRTOS/Source/queue.c.obj
                0x08003ff6                xQueueGenericCreateStatic
 .text.xQueueGenericCreate
                0x0800408a       0x48 CMakeFiles/PDM_STARTER_CODE.elf.dir/Middlewares/Third_Party/FreeRTOS/Source/queue.c.obj
                0x0800408a                xQueueGenericCreate
 .text.xQueueGenericSend
                0x080040d2      0x188 CMakeFiles/PDM_STARTER_CODE.elf.dir/Middlewares/Third_Party/FreeRTOS/Source/queue.c.obj
                0x080040d2                xQueueGenericSend
 .text.xQueueGenericSendFromISR
                0x0800425a       0xce CMakeFiles/PDM_STARTER_CODE.elf.dir/Middlewares/Third_Party/FreeRTOS/Source/queue.c.obj
                0x0800425a                xQueueGenericSendFromISR
 .text.xQueueGiveFromISR
                0x08004328       0xb2 CMakeFiles/PDM_STARTER_CODE.elf.dir/Middlewares/Third_Party/FreeRTOS/Source/queue.c.obj
                0x08004328                xQueueGiveFromISR
 .text.xQueueReceive
                0x080043da      0x15e CMakeFiles/PDM_STARTER_CODE.elf.dir/Middlewares/Third_Party/FreeRTOS/Source/queue.c.obj
                0x080043da                xQueueReceive
 .text.vQueueAddToRegistry
                0x08004538       0x28 CMakeFiles/PDM_STARTER_CODE.elf.dir/Middlewares/Third_Party/FreeRTOS/Source/queue.c.obj
                0x08004538                vQueueAddToRegistry
 .text.vQueueWaitForMessageRestricted
                0x08004560       0x52 CMakeFiles/PDM_STARTER_CODE.elf.dir/Middlewares/Third_Party/FreeRTOS/Source/queue.c.obj
                0x08004560                vQueueWaitForMessageRestricted
 *fill*         0x080045b2        0x2 
 .text.prvResetNextTaskUnblockTime
                0x080045b4       0x2c CMakeFiles/PDM_STARTER_CODE.elf.dir/Middlewares/Third_Party/FreeRTOS/Source/tasks.c.obj
 .text.prvInitialiseNewTask
                0x080045e0      0x106 CMakeFiles/PDM_STARTER_CODE.elf.dir/Middlewares/Third_Party/FreeRTOS/Source/tasks.c.obj
 *fill*         0x080046e6        0x2 
 .text.prvInitialiseTaskLists
                0x080046e8       0x68 CMakeFiles/PDM_STARTER_CODE.elf.dir/Middlewares/Third_Party/FreeRTOS/Source/tasks.c.obj
 .text.prvAddNewTaskToReadyList
                0x08004750       0xac CMakeFiles/PDM_STARTER_CODE.elf.dir/Middlewares/Third_Party/FreeRTOS/Source/tasks.c.obj
 .text.prvDeleteTCB
                0x080047fc       0x40 CMakeFiles/PDM_STARTER_CODE.elf.dir/Middlewares/Third_Party/FreeRTOS/Source/tasks.c.obj
 .text.prvCheckTasksWaitingTermination
                0x0800483c       0x4c CMakeFiles/PDM_STARTER_CODE.elf.dir/Middlewares/Third_Party/FreeRTOS/Source/tasks.c.obj
 .text.prvIdleTask
                0x08004888       0x28 CMakeFiles/PDM_STARTER_CODE.elf.dir/Middlewares/Third_Party/FreeRTOS/Source/tasks.c.obj
 .text.prvAddCurrentTaskToDelayedList
                0x080048b0       0x7c CMakeFiles/PDM_STARTER_CODE.elf.dir/Middlewares/Third_Party/FreeRTOS/Source/tasks.c.obj
 .text.xTaskCreateStatic
                0x0800492c       0x7a CMakeFiles/PDM_STARTER_CODE.elf.dir/Middlewares/Third_Party/FreeRTOS/Source/tasks.c.obj
                0x0800492c                xTaskCreateStatic
 .text.xTaskCreate
                0x080049a6       0x6a CMakeFiles/PDM_STARTER_CODE.elf.dir/Middlewares/Third_Party/FreeRTOS/Source/tasks.c.obj
                0x080049a6                xTaskCreate
 .text.vTaskStartScheduler
                0x08004a10       0xac CMakeFiles/PDM_STARTER_CODE.elf.dir/Middlewares/Third_Party/FreeRTOS/Source/tasks.c.obj
                0x08004a10                vTaskStartScheduler
 .text.vTaskSuspendAll
                0x08004abc       0x10 CMakeFiles/PDM_STARTER_CODE.elf.dir/Middlewares/Third_Party/FreeRTOS/Source/tasks.c.obj
                0x08004abc                vTaskSuspendAll
 .text.xTaskGetTickCount
                0x08004acc        0xc CMakeFiles/PDM_STARTER_CODE.elf.dir/Middlewares/Third_Party/FreeRTOS/Source/tasks.c.obj
                0x08004acc                xTaskGetTickCount
 .text.xTaskIncrementTick
                0x08004ad8      0x118 CMakeFiles/PDM_STARTER_CODE.elf.dir/Middlewares/Third_Party/FreeRTOS/Source/tasks.c.obj
                0x08004ad8                xTaskIncrementTick
 .text.xTaskResumeAll
                0x08004bf0       0xf8 CMakeFiles/PDM_STARTER_CODE.elf.dir/Middlewares/Third_Party/FreeRTOS/Source/tasks.c.obj
                0x08004bf0                xTaskResumeAll
 .text.vTaskDelay
                0x08004ce8       0x4c CMakeFiles/PDM_STARTER_CODE.elf.dir/Middlewares/Third_Party/FreeRTOS/Source/tasks.c.obj
                0x08004ce8                vTaskDelay
 .text.vTaskSwitchContext
                0x08004d34       0xa0 CMakeFiles/PDM_STARTER_CODE.elf.dir/Middlewares/Third_Party/FreeRTOS/Source/tasks.c.obj
                0x08004d34                vTaskSwitchContext
 .text.vTaskSuspend
                0x08004dd4       0xc4 CMakeFiles/PDM_STARTER_CODE.elf.dir/Middlewares/Third_Party/FreeRTOS/Source/tasks.c.obj
                0x08004dd4                vTaskSuspend
 .text.vTaskPlaceOnEventList
                0x08004e98       0x30 CMakeFiles/PDM_STARTER_CODE.elf.dir/Middlewares/Third_Party/FreeRTOS/Source/tasks.c.obj
                0x08004e98                vTaskPlaceOnEventList
 .text.vTaskPlaceOnEventListRestricted
                0x08004ec8       0x38 CMakeFiles/PDM_STARTER_CODE.elf.dir/Middlewares/Third_Party/FreeRTOS/Source/tasks.c.obj
                0x08004ec8                vTaskPlaceOnEventListRestricted
 .text.xTaskRemoveFromEventList
                0x08004f00       0x8c CMakeFiles/PDM_STARTER_CODE.elf.dir/Middlewares/Third_Party/FreeRTOS/Source/tasks.c.obj
                0x08004f00                xTaskRemoveFromEventList
 .text.vTaskInternalSetTimeOutState
                0x08004f8c       0x18 CMakeFiles/PDM_STARTER_CODE.elf.dir/Middlewares/Third_Party/FreeRTOS/Source/tasks.c.obj
                0x08004f8c                vTaskInternalSetTimeOutState
 .text.xTaskCheckForTimeOut
                0x08004fa4       0x84 CMakeFiles/PDM_STARTER_CODE.elf.dir/Middlewares/Third_Party/FreeRTOS/Source/tasks.c.obj
                0x08004fa4                xTaskCheckForTimeOut
 .text.vTaskMissedYield
                0x08005028        0xc CMakeFiles/PDM_STARTER_CODE.elf.dir/Middlewares/Third_Party/FreeRTOS/Source/tasks.c.obj
                0x08005028                vTaskMissedYield
 .text.xTaskGetCurrentTaskHandle
                0x08005034        0xc CMakeFiles/PDM_STARTER_CODE.elf.dir/Middlewares/Third_Party/FreeRTOS/Source/tasks.c.obj
                0x08005034                xTaskGetCurrentTaskHandle
 .text.xTaskGetSchedulerState
                0x08005040       0x20 CMakeFiles/PDM_STARTER_CODE.elf.dir/Middlewares/Third_Party/FreeRTOS/Source/tasks.c.obj
                0x08005040                xTaskGetSchedulerState
 .text.xTaskPriorityDisinherit
                0x08005060       0x90 CMakeFiles/PDM_STARTER_CODE.elf.dir/Middlewares/Third_Party/FreeRTOS/Source/tasks.c.obj
                0x08005060                xTaskPriorityDisinherit
 .text.prvGetNextExpireTime
                0x080050f0       0x20 CMakeFiles/PDM_STARTER_CODE.elf.dir/Middlewares/Third_Party/FreeRTOS/Source/timers.c.obj
 .text.prvInsertTimerInActiveList
                0x08005110       0x48 CMakeFiles/PDM_STARTER_CODE.elf.dir/Middlewares/Third_Party/FreeRTOS/Source/timers.c.obj
 .text.prvCheckForValidListAndQueue
                0x08005158       0x70 CMakeFiles/PDM_STARTER_CODE.elf.dir/Middlewares/Third_Party/FreeRTOS/Source/timers.c.obj
 .text.xTimerCreateTimerTask
                0x080051c8       0x64 CMakeFiles/PDM_STARTER_CODE.elf.dir/Middlewares/Third_Party/FreeRTOS/Source/timers.c.obj
                0x080051c8                xTimerCreateTimerTask
 .text.xTimerGenericCommand
                0x0800522c       0x6c CMakeFiles/PDM_STARTER_CODE.elf.dir/Middlewares/Third_Party/FreeRTOS/Source/timers.c.obj
                0x0800522c                xTimerGenericCommand
 .text.prvSwitchTimerLists
                0x08005298       0x7c CMakeFiles/PDM_STARTER_CODE.elf.dir/Middlewares/Third_Party/FreeRTOS/Source/timers.c.obj
 .text.prvSampleTimeNow
                0x08005314       0x2c CMakeFiles/PDM_STARTER_CODE.elf.dir/Middlewares/Third_Party/FreeRTOS/Source/timers.c.obj
 .text.prvProcessExpiredTimer
                0x08005340       0x6c CMakeFiles/PDM_STARTER_CODE.elf.dir/Middlewares/Third_Party/FreeRTOS/Source/timers.c.obj
 .text.prvProcessTimerOrBlockTask
                0x080053ac       0x74 CMakeFiles/PDM_STARTER_CODE.elf.dir/Middlewares/Third_Party/FreeRTOS/Source/timers.c.obj
 .text.prvProcessReceivedCommands
                0x08005420      0x10c CMakeFiles/PDM_STARTER_CODE.elf.dir/Middlewares/Third_Party/FreeRTOS/Source/timers.c.obj
 .text.prvTimerTask
                0x0800552c       0x16 CMakeFiles/PDM_STARTER_CODE.elf.dir/Middlewares/Third_Party/FreeRTOS/Source/timers.c.obj
 *fill*         0x08005542        0x2 
 .text.__errno  0x08005544        0xc c:/progra~2/gnuarm~1/102021~1.10/bin/../lib/gcc/arm-none-eabi/10.3.1/../../../../arm-none-eabi/lib/thumb/v7e-m+fp/hard\libg.a(lib_a-errno.o)
                0x08005544                __errno
 .text.__libc_init_array
                0x08005550       0x48 c:/progra~2/gnuarm~1/102021~1.10/bin/../lib/gcc/arm-none-eabi/10.3.1/../../../../arm-none-eabi/lib/thumb/v7e-m+fp/hard\libg.a(lib_a-init.o)
                0x08005550                __libc_init_array
 .text.memset   0x08005598       0xa4 c:/progra~2/gnuarm~1/102021~1.10/bin/../lib/gcc/arm-none-eabi/10.3.1/../../../../arm-none-eabi/lib/thumb/v7e-m+fp/hard\libg.a(lib_a-memset.o)
                0x08005598                memset
 .text.cleanup_glue
                0x0800563c       0x48 c:/progra~2/gnuarm~1/102021~1.10/bin/../lib/gcc/arm-none-eabi/10.3.1/../../../../arm-none-eabi/lib/thumb/v7e-m+fp/hard\libg.a(lib_a-reent.o)
                0x0800563c                cleanup_glue
 .text._reclaim_reent
                0x08005684       0x90 c:/progra~2/gnuarm~1/102021~1.10/bin/../lib/gcc/arm-none-eabi/10.3.1/../../../../arm-none-eabi/lib/thumb/v7e-m+fp/hard\libg.a(lib_a-reent.o)
                0x08005684                _reclaim_reent
 .text.startup.register_fini
                0x08005714       0x14 c:/progra~2/gnuarm~1/102021~1.10/bin/../lib/gcc/arm-none-eabi/10.3.1/../../../../arm-none-eabi/lib/thumb/v7e-m+fp/hard\libg.a(lib_a-__call_atexit.o)
 .text.atexit   0x08005728        0xc c:/progra~2/gnuarm~1/102021~1.10/bin/../lib/gcc/arm-none-eabi/10.3.1/../../../../arm-none-eabi/lib/thumb/v7e-m+fp/hard\libg.a(lib_a-atexit.o)
                0x08005728                atexit
 .text.__libc_fini_array
                0x08005734       0x2c c:/progra~2/gnuarm~1/102021~1.10/bin/../lib/gcc/arm-none-eabi/10.3.1/../../../../arm-none-eabi/lib/thumb/v7e-m+fp/hard\libg.a(lib_a-fini.o)
                0x08005734                __libc_fini_array
 .text._malloc_trim_r
                0x08005760       0xa0 c:/progra~2/gnuarm~1/102021~1.10/bin/../lib/gcc/arm-none-eabi/10.3.1/../../../../arm-none-eabi/lib/thumb/v7e-m+fp/hard\libg.a(lib_a-freer.o)
                0x08005760                _malloc_trim_r
 .text._free_r  0x08005800      0x20c c:/progra~2/gnuarm~1/102021~1.10/bin/../lib/gcc/arm-none-eabi/10.3.1/../../../../arm-none-eabi/lib/thumb/v7e-m+fp/hard\libg.a(lib_a-freer.o)
                0x08005800                _free_r
 .text.__retarget_lock_acquire_recursive
                0x08005a0c        0x4 c:/progra~2/gnuarm~1/102021~1.10/bin/../lib/gcc/arm-none-eabi/10.3.1/../../../../arm-none-eabi/lib/thumb/v7e-m+fp/hard\libg.a(lib_a-lock.o)
                0x08005a0c                __retarget_lock_acquire_recursive
 .text.__retarget_lock_release_recursive
                0x08005a10        0x4 c:/progra~2/gnuarm~1/102021~1.10/bin/../lib/gcc/arm-none-eabi/10.3.1/../../../../arm-none-eabi/lib/thumb/v7e-m+fp/hard\libg.a(lib_a-lock.o)
                0x08005a10                __retarget_lock_release_recursive
 .text.__malloc_lock
                0x08005a14        0xc c:/progra~2/gnuarm~1/102021~1.10/bin/../lib/gcc/arm-none-eabi/10.3.1/../../../../arm-none-eabi/lib/thumb/v7e-m+fp/hard\libg.a(lib_a-mlock.o)
                0x08005a14                __malloc_lock
 .text.__malloc_unlock
                0x08005a20        0xc c:/progra~2/gnuarm~1/102021~1.10/bin/../lib/gcc/arm-none-eabi/10.3.1/../../../../arm-none-eabi/lib/thumb/v7e-m+fp/hard\libg.a(lib_a-mlock.o)
                0x08005a20                __malloc_unlock
 .text._sbrk_r  0x08005a2c       0x24 c:/progra~2/gnuarm~1/102021~1.10/bin/../lib/gcc/arm-none-eabi/10.3.1/../../../../arm-none-eabi/lib/thumb/v7e-m+fp/hard\libg.a(lib_a-sbrkr.o)
                0x08005a2c                _sbrk_r
 .text.__register_exitproc
                0x08005a50       0x8c c:/progra~2/gnuarm~1/102021~1.10/bin/../lib/gcc/arm-none-eabi/10.3.1/../../../../arm-none-eabi/lib/thumb/v7e-m+fp/hard\libg.a(lib_a-__atexit.o)
                0x08005a50                __register_exitproc
 *(.glue_7)
 .glue_7        0x08005adc        0x0 linker stubs
 *(.glue_7t)
 .glue_7t       0x08005adc        0x0 linker stubs
 *(.eh_frame)
 .eh_frame      0x08005adc        0x0 c:/progra~2/gnuarm~1/102021~1.10/bin/../lib/gcc/arm-none-eabi/10.3.1/thumb/v7e-m+fp/hard/crtbegin.o
 *(.init)
 .init          0x08005adc        0x4 c:/progra~2/gnuarm~1/102021~1.10/bin/../lib/gcc/arm-none-eabi/10.3.1/thumb/v7e-m+fp/hard/crti.o
                0x08005adc                _init
 .init          0x08005ae0        0x8 c:/progra~2/gnuarm~1/102021~1.10/bin/../lib/gcc/arm-none-eabi/10.3.1/thumb/v7e-m+fp/hard/crtn.o
 *(.fini)
 .fini          0x08005ae8        0x4 c:/progra~2/gnuarm~1/102021~1.10/bin/../lib/gcc/arm-none-eabi/10.3.1/thumb/v7e-m+fp/hard/crti.o
                0x08005ae8                _fini
 .fini          0x08005aec        0x8 c:/progra~2/gnuarm~1/102021~1.10/bin/../lib/gcc/arm-none-eabi/10.3.1/thumb/v7e-m+fp/hard/crtn.o
                0x08005af4                . = ALIGN (0x4)
                0x08005af4                _etext = .

.vfp11_veneer   0x08005af4        0x0
 .vfp11_veneer  0x08005af4        0x0 linker stubs

.v4_bx          0x08005af4        0x0
 .v4_bx         0x08005af4        0x0 linker stubs

.iplt           0x08005af4        0x0
 .iplt          0x08005af4        0x0 c:/progra~2/gnuarm~1/102021~1.10/bin/../lib/gcc/arm-none-eabi/10.3.1/thumb/v7e-m+fp/hard/crtbegin.o

.rodata         0x08005af4      0x150
                0x08005af4                . = ALIGN (0x4)
 *(.rodata)
 *(.rodata*)
 .rodata.str1.4
                0x08005af4       0x38 CMakeFiles/PDM_STARTER_CODE.elf.dir/Core/Src/freertos.c.obj
 .rodata.adcTask_attributes
                0x08005b2c       0x24 CMakeFiles/PDM_STARTER_CODE.elf.dir/Core/Src/freertos.c.obj
                0x08005b2c                adcTask_attributes
 .rodata.can1Task_attributes
                0x08005b50       0x24 CMakeFiles/PDM_STARTER_CODE.elf.dir/Core/Src/freertos.c.obj
                0x08005b50                can1Task_attributes
 .rodata.can2Task_attributes
                0x08005b74       0x24 CMakeFiles/PDM_STARTER_CODE.elf.dir/Core/Src/freertos.c.obj
                0x08005b74                can2Task_attributes
 .rodata.defaultTask_attributes
                0x08005b98       0x24 CMakeFiles/PDM_STARTER_CODE.elf.dir/Core/Src/freertos.c.obj
                0x08005b98                defaultTask_attributes
 .rodata.statusTask_attributes
                0x08005bbc       0x24 CMakeFiles/PDM_STARTER_CODE.elf.dir/Core/Src/freertos.c.obj
                0x08005bbc                statusTask_attributes
 .rodata.AHBPrescTable
                0x08005be0       0x10 CMakeFiles/PDM_STARTER_CODE.elf.dir/Core/Src/system_stm32l4xx.c.obj
                0x08005be0                AHBPrescTable
 .rodata.APBPrescTable
                0x08005bf0        0x8 CMakeFiles/PDM_STARTER_CODE.elf.dir/Core/Src/system_stm32l4xx.c.obj
                0x08005bf0                APBPrescTable
 .rodata.MSIRangeTable
                0x08005bf8       0x30 CMakeFiles/PDM_STARTER_CODE.elf.dir/Core/Src/system_stm32l4xx.c.obj
                0x08005bf8                MSIRangeTable
 .rodata.vTaskStartScheduler.str1.4
                0x08005c28        0x5 CMakeFiles/PDM_STARTER_CODE.elf.dir/Middlewares/Third_Party/FreeRTOS/Source/tasks.c.obj
 *fill*         0x08005c2d        0x3 
 .rodata.prvCheckForValidListAndQueue.str1.4
                0x08005c30        0x5 CMakeFiles/PDM_STARTER_CODE.elf.dir/Middlewares/Third_Party/FreeRTOS/Source/timers.c.obj
 *fill*         0x08005c35        0x3 
 .rodata.xTimerCreateTimerTask.str1.4
                0x08005c38        0x8 CMakeFiles/PDM_STARTER_CODE.elf.dir/Middlewares/Third_Party/FreeRTOS/Source/timers.c.obj
 .rodata._global_impure_ptr
                0x08005c40        0x4 c:/progra~2/gnuarm~1/102021~1.10/bin/../lib/gcc/arm-none-eabi/10.3.1/../../../../arm-none-eabi/lib/thumb/v7e-m+fp/hard\libg.a(lib_a-impure.o)
                0x08005c40                _global_impure_ptr
                0x08005c44                . = ALIGN (0x4)

.rel.dyn        0x08005c44        0x0
 .rel.iplt      0x08005c44        0x0 c:/progra~2/gnuarm~1/102021~1.10/bin/../lib/gcc/arm-none-eabi/10.3.1/thumb/v7e-m+fp/hard/crtbegin.o

.ARM.extab      0x08005c44        0x0
                0x08005c44                . = ALIGN (0x4)
 *(.ARM.extab* .gnu.linkonce.armextab.*)
                0x08005c44                . = ALIGN (0x4)

.ARM            0x08005c44        0x0
                0x08005c44                . = ALIGN (0x4)
                0x08005c44                __exidx_start = .
 *(.ARM.exidx*)
                0x08005c44                __exidx_end = .
                0x08005c44                . = ALIGN (0x4)

.preinit_array  0x08005c44        0x0
                0x08005c44                . = ALIGN (0x4)
                0x08005c44                PROVIDE (__preinit_array_start = .)
 *(.preinit_array*)
                0x08005c44                PROVIDE (__preinit_array_end = .)
                0x08005c44                . = ALIGN (0x4)

.init_array     0x08005c44        0x8
                0x08005c44                . = ALIGN (0x4)
                0x08005c44                PROVIDE (__init_array_start = .)
 *(SORT_BY_NAME(.init_array.*))
 .init_array.00000
                0x08005c44        0x4 c:/progra~2/gnuarm~1/102021~1.10/bin/../lib/gcc/arm-none-eabi/10.3.1/../../../../arm-none-eabi/lib/thumb/v7e-m+fp/hard\libg.a(lib_a-__call_atexit.o)
 *(.init_array*)
 .init_array    0x08005c48        0x4 c:/progra~2/gnuarm~1/102021~1.10/bin/../lib/gcc/arm-none-eabi/10.3.1/thumb/v7e-m+fp/hard/crtbegin.o
                0x08005c4c                PROVIDE (__init_array_end = .)
                0x08005c4c                . = ALIGN (0x4)

.fini_array     0x08005c4c        0x4
                0x08005c4c                . = ALIGN (0x4)
                0x08005c4c                PROVIDE (__fini_array_start = .)
 *(SORT_BY_NAME(.fini_array.*))
 *(.fini_array*)
 .fini_array    0x08005c4c        0x4 c:/progra~2/gnuarm~1/102021~1.10/bin/../lib/gcc/arm-none-eabi/10.3.1/thumb/v7e-m+fp/hard/crtbegin.o
                0x08005c50                PROVIDE (__fini_array_end = .)
                0x08005c50                . = ALIGN (0x4)
                0x08005c50                _sidata = LOADADDR (.data)

.data           0x20000000      0x874 load address 0x08005c50
                0x20000000                . = ALIGN (0x4)
                0x20000000                _sdata = .
 *(.data)
 *(.data*)
 .data.pnpCANData
                0x20000000        0x8 CMakeFiles/PDM_STARTER_CODE.elf.dir/Core/Src/canhandler.c.obj
                0x20000000                pnpCANData
 .data.pnpCANHeader
                0x20000008       0x18 CMakeFiles/PDM_STARTER_CODE.elf.dir/Core/Src/canhandler.c.obj
                0x20000008                pnpCANHeader
 .data.SystemCoreClock
                0x20000020        0x4 CMakeFiles/PDM_STARTER_CODE.elf.dir/Core/Src/system_stm32l4xx.c.obj
                0x20000020                SystemCoreClock
 .data.uwTickFreq
                0x20000024        0x1 CMakeFiles/PDM_STARTER_CODE.elf.dir/Drivers/STM32L4xx_HAL_Driver/Src/stm32l4xx_hal.c.obj
                0x20000024                uwTickFreq
 *fill*         0x20000025        0x3 
 .data.uwTickPrio
                0x20000028        0x4 CMakeFiles/PDM_STARTER_CODE.elf.dir/Drivers/STM32L4xx_HAL_Driver/Src/stm32l4xx_hal.c.obj
                0x20000028                uwTickPrio
 .data.uxCriticalNesting
                0x2000002c        0x4 CMakeFiles/PDM_STARTER_CODE.elf.dir/Middlewares/Third_Party/FreeRTOS/Source/portable/GCC/ARM_CM4F/port.c.obj
 .data._impure_ptr
                0x20000030        0x4 c:/progra~2/gnuarm~1/102021~1.10/bin/../lib/gcc/arm-none-eabi/10.3.1/../../../../arm-none-eabi/lib/thumb/v7e-m+fp/hard\libg.a(lib_a-impure.o)
                0x20000030                _impure_ptr
 *fill*         0x20000034        0x4 
 .data.impure_data
                0x20000038      0x428 c:/progra~2/gnuarm~1/102021~1.10/bin/../lib/gcc/arm-none-eabi/10.3.1/../../../../arm-none-eabi/lib/thumb/v7e-m+fp/hard\libg.a(lib_a-impure.o)
 .data.__atexit_recursive_mutex
                0x20000460        0x4 c:/progra~2/gnuarm~1/102021~1.10/bin/../lib/gcc/arm-none-eabi/10.3.1/../../../../arm-none-eabi/lib/thumb/v7e-m+fp/hard\libg.a(lib_a-__call_atexit.o)
                0x20000460                __atexit_recursive_mutex
 .data.__malloc_av_
                0x20000464      0x408 c:/progra~2/gnuarm~1/102021~1.10/bin/../lib/gcc/arm-none-eabi/10.3.1/../../../../arm-none-eabi/lib/thumb/v7e-m+fp/hard\libg.a(lib_a-mallocr.o)
                0x20000464                __malloc_av_
 .data.__malloc_sbrk_base
                0x2000086c        0x4 c:/progra~2/gnuarm~1/102021~1.10/bin/../lib/gcc/arm-none-eabi/10.3.1/../../../../arm-none-eabi/lib/thumb/v7e-m+fp/hard\libg.a(lib_a-mallocr.o)
                0x2000086c                __malloc_sbrk_base
 .data.__malloc_trim_threshold
                0x20000870        0x4 c:/progra~2/gnuarm~1/102021~1.10/bin/../lib/gcc/arm-none-eabi/10.3.1/../../../../arm-none-eabi/lib/thumb/v7e-m+fp/hard\libg.a(lib_a-mallocr.o)
                0x20000870                __malloc_trim_threshold
 *(.RamFunc)
 *(.RamFunc*)
                0x20000874                . = ALIGN (0x4)
                0x20000874                _edata = .

.igot.plt       0x20000874        0x0 load address 0x080064c4
 .igot.plt      0x20000874        0x0 c:/progra~2/gnuarm~1/102021~1.10/bin/../lib/gcc/arm-none-eabi/10.3.1/thumb/v7e-m+fp/hard/crtbegin.o
                0x20000874                . = ALIGN (0x4)

.bss            0x20000878     0x7b1c load address 0x080064c4
                0x20000878                _sbss = .
                0x20000878                __bss_start__ = _sbss
 *(.bss)
 .bss           0x20000878       0x1c c:/progra~2/gnuarm~1/102021~1.10/bin/../lib/gcc/arm-none-eabi/10.3.1/thumb/v7e-m+fp/hard/crtbegin.o
 *(.bss*)
 .bss.adcConvReadySemaphore
                0x20000894        0x4 CMakeFiles/PDM_STARTER_CODE.elf.dir/Core/Src/adc.c.obj
                0x20000894                adcConvReadySemaphore
 .bss.adcRawData
                0x20000898       0x20 CMakeFiles/PDM_STARTER_CODE.elf.dir/Core/Src/adc.c.obj
                0x20000898                adcRawData
 .bss.adcTaskHandleLocal
                0x200008b8        0x4 CMakeFiles/PDM_STARTER_CODE.elf.dir/Core/Src/adc.c.obj
                0x200008b8                adcTaskHandleLocal
 .bss.hadc2     0x200008bc       0x68 CMakeFiles/PDM_STARTER_CODE.elf.dir/Core/Src/adc.c.obj
                0x200008bc                hadc2
 .bss.hdma_adc2
                0x20000924       0x48 CMakeFiles/PDM_STARTER_CODE.elf.dir/Core/Src/adc.c.obj
                0x20000924                hdma_adc2
 .bss.xHigherPriorityTaskWoken.0
                0x2000096c        0x4 CMakeFiles/PDM_STARTER_CODE.elf.dir/Core/Src/adc.c.obj
 .bss.HAL_RCC_CAN1_CLK_ENABLED
                0x20000970        0x4 CMakeFiles/PDM_STARTER_CODE.elf.dir/Core/Src/can.c.obj
 .bss.hcan1     0x20000974       0x28 CMakeFiles/PDM_STARTER_CODE.elf.dir/Core/Src/can.c.obj
                0x20000974                hcan1
 .bss.hcan2     0x2000099c       0x28 CMakeFiles/PDM_STARTER_CODE.elf.dir/Core/Src/can.c.obj
                0x2000099c                hcan2
 .bss.can1QueueHandle
                0x200009c4        0x4 CMakeFiles/PDM_STARTER_CODE.elf.dir/Core/Src/canhandler.c.obj
                0x200009c4                can1QueueHandle
 .bss.can1TxMailbox
                0x200009c8       0x10 CMakeFiles/PDM_STARTER_CODE.elf.dir/Core/Src/canhandler.c.obj
                0x200009c8                can1TxMailbox
 .bss.can2QueueHandle
                0x200009d8        0x4 CMakeFiles/PDM_STARTER_CODE.elf.dir/Core/Src/canhandler.c.obj
                0x200009d8                can2QueueHandle
 .bss.can2TxMailbox
                0x200009dc       0x10 CMakeFiles/PDM_STARTER_CODE.elf.dir/Core/Src/canhandler.c.obj
                0x200009dc                can2TxMailbox
 .bss.adcTaskHandle
                0x200009ec        0x4 CMakeFiles/PDM_STARTER_CODE.elf.dir/Core/Src/freertos.c.obj
                0x200009ec                adcTaskHandle
 .bss.can1TaskHandle
                0x200009f0        0x4 CMakeFiles/PDM_STARTER_CODE.elf.dir/Core/Src/freertos.c.obj
                0x200009f0                can1TaskHandle
 .bss.can2TaskHandle
                0x200009f4        0x4 CMakeFiles/PDM_STARTER_CODE.elf.dir/Core/Src/freertos.c.obj
                0x200009f4                can2TaskHandle
 .bss.defaultTaskHandle
                0x200009f8        0x4 CMakeFiles/PDM_STARTER_CODE.elf.dir/Core/Src/freertos.c.obj
                0x200009f8                defaultTaskHandle
 .bss.statusTaskHandle
                0x200009fc        0x4 CMakeFiles/PDM_STARTER_CODE.elf.dir/Core/Src/freertos.c.obj
                0x200009fc                statusTaskHandle
 .bss.htim6     0x20000a00       0x4c CMakeFiles/PDM_STARTER_CODE.elf.dir/Core/Src/stm32l4xx_hal_timebase_tim.c.obj
                0x20000a00                htim6
 .bss.__sbrk_heap_end
                0x20000a4c        0x4 CMakeFiles/PDM_STARTER_CODE.elf.dir/Core/Src/sysmem.c.obj
 .bss.htim8     0x20000a50       0x4c CMakeFiles/PDM_STARTER_CODE.elf.dir/Core/Src/tim.c.obj
                0x20000a50                htim8
 .bss.uwTick    0x20000a9c        0x4 CMakeFiles/PDM_STARTER_CODE.elf.dir/Drivers/STM32L4xx_HAL_Driver/Src/stm32l4xx_hal.c.obj
                0x20000a9c                uwTick
 .bss.Idle_Stack.2
                0x20000aa0      0x200 CMakeFiles/PDM_STARTER_CODE.elf.dir/Middlewares/Third_Party/FreeRTOS/Source/CMSIS_RTOS_V2/cmsis_os2.c.obj
 .bss.Idle_TCB.3
                0x20000ca0      0x488 CMakeFiles/PDM_STARTER_CODE.elf.dir/Middlewares/Third_Party/FreeRTOS/Source/CMSIS_RTOS_V2/cmsis_os2.c.obj
 .bss.KernelState
                0x20001128        0x4 CMakeFiles/PDM_STARTER_CODE.elf.dir/Middlewares/Third_Party/FreeRTOS/Source/CMSIS_RTOS_V2/cmsis_os2.c.obj
 .bss.Timer_Stack.0
                0x2000112c      0x400 CMakeFiles/PDM_STARTER_CODE.elf.dir/Middlewares/Third_Party/FreeRTOS/Source/CMSIS_RTOS_V2/cmsis_os2.c.obj
 *fill*         0x2000152c        0x4 
 .bss.Timer_TCB.1
                0x20001530      0x488 CMakeFiles/PDM_STARTER_CODE.elf.dir/Middlewares/Third_Party/FreeRTOS/Source/CMSIS_RTOS_V2/cmsis_os2.c.obj
 .bss.ucMaxSysCallPriority
                0x200019b8        0x1 CMakeFiles/PDM_STARTER_CODE.elf.dir/Middlewares/Third_Party/FreeRTOS/Source/portable/GCC/ARM_CM4F/port.c.obj
 *fill*         0x200019b9        0x3 
 .bss.ulMaxPRIGROUPValue
                0x200019bc        0x4 CMakeFiles/PDM_STARTER_CODE.elf.dir/Middlewares/Third_Party/FreeRTOS/Source/portable/GCC/ARM_CM4F/port.c.obj
 .bss.pxEnd     0x200019c0        0x4 CMakeFiles/PDM_STARTER_CODE.elf.dir/Middlewares/Third_Party/FreeRTOS/Source/portable/MemMang/heap_4.c.obj
 .bss.ucHeap    0x200019c4     0x6310 CMakeFiles/PDM_STARTER_CODE.elf.dir/Middlewares/Third_Party/FreeRTOS/Source/portable/MemMang/heap_4.c.obj
 .bss.xBlockAllocatedBit
                0x20007cd4        0x4 CMakeFiles/PDM_STARTER_CODE.elf.dir/Middlewares/Third_Party/FreeRTOS/Source/portable/MemMang/heap_4.c.obj
 .bss.xFreeBytesRemaining
                0x20007cd8        0x4 CMakeFiles/PDM_STARTER_CODE.elf.dir/Middlewares/Third_Party/FreeRTOS/Source/portable/MemMang/heap_4.c.obj
 .bss.xMinimumEverFreeBytesRemaining
                0x20007cdc        0x4 CMakeFiles/PDM_STARTER_CODE.elf.dir/Middlewares/Third_Party/FreeRTOS/Source/portable/MemMang/heap_4.c.obj
 .bss.xNumberOfSuccessfulAllocations
                0x20007ce0        0x4 CMakeFiles/PDM_STARTER_CODE.elf.dir/Middlewares/Third_Party/FreeRTOS/Source/portable/MemMang/heap_4.c.obj
 .bss.xNumberOfSuccessfulFrees
                0x20007ce4        0x4 CMakeFiles/PDM_STARTER_CODE.elf.dir/Middlewares/Third_Party/FreeRTOS/Source/portable/MemMang/heap_4.c.obj
 .bss.xStart    0x20007ce8        0x8 CMakeFiles/PDM_STARTER_CODE.elf.dir/Middlewares/Third_Party/FreeRTOS/Source/portable/MemMang/heap_4.c.obj
 .bss.xQueueRegistry
                0x20007cf0       0x40 CMakeFiles/PDM_STARTER_CODE.elf.dir/Middlewares/Third_Party/FreeRTOS/Source/queue.c.obj
                0x20007cf0                xQueueRegistry
 .bss.pxCurrentTCB
                0x20007d30        0x4 CMakeFiles/PDM_STARTER_CODE.elf.dir/Middlewares/Third_Party/FreeRTOS/Source/tasks.c.obj
                0x20007d30                pxCurrentTCB
 .bss.pxDelayedTaskList
                0x20007d34        0x4 CMakeFiles/PDM_STARTER_CODE.elf.dir/Middlewares/Third_Party/FreeRTOS/Source/tasks.c.obj
 .bss.pxOverflowDelayedTaskList
                0x20007d38        0x4 CMakeFiles/PDM_STARTER_CODE.elf.dir/Middlewares/Third_Party/FreeRTOS/Source/tasks.c.obj
 .bss.pxReadyTasksLists
                0x20007d3c      0x460 CMakeFiles/PDM_STARTER_CODE.elf.dir/Middlewares/Third_Party/FreeRTOS/Source/tasks.c.obj
 .bss.uxCurrentNumberOfTasks
                0x2000819c        0x4 CMakeFiles/PDM_STARTER_CODE.elf.dir/Middlewares/Third_Party/FreeRTOS/Source/tasks.c.obj
 .bss.uxDeletedTasksWaitingCleanUp
                0x200081a0        0x4 CMakeFiles/PDM_STARTER_CODE.elf.dir/Middlewares/Third_Party/FreeRTOS/Source/tasks.c.obj
 .bss.uxSchedulerSuspended
                0x200081a4        0x4 CMakeFiles/PDM_STARTER_CODE.elf.dir/Middlewares/Third_Party/FreeRTOS/Source/tasks.c.obj
 .bss.uxTaskNumber
                0x200081a8        0x4 CMakeFiles/PDM_STARTER_CODE.elf.dir/Middlewares/Third_Party/FreeRTOS/Source/tasks.c.obj
 .bss.uxTopReadyPriority
                0x200081ac        0x4 CMakeFiles/PDM_STARTER_CODE.elf.dir/Middlewares/Third_Party/FreeRTOS/Source/tasks.c.obj
 .bss.xDelayedTaskList1
                0x200081b0       0x14 CMakeFiles/PDM_STARTER_CODE.elf.dir/Middlewares/Third_Party/FreeRTOS/Source/tasks.c.obj
 .bss.xDelayedTaskList2
                0x200081c4       0x14 CMakeFiles/PDM_STARTER_CODE.elf.dir/Middlewares/Third_Party/FreeRTOS/Source/tasks.c.obj
 .bss.xIdleTaskHandle
                0x200081d8        0x4 CMakeFiles/PDM_STARTER_CODE.elf.dir/Middlewares/Third_Party/FreeRTOS/Source/tasks.c.obj
 .bss.xNextTaskUnblockTime
                0x200081dc        0x4 CMakeFiles/PDM_STARTER_CODE.elf.dir/Middlewares/Third_Party/FreeRTOS/Source/tasks.c.obj
 .bss.xNumOfOverflows
                0x200081e0        0x4 CMakeFiles/PDM_STARTER_CODE.elf.dir/Middlewares/Third_Party/FreeRTOS/Source/tasks.c.obj
 .bss.xPendedTicks
                0x200081e4        0x4 CMakeFiles/PDM_STARTER_CODE.elf.dir/Middlewares/Third_Party/FreeRTOS/Source/tasks.c.obj
 .bss.xPendingReadyList
                0x200081e8       0x14 CMakeFiles/PDM_STARTER_CODE.elf.dir/Middlewares/Third_Party/FreeRTOS/Source/tasks.c.obj
 .bss.xSchedulerRunning
                0x200081fc        0x4 CMakeFiles/PDM_STARTER_CODE.elf.dir/Middlewares/Third_Party/FreeRTOS/Source/tasks.c.obj
 .bss.xSuspendedTaskList
                0x20008200       0x14 CMakeFiles/PDM_STARTER_CODE.elf.dir/Middlewares/Third_Party/FreeRTOS/Source/tasks.c.obj
 .bss.xTasksWaitingTermination
                0x20008214       0x14 CMakeFiles/PDM_STARTER_CODE.elf.dir/Middlewares/Third_Party/FreeRTOS/Source/tasks.c.obj
 .bss.xTickCount
                0x20008228        0x4 CMakeFiles/PDM_STARTER_CODE.elf.dir/Middlewares/Third_Party/FreeRTOS/Source/tasks.c.obj
 .bss.xYieldPending
                0x2000822c        0x4 CMakeFiles/PDM_STARTER_CODE.elf.dir/Middlewares/Third_Party/FreeRTOS/Source/tasks.c.obj
 .bss.pxCurrentTimerList
                0x20008230        0x4 CMakeFiles/PDM_STARTER_CODE.elf.dir/Middlewares/Third_Party/FreeRTOS/Source/timers.c.obj
 .bss.pxOverflowTimerList
                0x20008234        0x4 CMakeFiles/PDM_STARTER_CODE.elf.dir/Middlewares/Third_Party/FreeRTOS/Source/timers.c.obj
 .bss.ucStaticTimerQueueStorage.1
                0x20008238       0xa0 CMakeFiles/PDM_STARTER_CODE.elf.dir/Middlewares/Third_Party/FreeRTOS/Source/timers.c.obj
 .bss.xActiveTimerList1
                0x200082d8       0x14 CMakeFiles/PDM_STARTER_CODE.elf.dir/Middlewares/Third_Party/FreeRTOS/Source/timers.c.obj
 .bss.xActiveTimerList2
                0x200082ec       0x14 CMakeFiles/PDM_STARTER_CODE.elf.dir/Middlewares/Third_Party/FreeRTOS/Source/timers.c.obj
 .bss.xLastTime.2
                0x20008300        0x4 CMakeFiles/PDM_STARTER_CODE.elf.dir/Middlewares/Third_Party/FreeRTOS/Source/timers.c.obj
 .bss.xStaticTimerQueue.0
                0x20008304       0x50 CMakeFiles/PDM_STARTER_CODE.elf.dir/Middlewares/Third_Party/FreeRTOS/Source/timers.c.obj
 .bss.xTimerQueue
                0x20008354        0x4 CMakeFiles/PDM_STARTER_CODE.elf.dir/Middlewares/Third_Party/FreeRTOS/Source/timers.c.obj
 .bss.xTimerTaskHandle
                0x20008358        0x4 CMakeFiles/PDM_STARTER_CODE.elf.dir/Middlewares/Third_Party/FreeRTOS/Source/timers.c.obj
 .bss.errno     0x2000835c        0x4 c:/progra~2/gnuarm~1/102021~1.10/bin/../lib/gcc/arm-none-eabi/10.3.1/../../../../arm-none-eabi/lib/thumb/v7e-m+fp/hard\libg.a(lib_a-reent.o)
                0x2000835c                errno
 .bss.__lock___atexit_recursive_mutex
                0x20008360        0x1 c:/progra~2/gnuarm~1/102021~1.10/bin/../lib/gcc/arm-none-eabi/10.3.1/../../../../arm-none-eabi/lib/thumb/v7e-m+fp/hard\libg.a(lib_a-lock.o)
                0x20008360                __lock___atexit_recursive_mutex
 *fill*         0x20008361        0x3 
 .bss.__lock___malloc_recursive_mutex
                0x20008364        0x1 c:/progra~2/gnuarm~1/102021~1.10/bin/../lib/gcc/arm-none-eabi/10.3.1/../../../../arm-none-eabi/lib/thumb/v7e-m+fp/hard\libg.a(lib_a-lock.o)
                0x20008364                __lock___malloc_recursive_mutex
 *fill*         0x20008365        0x3 
 .bss.__malloc_current_mallinfo
                0x20008368       0x28 c:/progra~2/gnuarm~1/102021~1.10/bin/../lib/gcc/arm-none-eabi/10.3.1/../../../../arm-none-eabi/lib/thumb/v7e-m+fp/hard\libg.a(lib_a-mallocr.o)
                0x20008368                __malloc_current_mallinfo
 .bss.__malloc_top_pad
                0x20008390        0x4 c:/progra~2/gnuarm~1/102021~1.10/bin/../lib/gcc/arm-none-eabi/10.3.1/../../../../arm-none-eabi/lib/thumb/v7e-m+fp/hard\libg.a(lib_a-mallocr.o)
                0x20008390                __malloc_top_pad
 *(COMMON)
                0x20008394                . = ALIGN (0x4)
                0x20008394                _ebss = .
                0x20008394                __bss_end__ = _ebss

._user_heap_stack
                0x20008394      0x604 load address 0x080064c4
                0x20008398                . = ALIGN (0x8)
 *fill*         0x20008394        0x4 
                [!provide]                PROVIDE (end = .)
                0x20008398                PROVIDE (_end = .)
                0x20008598                . = (. + _Min_Heap_Size)
 *fill*         0x20008398      0x200 
                0x20008998                . = (. + _Min_Stack_Size)
 *fill*         0x20008598      0x400 
                0x20008998                . = ALIGN (0x8)

/DISCARD/
 libc.a(*)
 libm.a(*)
 libgcc.a(*)

.ARM.attributes
                0x00000000       0x30
 *(.ARM.attributes)
 .ARM.attributes
                0x00000000       0x1e c:/progra~2/gnuarm~1/102021~1.10/bin/../lib/gcc/arm-none-eabi/10.3.1/thumb/v7e-m+fp/hard/crti.o
 .ARM.attributes
                0x0000001e       0x34 c:/progra~2/gnuarm~1/102021~1.10/bin/../lib/gcc/arm-none-eabi/10.3.1/thumb/v7e-m+fp/hard/crtbegin.o
 .ARM.attributes
                0x00000052       0x34 CMakeFiles/PDM_STARTER_CODE.elf.dir/Core/Src/adc.c.obj
 .ARM.attributes
                0x00000086       0x34 CMakeFiles/PDM_STARTER_CODE.elf.dir/Core/Src/can.c.obj
 .ARM.attributes
                0x000000ba       0x34 CMakeFiles/PDM_STARTER_CODE.elf.dir/Core/Src/canhandler.c.obj
 .ARM.attributes
                0x000000ee       0x34 CMakeFiles/PDM_STARTER_CODE.elf.dir/Core/Src/dma.c.obj
 .ARM.attributes
                0x00000122       0x34 CMakeFiles/PDM_STARTER_CODE.elf.dir/Core/Src/freertos.c.obj
 .ARM.attributes
                0x00000156       0x34 CMakeFiles/PDM_STARTER_CODE.elf.dir/Core/Src/gpio.c.obj
 .ARM.attributes
                0x0000018a       0x34 CMakeFiles/PDM_STARTER_CODE.elf.dir/Core/Src/main.c.obj
 .ARM.attributes
                0x000001be       0x34 CMakeFiles/PDM_STARTER_CODE.elf.dir/Core/Src/stm32l4xx_hal_msp.c.obj
 .ARM.attributes
                0x000001f2       0x34 CMakeFiles/PDM_STARTER_CODE.elf.dir/Core/Src/stm32l4xx_hal_timebase_tim.c.obj
 .ARM.attributes
                0x00000226       0x34 CMakeFiles/PDM_STARTER_CODE.elf.dir/Core/Src/stm32l4xx_it.c.obj
 .ARM.attributes
                0x0000025a       0x34 CMakeFiles/PDM_STARTER_CODE.elf.dir/Core/Src/sysmem.c.obj
 .ARM.attributes
                0x0000028e       0x34 CMakeFiles/PDM_STARTER_CODE.elf.dir/Core/Src/system_stm32l4xx.c.obj
 .ARM.attributes
                0x000002c2       0x34 CMakeFiles/PDM_STARTER_CODE.elf.dir/Core/Src/tim.c.obj
 .ARM.attributes
                0x000002f6       0x21 CMakeFiles/PDM_STARTER_CODE.elf.dir/Core/Startup/startup_stm32l496zgtx.s.obj
 .ARM.attributes
                0x00000317       0x34 CMakeFiles/PDM_STARTER_CODE.elf.dir/Drivers/STM32L4xx_HAL_Driver/Src/stm32l4xx_hal.c.obj
 .ARM.attributes
                0x0000034b       0x34 CMakeFiles/PDM_STARTER_CODE.elf.dir/Drivers/STM32L4xx_HAL_Driver/Src/stm32l4xx_hal_adc.c.obj
 .ARM.attributes
                0x0000037f       0x34 CMakeFiles/PDM_STARTER_CODE.elf.dir/Drivers/STM32L4xx_HAL_Driver/Src/stm32l4xx_hal_can.c.obj
 .ARM.attributes
                0x000003b3       0x34 CMakeFiles/PDM_STARTER_CODE.elf.dir/Drivers/STM32L4xx_HAL_Driver/Src/stm32l4xx_hal_cortex.c.obj
 .ARM.attributes
                0x000003e7       0x34 CMakeFiles/PDM_STARTER_CODE.elf.dir/Drivers/STM32L4xx_HAL_Driver/Src/stm32l4xx_hal_dma.c.obj
 .ARM.attributes
                0x0000041b       0x34 CMakeFiles/PDM_STARTER_CODE.elf.dir/Drivers/STM32L4xx_HAL_Driver/Src/stm32l4xx_hal_gpio.c.obj
 .ARM.attributes
                0x0000044f       0x34 CMakeFiles/PDM_STARTER_CODE.elf.dir/Drivers/STM32L4xx_HAL_Driver/Src/stm32l4xx_hal_pwr_ex.c.obj
 .ARM.attributes
                0x00000483       0x34 CMakeFiles/PDM_STARTER_CODE.elf.dir/Drivers/STM32L4xx_HAL_Driver/Src/stm32l4xx_hal_rcc.c.obj
 .ARM.attributes
                0x000004b7       0x34 CMakeFiles/PDM_STARTER_CODE.elf.dir/Drivers/STM32L4xx_HAL_Driver/Src/stm32l4xx_hal_rcc_ex.c.obj
 .ARM.attributes
                0x000004eb       0x34 CMakeFiles/PDM_STARTER_CODE.elf.dir/Drivers/STM32L4xx_HAL_Driver/Src/stm32l4xx_hal_tim.c.obj
 .ARM.attributes
                0x0000051f       0x34 CMakeFiles/PDM_STARTER_CODE.elf.dir/Drivers/STM32L4xx_HAL_Driver/Src/stm32l4xx_hal_tim_ex.c.obj
 .ARM.attributes
                0x00000553       0x34 CMakeFiles/PDM_STARTER_CODE.elf.dir/Middlewares/Third_Party/FreeRTOS/Source/CMSIS_RTOS_V2/cmsis_os2.c.obj
 .ARM.attributes
                0x00000587       0x34 CMakeFiles/PDM_STARTER_CODE.elf.dir/Middlewares/Third_Party/FreeRTOS/Source/list.c.obj
 .ARM.attributes
                0x000005bb       0x34 CMakeFiles/PDM_STARTER_CODE.elf.dir/Middlewares/Third_Party/FreeRTOS/Source/portable/GCC/ARM_CM4F/port.c.obj
 .ARM.attributes
                0x000005ef       0x34 CMakeFiles/PDM_STARTER_CODE.elf.dir/Middlewares/Third_Party/FreeRTOS/Source/portable/MemMang/heap_4.c.obj
 .ARM.attributes
                0x00000623       0x34 CMakeFiles/PDM_STARTER_CODE.elf.dir/Middlewares/Third_Party/FreeRTOS/Source/queue.c.obj
 .ARM.attributes
                0x00000657       0x34 CMakeFiles/PDM_STARTER_CODE.elf.dir/Middlewares/Third_Party/FreeRTOS/Source/tasks.c.obj
 .ARM.attributes
                0x0000068b       0x34 CMakeFiles/PDM_STARTER_CODE.elf.dir/Middlewares/Third_Party/FreeRTOS/Source/timers.c.obj
 .ARM.attributes
                0x000006bf       0x34 c:/progra~2/gnuarm~1/102021~1.10/bin/../lib/gcc/arm-none-eabi/10.3.1/../../../../arm-none-eabi/lib/thumb/v7e-m+fp/hard\libg.a(lib_a-errno.o)
 .ARM.attributes
                0x000006f3       0x34 c:/progra~2/gnuarm~1/102021~1.10/bin/../lib/gcc/arm-none-eabi/10.3.1/../../../../arm-none-eabi/lib/thumb/v7e-m+fp/hard\libg.a(lib_a-impure.o)
 .ARM.attributes
                0x00000727       0x34 c:/progra~2/gnuarm~1/102021~1.10/bin/../lib/gcc/arm-none-eabi/10.3.1/../../../../arm-none-eabi/lib/thumb/v7e-m+fp/hard\libg.a(lib_a-init.o)
 .ARM.attributes
                0x0000075b       0x1c c:/progra~2/gnuarm~1/102021~1.10/bin/../lib/gcc/arm-none-eabi/10.3.1/../../../../arm-none-eabi/lib/thumb/v7e-m+fp/hard\libg.a(lib_a-memcpy.o)
 .ARM.attributes
                0x00000777       0x34 c:/progra~2/gnuarm~1/102021~1.10/bin/../lib/gcc/arm-none-eabi/10.3.1/../../../../arm-none-eabi/lib/thumb/v7e-m+fp/hard\libg.a(lib_a-memset.o)
 .ARM.attributes
                0x000007ab       0x34 c:/progra~2/gnuarm~1/102021~1.10/bin/../lib/gcc/arm-none-eabi/10.3.1/../../../../arm-none-eabi/lib/thumb/v7e-m+fp/hard\libg.a(lib_a-reent.o)
 .ARM.attributes
                0x000007df       0x34 c:/progra~2/gnuarm~1/102021~1.10/bin/../lib/gcc/arm-none-eabi/10.3.1/../../../../arm-none-eabi/lib/thumb/v7e-m+fp/hard\libg.a(lib_a-__call_atexit.o)
 .ARM.attributes
                0x00000813       0x34 c:/progra~2/gnuarm~1/102021~1.10/bin/../lib/gcc/arm-none-eabi/10.3.1/../../../../arm-none-eabi/lib/thumb/v7e-m+fp/hard\libg.a(lib_a-atexit.o)
 .ARM.attributes
                0x00000847       0x34 c:/progra~2/gnuarm~1/102021~1.10/bin/../lib/gcc/arm-none-eabi/10.3.1/../../../../arm-none-eabi/lib/thumb/v7e-m+fp/hard\libg.a(lib_a-fini.o)
 .ARM.attributes
                0x0000087b       0x34 c:/progra~2/gnuarm~1/102021~1.10/bin/../lib/gcc/arm-none-eabi/10.3.1/../../../../arm-none-eabi/lib/thumb/v7e-m+fp/hard\libg.a(lib_a-freer.o)
 .ARM.attributes
                0x000008af       0x34 c:/progra~2/gnuarm~1/102021~1.10/bin/../lib/gcc/arm-none-eabi/10.3.1/../../../../arm-none-eabi/lib/thumb/v7e-m+fp/hard\libg.a(lib_a-lock.o)
 .ARM.attributes
                0x000008e3       0x34 c:/progra~2/gnuarm~1/102021~1.10/bin/../lib/gcc/arm-none-eabi/10.3.1/../../../../arm-none-eabi/lib/thumb/v7e-m+fp/hard\libg.a(lib_a-mallocr.o)
 .ARM.attributes
                0x00000917       0x34 c:/progra~2/gnuarm~1/102021~1.10/bin/../lib/gcc/arm-none-eabi/10.3.1/../../../../arm-none-eabi/lib/thumb/v7e-m+fp/hard\libg.a(lib_a-mlock.o)
 .ARM.attributes
                0x0000094b       0x34 c:/progra~2/gnuarm~1/102021~1.10/bin/../lib/gcc/arm-none-eabi/10.3.1/../../../../arm-none-eabi/lib/thumb/v7e-m+fp/hard\libg.a(lib_a-sbrkr.o)
 .ARM.attributes
                0x0000097f       0x34 c:/progra~2/gnuarm~1/102021~1.10/bin/../lib/gcc/arm-none-eabi/10.3.1/../../../../arm-none-eabi/lib/thumb/v7e-m+fp/hard\libg.a(lib_a-__atexit.o)
 .ARM.attributes
                0x000009b3       0x1e c:/progra~2/gnuarm~1/102021~1.10/bin/../lib/gcc/arm-none-eabi/10.3.1/thumb/v7e-m+fp/hard/crtn.o
OUTPUT(PDM_STARTER_CODE.elf elf32-littlearm)
LOAD linker stubs
LOAD c:/progra~2/gnuarm~1/102021~1.10/bin/../lib/gcc/arm-none-eabi/10.3.1/../../../../arm-none-eabi/lib/thumb/v7e-m+fp/hard\libc.a
LOAD c:/progra~2/gnuarm~1/102021~1.10/bin/../lib/gcc/arm-none-eabi/10.3.1/../../../../arm-none-eabi/lib/thumb/v7e-m+fp/hard\libm.a
LOAD c:/progra~2/gnuarm~1/102021~1.10/bin/../lib/gcc/arm-none-eabi/10.3.1/thumb/v7e-m+fp/hard\libgcc.a

.debug_info     0x00000000    0x25b2f
 .debug_info    0x00000000     0x16f0 CMakeFiles/PDM_STARTER_CODE.elf.dir/Core/Src/adc.c.obj
 .debug_info    0x000016f0      0xa97 CMakeFiles/PDM_STARTER_CODE.elf.dir/Core/Src/can.c.obj
 .debug_info    0x00002187      0x865 CMakeFiles/PDM_STARTER_CODE.elf.dir/Core/Src/canhandler.c.obj
 .debug_info    0x000029ec      0x5b2 CMakeFiles/PDM_STARTER_CODE.elf.dir/Core/Src/dma.c.obj
 .debug_info    0x00002f9e      0x5a4 CMakeFiles/PDM_STARTER_CODE.elf.dir/Core/Src/freertos.c.obj
 .debug_info    0x00003542      0x538 CMakeFiles/PDM_STARTER_CODE.elf.dir/Core/Src/gpio.c.obj
 .debug_info    0x00003a7a      0xa75 CMakeFiles/PDM_STARTER_CODE.elf.dir/Core/Src/main.c.obj
 .debug_info    0x000044ef      0x5b0 CMakeFiles/PDM_STARTER_CODE.elf.dir/Core/Src/stm32l4xx_hal_msp.c.obj
 .debug_info    0x00004a9f      0xd84 CMakeFiles/PDM_STARTER_CODE.elf.dir/Core/Src/stm32l4xx_hal_timebase_tim.c.obj
 .debug_info    0x00005823      0x75c CMakeFiles/PDM_STARTER_CODE.elf.dir/Core/Src/stm32l4xx_it.c.obj
 .debug_info    0x00005f7f      0x174 CMakeFiles/PDM_STARTER_CODE.elf.dir/Core/Src/sysmem.c.obj
 .debug_info    0x000060f3      0x5fc CMakeFiles/PDM_STARTER_CODE.elf.dir/Core/Src/system_stm32l4xx.c.obj
 .debug_info    0x000066ef      0xaca CMakeFiles/PDM_STARTER_CODE.elf.dir/Core/Src/tim.c.obj
 .debug_info    0x000071b9       0x22 CMakeFiles/PDM_STARTER_CODE.elf.dir/Core/Startup/startup_stm32l496zgtx.s.obj
 .debug_info    0x000071db      0xc26 CMakeFiles/PDM_STARTER_CODE.elf.dir/Drivers/STM32L4xx_HAL_Driver/Src/stm32l4xx_hal.c.obj
 .debug_info    0x00007e01     0x34f8 CMakeFiles/PDM_STARTER_CODE.elf.dir/Drivers/STM32L4xx_HAL_Driver/Src/stm32l4xx_hal_adc.c.obj
 .debug_info    0x0000b2f9     0x12e4 CMakeFiles/PDM_STARTER_CODE.elf.dir/Drivers/STM32L4xx_HAL_Driver/Src/stm32l4xx_hal_can.c.obj
 .debug_info    0x0000c5dd     0x10d4 CMakeFiles/PDM_STARTER_CODE.elf.dir/Drivers/STM32L4xx_HAL_Driver/Src/stm32l4xx_hal_cortex.c.obj
 .debug_info    0x0000d6b1      0x871 CMakeFiles/PDM_STARTER_CODE.elf.dir/Drivers/STM32L4xx_HAL_Driver/Src/stm32l4xx_hal_dma.c.obj
 .debug_info    0x0000df22      0x873 CMakeFiles/PDM_STARTER_CODE.elf.dir/Drivers/STM32L4xx_HAL_Driver/Src/stm32l4xx_hal_gpio.c.obj
 .debug_info    0x0000e795      0xa98 CMakeFiles/PDM_STARTER_CODE.elf.dir/Drivers/STM32L4xx_HAL_Driver/Src/stm32l4xx_hal_pwr_ex.c.obj
 .debug_info    0x0000f22d      0xf8d CMakeFiles/PDM_STARTER_CODE.elf.dir/Drivers/STM32L4xx_HAL_Driver/Src/stm32l4xx_hal_rcc.c.obj
 .debug_info    0x000101ba     0x157a CMakeFiles/PDM_STARTER_CODE.elf.dir/Drivers/STM32L4xx_HAL_Driver/Src/stm32l4xx_hal_rcc_ex.c.obj
 .debug_info    0x00011734     0x3ef5 CMakeFiles/PDM_STARTER_CODE.elf.dir/Drivers/STM32L4xx_HAL_Driver/Src/stm32l4xx_hal_tim.c.obj
 .debug_info    0x00015629     0x1d2b CMakeFiles/PDM_STARTER_CODE.elf.dir/Drivers/STM32L4xx_HAL_Driver/Src/stm32l4xx_hal_tim_ex.c.obj
 .debug_info    0x00017354     0x53b3 CMakeFiles/PDM_STARTER_CODE.elf.dir/Middlewares/Third_Party/FreeRTOS/Source/CMSIS_RTOS_V2/cmsis_os2.c.obj
 .debug_info    0x0001c707      0x2e0 CMakeFiles/PDM_STARTER_CODE.elf.dir/Middlewares/Third_Party/FreeRTOS/Source/list.c.obj
 .debug_info    0x0001c9e7      0x587 CMakeFiles/PDM_STARTER_CODE.elf.dir/Middlewares/Third_Party/FreeRTOS/Source/portable/GCC/ARM_CM4F/port.c.obj
 .debug_info    0x0001cf6e      0x5d9 CMakeFiles/PDM_STARTER_CODE.elf.dir/Middlewares/Third_Party/FreeRTOS/Source/portable/MemMang/heap_4.c.obj
 .debug_info    0x0001d547     0x2826 CMakeFiles/PDM_STARTER_CODE.elf.dir/Middlewares/Third_Party/FreeRTOS/Source/queue.c.obj
 .debug_info    0x0001fd6d     0x3a88 CMakeFiles/PDM_STARTER_CODE.elf.dir/Middlewares/Third_Party/FreeRTOS/Source/tasks.c.obj
 .debug_info    0x000237f5     0x233a CMakeFiles/PDM_STARTER_CODE.elf.dir/Middlewares/Third_Party/FreeRTOS/Source/timers.c.obj

.debug_abbrev   0x00000000     0x44f4
 .debug_abbrev  0x00000000      0x290 CMakeFiles/PDM_STARTER_CODE.elf.dir/Core/Src/adc.c.obj
 .debug_abbrev  0x00000290      0x1ed CMakeFiles/PDM_STARTER_CODE.elf.dir/Core/Src/can.c.obj
 .debug_abbrev  0x0000047d      0x1e7 CMakeFiles/PDM_STARTER_CODE.elf.dir/Core/Src/canhandler.c.obj
 .debug_abbrev  0x00000664      0x114 CMakeFiles/PDM_STARTER_CODE.elf.dir/Core/Src/dma.c.obj
 .debug_abbrev  0x00000778      0x171 CMakeFiles/PDM_STARTER_CODE.elf.dir/Core/Src/freertos.c.obj
 .debug_abbrev  0x000008e9      0x14e CMakeFiles/PDM_STARTER_CODE.elf.dir/Core/Src/gpio.c.obj
 .debug_abbrev  0x00000a37      0x204 CMakeFiles/PDM_STARTER_CODE.elf.dir/Core/Src/main.c.obj
 .debug_abbrev  0x00000c3b      0x107 CMakeFiles/PDM_STARTER_CODE.elf.dir/Core/Src/stm32l4xx_hal_msp.c.obj
 .debug_abbrev  0x00000d42      0x1ff CMakeFiles/PDM_STARTER_CODE.elf.dir/Core/Src/stm32l4xx_hal_timebase_tim.c.obj
 .debug_abbrev  0x00000f41      0x179 CMakeFiles/PDM_STARTER_CODE.elf.dir/Core/Src/stm32l4xx_it.c.obj
 .debug_abbrev  0x000010ba       0xe7 CMakeFiles/PDM_STARTER_CODE.elf.dir/Core/Src/sysmem.c.obj
 .debug_abbrev  0x000011a1      0x119 CMakeFiles/PDM_STARTER_CODE.elf.dir/Core/Src/system_stm32l4xx.c.obj
 .debug_abbrev  0x000012ba      0x1c5 CMakeFiles/PDM_STARTER_CODE.elf.dir/Core/Src/tim.c.obj
 .debug_abbrev  0x0000147f       0x12 CMakeFiles/PDM_STARTER_CODE.elf.dir/Core/Startup/startup_stm32l496zgtx.s.obj
 .debug_abbrev  0x00001491      0x22a CMakeFiles/PDM_STARTER_CODE.elf.dir/Drivers/STM32L4xx_HAL_Driver/Src/stm32l4xx_hal.c.obj
 .debug_abbrev  0x000016bb      0x2a4 CMakeFiles/PDM_STARTER_CODE.elf.dir/Drivers/STM32L4xx_HAL_Driver/Src/stm32l4xx_hal_adc.c.obj
 .debug_abbrev  0x0000195f      0x293 CMakeFiles/PDM_STARTER_CODE.elf.dir/Drivers/STM32L4xx_HAL_Driver/Src/stm32l4xx_hal_can.c.obj
 .debug_abbrev  0x00001bf2      0x36a CMakeFiles/PDM_STARTER_CODE.elf.dir/Drivers/STM32L4xx_HAL_Driver/Src/stm32l4xx_hal_cortex.c.obj
 .debug_abbrev  0x00001f5c      0x21a CMakeFiles/PDM_STARTER_CODE.elf.dir/Drivers/STM32L4xx_HAL_Driver/Src/stm32l4xx_hal_dma.c.obj
 .debug_abbrev  0x00002176      0x1e6 CMakeFiles/PDM_STARTER_CODE.elf.dir/Drivers/STM32L4xx_HAL_Driver/Src/stm32l4xx_hal_gpio.c.obj
 .debug_abbrev  0x0000235c      0x215 CMakeFiles/PDM_STARTER_CODE.elf.dir/Drivers/STM32L4xx_HAL_Driver/Src/stm32l4xx_hal_pwr_ex.c.obj
 .debug_abbrev  0x00002571      0x251 CMakeFiles/PDM_STARTER_CODE.elf.dir/Drivers/STM32L4xx_HAL_Driver/Src/stm32l4xx_hal_rcc.c.obj
 .debug_abbrev  0x000027c2      0x275 CMakeFiles/PDM_STARTER_CODE.elf.dir/Drivers/STM32L4xx_HAL_Driver/Src/stm32l4xx_hal_rcc_ex.c.obj
 .debug_abbrev  0x00002a37      0x232 CMakeFiles/PDM_STARTER_CODE.elf.dir/Drivers/STM32L4xx_HAL_Driver/Src/stm32l4xx_hal_tim.c.obj
 .debug_abbrev  0x00002c69      0x248 CMakeFiles/PDM_STARTER_CODE.elf.dir/Drivers/STM32L4xx_HAL_Driver/Src/stm32l4xx_hal_tim_ex.c.obj
 .debug_abbrev  0x00002eb1      0x59d CMakeFiles/PDM_STARTER_CODE.elf.dir/Middlewares/Third_Party/FreeRTOS/Source/CMSIS_RTOS_V2/cmsis_os2.c.obj
 .debug_abbrev  0x0000344e      0x106 CMakeFiles/PDM_STARTER_CODE.elf.dir/Middlewares/Third_Party/FreeRTOS/Source/list.c.obj
 .debug_abbrev  0x00003554      0x26b CMakeFiles/PDM_STARTER_CODE.elf.dir/Middlewares/Third_Party/FreeRTOS/Source/portable/GCC/ARM_CM4F/port.c.obj
 .debug_abbrev  0x000037bf      0x24b CMakeFiles/PDM_STARTER_CODE.elf.dir/Middlewares/Third_Party/FreeRTOS/Source/portable/MemMang/heap_4.c.obj
 .debug_abbrev  0x00003a0a      0x369 CMakeFiles/PDM_STARTER_CODE.elf.dir/Middlewares/Third_Party/FreeRTOS/Source/queue.c.obj
 .debug_abbrev  0x00003d73      0x401 CMakeFiles/PDM_STARTER_CODE.elf.dir/Middlewares/Third_Party/FreeRTOS/Source/tasks.c.obj
 .debug_abbrev  0x00004174      0x380 CMakeFiles/PDM_STARTER_CODE.elf.dir/Middlewares/Third_Party/FreeRTOS/Source/timers.c.obj

.debug_loc      0x00000000    0x1a5f4
 .debug_loc     0x00000000       0x9e CMakeFiles/PDM_STARTER_CODE.elf.dir/Core/Src/adc.c.obj
 .debug_loc     0x0000009e       0xcb CMakeFiles/PDM_STARTER_CODE.elf.dir/Core/Src/can.c.obj
 .debug_loc     0x00000169       0x4a CMakeFiles/PDM_STARTER_CODE.elf.dir/Core/Src/canhandler.c.obj
 .debug_loc     0x000001b3       0x4a CMakeFiles/PDM_STARTER_CODE.elf.dir/Core/Src/freertos.c.obj
 .debug_loc     0x000001fd       0x42 CMakeFiles/PDM_STARTER_CODE.elf.dir/Core/Src/main.c.obj
 .debug_loc     0x0000023f       0xe4 CMakeFiles/PDM_STARTER_CODE.elf.dir/Core/Src/stm32l4xx_hal_timebase_tim.c.obj
 .debug_loc     0x00000323       0x64 CMakeFiles/PDM_STARTER_CODE.elf.dir/Core/Src/sysmem.c.obj
 .debug_loc     0x00000387      0x127 CMakeFiles/PDM_STARTER_CODE.elf.dir/Core/Src/system_stm32l4xx.c.obj
 .debug_loc     0x000004ae      0x1ef CMakeFiles/PDM_STARTER_CODE.elf.dir/Drivers/STM32L4xx_HAL_Driver/Src/stm32l4xx_hal.c.obj
 .debug_loc     0x0000069d     0x286a CMakeFiles/PDM_STARTER_CODE.elf.dir/Drivers/STM32L4xx_HAL_Driver/Src/stm32l4xx_hal_adc.c.obj
 .debug_loc     0x00002f07      0xde9 CMakeFiles/PDM_STARTER_CODE.elf.dir/Drivers/STM32L4xx_HAL_Driver/Src/stm32l4xx_hal_can.c.obj
 .debug_loc     0x00003cf0      0x744 CMakeFiles/PDM_STARTER_CODE.elf.dir/Drivers/STM32L4xx_HAL_Driver/Src/stm32l4xx_hal_cortex.c.obj
 .debug_loc     0x00004434      0x7ee CMakeFiles/PDM_STARTER_CODE.elf.dir/Drivers/STM32L4xx_HAL_Driver/Src/stm32l4xx_hal_dma.c.obj
 .debug_loc     0x00004c22      0x3b3 CMakeFiles/PDM_STARTER_CODE.elf.dir/Drivers/STM32L4xx_HAL_Driver/Src/stm32l4xx_hal_gpio.c.obj
 .debug_loc     0x00004fd5      0xbee CMakeFiles/PDM_STARTER_CODE.elf.dir/Drivers/STM32L4xx_HAL_Driver/Src/stm32l4xx_hal_pwr_ex.c.obj
 .debug_loc     0x00005bc3      0x850 CMakeFiles/PDM_STARTER_CODE.elf.dir/Drivers/STM32L4xx_HAL_Driver/Src/stm32l4xx_hal_rcc.c.obj
 .debug_loc     0x00006413     0x1e59 CMakeFiles/PDM_STARTER_CODE.elf.dir/Drivers/STM32L4xx_HAL_Driver/Src/stm32l4xx_hal_rcc_ex.c.obj
 .debug_loc     0x0000826c     0x55ad CMakeFiles/PDM_STARTER_CODE.elf.dir/Drivers/STM32L4xx_HAL_Driver/Src/stm32l4xx_hal_tim.c.obj
 .debug_loc     0x0000d819     0x241c CMakeFiles/PDM_STARTER_CODE.elf.dir/Drivers/STM32L4xx_HAL_Driver/Src/stm32l4xx_hal_tim_ex.c.obj
 .debug_loc     0x0000fc35     0x5184 CMakeFiles/PDM_STARTER_CODE.elf.dir/Middlewares/Third_Party/FreeRTOS/Source/CMSIS_RTOS_V2/cmsis_os2.c.obj
 .debug_loc     0x00014db9       0xad CMakeFiles/PDM_STARTER_CODE.elf.dir/Middlewares/Third_Party/FreeRTOS/Source/list.c.obj
 .debug_loc     0x00014e66      0x124 CMakeFiles/PDM_STARTER_CODE.elf.dir/Middlewares/Third_Party/FreeRTOS/Source/portable/GCC/ARM_CM4F/port.c.obj
 .debug_loc     0x00014f8a      0x434 CMakeFiles/PDM_STARTER_CODE.elf.dir/Middlewares/Third_Party/FreeRTOS/Source/portable/MemMang/heap_4.c.obj
 .debug_loc     0x000153be     0x1ae8 CMakeFiles/PDM_STARTER_CODE.elf.dir/Middlewares/Third_Party/FreeRTOS/Source/queue.c.obj
 .debug_loc     0x00016ea6     0x25f8 CMakeFiles/PDM_STARTER_CODE.elf.dir/Middlewares/Third_Party/FreeRTOS/Source/tasks.c.obj
 .debug_loc     0x0001949e     0x1156 CMakeFiles/PDM_STARTER_CODE.elf.dir/Middlewares/Third_Party/FreeRTOS/Source/timers.c.obj

.debug_aranges  0x00000000     0x17c8
 .debug_aranges
                0x00000000       0x48 CMakeFiles/PDM_STARTER_CODE.elf.dir/Core/Src/adc.c.obj
 .debug_aranges
                0x00000048       0x38 CMakeFiles/PDM_STARTER_CODE.elf.dir/Core/Src/can.c.obj
 .debug_aranges
                0x00000080       0x28 CMakeFiles/PDM_STARTER_CODE.elf.dir/Core/Src/canhandler.c.obj
 .debug_aranges
                0x000000a8       0x20 CMakeFiles/PDM_STARTER_CODE.elf.dir/Core/Src/dma.c.obj
 .debug_aranges
                0x000000c8       0x30 CMakeFiles/PDM_STARTER_CODE.elf.dir/Core/Src/freertos.c.obj
 .debug_aranges
                0x000000f8       0x20 CMakeFiles/PDM_STARTER_CODE.elf.dir/Core/Src/gpio.c.obj
 .debug_aranges
                0x00000118       0x38 CMakeFiles/PDM_STARTER_CODE.elf.dir/Core/Src/main.c.obj
 .debug_aranges
                0x00000150       0x20 CMakeFiles/PDM_STARTER_CODE.elf.dir/Core/Src/stm32l4xx_hal_msp.c.obj
 .debug_aranges
                0x00000170       0x30 CMakeFiles/PDM_STARTER_CODE.elf.dir/Core/Src/stm32l4xx_hal_timebase_tim.c.obj
 .debug_aranges
                0x000001a0       0x58 CMakeFiles/PDM_STARTER_CODE.elf.dir/Core/Src/stm32l4xx_it.c.obj
 .debug_aranges
                0x000001f8       0x20 CMakeFiles/PDM_STARTER_CODE.elf.dir/Core/Src/sysmem.c.obj
 .debug_aranges
                0x00000218       0x28 CMakeFiles/PDM_STARTER_CODE.elf.dir/Core/Src/system_stm32l4xx.c.obj
 .debug_aranges
                0x00000240       0x30 CMakeFiles/PDM_STARTER_CODE.elf.dir/Core/Src/tim.c.obj
 .debug_aranges
                0x00000270       0x28 CMakeFiles/PDM_STARTER_CODE.elf.dir/Core/Startup/startup_stm32l496zgtx.s.obj
 .debug_aranges
                0x00000298      0x130 CMakeFiles/PDM_STARTER_CODE.elf.dir/Drivers/STM32L4xx_HAL_Driver/Src/stm32l4xx_hal.c.obj
 .debug_aranges
                0x000003c8       0xf8 CMakeFiles/PDM_STARTER_CODE.elf.dir/Drivers/STM32L4xx_HAL_Driver/Src/stm32l4xx_hal_adc.c.obj
 .debug_aranges
                0x000004c0      0x138 CMakeFiles/PDM_STARTER_CODE.elf.dir/Drivers/STM32L4xx_HAL_Driver/Src/stm32l4xx_hal_can.c.obj
 .debug_aranges
                0x000005f8       0xa8 CMakeFiles/PDM_STARTER_CODE.elf.dir/Drivers/STM32L4xx_HAL_Driver/Src/stm32l4xx_hal_cortex.c.obj
 .debug_aranges